Archive member included to satisfy reference by file (symbol)

c:/nxp/mcuxpressoide_10.2.1_795/ide/tools/bin/../lib/gcc/arm-none-eabi/7.2.1/../../../../arm-none-eabi/lib/thumb/v7e-m/fpv4-sp/hard\libcr_semihost_nf.a(_cr__main.o)
                              ./startup/startup_mk64f12.o (__main)
c:/nxp/mcuxpressoide_10.2.1_795/ide/tools/bin/../lib/gcc/arm-none-eabi/7.2.1/../../../../arm-none-eabi/lib/thumb/v7e-m/fpv4-sp/hard\libcr_semihost_nf.a(_cr_assert.o)
                              ./utilities/fsl_debug_console.o (__assertion_failed)
c:/nxp/mcuxpressoide_10.2.1_795/ide/tools/bin/../lib/gcc/arm-none-eabi/7.2.1/../../../../arm-none-eabi/lib/thumb/v7e-m/fpv4-sp/hard\libcr_semihost_nf.a(__ciob.o)
                              c:/nxp/mcuxpressoide_10.2.1_795/ide/tools/bin/../lib/gcc/arm-none-eabi/7.2.1/../../../../arm-none-eabi/lib/thumb/v7e-m/fpv4-sp/hard\libcr_semihost_nf.a(_cr_assert.o) (__Ciob)
c:/nxp/mcuxpressoide_10.2.1_795/ide/tools/bin/../lib/gcc/arm-none-eabi/7.2.1/../../../../arm-none-eabi/lib/thumb/v7e-m/fpv4-sp/hard\libcr_semihost_nf.a(__sys_appexit.o)
                              c:/nxp/mcuxpressoide_10.2.1_795/ide/tools/bin/../lib/gcc/arm-none-eabi/7.2.1/../../../../arm-none-eabi/lib/thumb/v7e-m/fpv4-sp/hard\libcr_semihost_nf.a(_cr_assert.o) (__sys_appexit)
c:/nxp/mcuxpressoide_10.2.1_795/ide/tools/bin/../lib/gcc/arm-none-eabi/7.2.1/../../../../arm-none-eabi/lib/thumb/v7e-m/fpv4-sp/hard\libcr_c.a(memcpy.o)
                              ./drivers/fsl_ftfx_cache.o (memcpy)
c:/nxp/mcuxpressoide_10.2.1_795/ide/tools/bin/../lib/gcc/arm-none-eabi/7.2.1/../../../../arm-none-eabi/lib/thumb/v7e-m/fpv4-sp/hard\libcr_c.a(memset.o)
                              ./drivers/fsl_dspi.o (memset)
c:/nxp/mcuxpressoide_10.2.1_795/ide/tools/bin/../lib/gcc/arm-none-eabi/7.2.1/../../../../arm-none-eabi/lib/thumb/v7e-m/fpv4-sp/hard\libcr_c.a(_deferredlazyseek.o)
                              c:/nxp/mcuxpressoide_10.2.1_795/ide/tools/bin/../lib/gcc/arm-none-eabi/7.2.1/../../../../arm-none-eabi/lib/thumb/v7e-m/fpv4-sp/hard\libcr_semihost_nf.a(_cr_assert.o) (__flsbuf)
c:/nxp/mcuxpressoide_10.2.1_795/ide/tools/bin/../lib/gcc/arm-none-eabi/7.2.1/../../../../arm-none-eabi/lib/thumb/v7e-m/fpv4-sp/hard\libcr_c.a(_fflush.o)
                              c:/nxp/mcuxpressoide_10.2.1_795/ide/tools/bin/../lib/gcc/arm-none-eabi/7.2.1/../../../../arm-none-eabi/lib/thumb/v7e-m/fpv4-sp/hard\libcr_c.a(_deferredlazyseek.o) (_fflush)
c:/nxp/mcuxpressoide_10.2.1_795/ide/tools/bin/../lib/gcc/arm-none-eabi/7.2.1/../../../../arm-none-eabi/lib/thumb/v7e-m/fpv4-sp/hard\libcr_c.a(_writebuf.o)
                              c:/nxp/mcuxpressoide_10.2.1_795/ide/tools/bin/../lib/gcc/arm-none-eabi/7.2.1/../../../../arm-none-eabi/lib/thumb/v7e-m/fpv4-sp/hard\libcr_c.a(_deferredlazyseek.o) (_Cwritebuf)
c:/nxp/mcuxpressoide_10.2.1_795/ide/tools/bin/../lib/gcc/arm-none-eabi/7.2.1/../../../../arm-none-eabi/lib/thumb/v7e-m/fpv4-sp/hard\libcr_c.a(alloc.o)
                              ./drivers/fsl_common.o (malloc)
c:/nxp/mcuxpressoide_10.2.1_795/ide/tools/bin/../lib/gcc/arm-none-eabi/7.2.1/../../../../arm-none-eabi/lib/thumb/v7e-m/fpv4-sp/hard\libcr_c.a(fputs.o)
                              c:/nxp/mcuxpressoide_10.2.1_795/ide/tools/bin/../lib/gcc/arm-none-eabi/7.2.1/../../../../arm-none-eabi/lib/thumb/v7e-m/fpv4-sp/hard\libcr_semihost_nf.a(_cr_assert.o) (fputs)
c:/nxp/mcuxpressoide_10.2.1_795/ide/tools/bin/../lib/gcc/arm-none-eabi/7.2.1/../../../../arm-none-eabi/lib/thumb/v7e-m/fpv4-sp/hard\libcr_c.a(fseek.o)
                              c:/nxp/mcuxpressoide_10.2.1_795/ide/tools/bin/../lib/gcc/arm-none-eabi/7.2.1/../../../../arm-none-eabi/lib/thumb/v7e-m/fpv4-sp/hard\libcr_c.a(_deferredlazyseek.o) (fseek)
c:/nxp/mcuxpressoide_10.2.1_795/ide/tools/bin/../lib/gcc/arm-none-eabi/7.2.1/../../../../arm-none-eabi/lib/thumb/v7e-m/fpv4-sp/hard\libcr_c.a(ftell.o)
                              c:/nxp/mcuxpressoide_10.2.1_795/ide/tools/bin/../lib/gcc/arm-none-eabi/7.2.1/../../../../arm-none-eabi/lib/thumb/v7e-m/fpv4-sp/hard\libcr_c.a(fseek.o) (ftell)
c:/nxp/mcuxpressoide_10.2.1_795/ide/tools/bin/../lib/gcc/arm-none-eabi/7.2.1/../../../../arm-none-eabi/lib/thumb/v7e-m/fpv4-sp/hard\libcr_c.a(initio.o)
                              c:/nxp/mcuxpressoide_10.2.1_795/ide/tools/bin/../lib/gcc/arm-none-eabi/7.2.1/../../../../arm-none-eabi/lib/thumb/v7e-m/fpv4-sp/hard\libcr_semihost_nf.a(_cr__main.o) (_initio)
c:/nxp/mcuxpressoide_10.2.1_795/ide/tools/bin/../lib/gcc/arm-none-eabi/7.2.1/../../../../arm-none-eabi/lib/thumb/v7e-m/fpv4-sp/hard\libcr_c.a(setvbuf.o)
                              c:/nxp/mcuxpressoide_10.2.1_795/ide/tools/bin/../lib/gcc/arm-none-eabi/7.2.1/../../../../arm-none-eabi/lib/thumb/v7e-m/fpv4-sp/hard\libcr_c.a(initio.o) (setvbuf)
c:/nxp/mcuxpressoide_10.2.1_795/ide/tools/bin/../lib/gcc/arm-none-eabi/7.2.1/../../../../arm-none-eabi/lib/thumb/v7e-m/fpv4-sp/hard\libcr_c.a(strlen.o)
                              ./utilities/fsl_str.o (strlen)
[...]
Memory Configuration

Name             Origin             Length             Attributes
PROGRAM_FLASH    0x00000000         0x00100000         xr
SRAM_UPPER       0x20000000         0x00030000         xrw
SRAM_LOWER       0x1fff0000         0x00010000         xrw
FLEX_RAM         0x14000000         0x00001000         xrw
*default*        0x00000000         0xffffffff

Linker script and memory map

LOAD ./utilities/fsl_debug_console.o
LOAD ./utilities/fsl_io.o
LOAD ./utilities/fsl_log.o
LOAD ./utilities/fsl_str.o
LOAD ./startup/startup_mk64f12.o
LOAD ./source/LEDs_and_SWs.o
LOAD ./source/main.o
LOAD ./source/semihost_hardfault.o
LOAD ./drivers/fsl_adc16.o
LOAD ./drivers/fsl_clock.o
LOAD ./drivers/fsl_common.o
LOAD ./drivers/fsl_dspi.o
LOAD ./drivers/fsl_ftfx_cache.o
LOAD ./drivers/fsl_ftfx_controller.o
LOAD ./drivers/fsl_ftfx_flash.o
LOAD ./drivers/fsl_ftfx_flexnvm.o
LOAD ./drivers/fsl_gpio.o
LOAD ./drivers/fsl_i2c.o
LOAD ./drivers/fsl_rtc.o
LOAD ./drivers/fsl_smc.o
LOAD ./drivers/fsl_uart.o
LOAD ./board/board.o
LOAD ./board/clock_config.o
LOAD ./board/peripherals.o
LOAD ./board/pin_mux.o
LOAD ./CMSIS/system_MK64F12.o
START GROUP
LOAD c:/nxp/mcuxpressoide_10.2.1_795/ide/tools/bin/../lib/gcc/arm-none-eabi/7.2.1/../../../../arm-none-eabi/lib/thumb/v7e-m/fpv4-sp/hard\libcr_semihost_nf.a
LOAD c:/nxp/mcuxpressoide_10.2.1_795/ide/tools/bin/../lib/gcc/arm-none-eabi/7.2.1/../../../../arm-none-eabi/lib/thumb/v7e-m/fpv4-sp/hard\libcr_c.a
LOAD c:/nxp/mcuxpressoide_10.2.1_795/ide/tools/bin/../lib/gcc/arm-none-eabi/7.2.1/thumb/v7e-m/fpv4-sp/hard\libcr_eabihelpers.a
END GROUP
                0x00000000                __base_PROGRAM_FLASH = 0x0
                0x00000000                __base_Flash = 0x0
                0x00100000                __top_PROGRAM_FLASH = 0x100000
                0x00100000                __top_Flash = 0x100000
                0x20000000                __base_SRAM_UPPER = 0x20000000
                0x20000000                __base_RAM = 0x20000000
                0x20030000                __top_SRAM_UPPER = 0x20030000
                0x20030000                __top_RAM = 0x20030000
                0x1fff0000                __base_SRAM_LOWER = 0x1fff0000
                0x1fff0000                __base_RAM2 = 0x1fff0000
                0x20000000                __top_SRAM_LOWER = 0x20000000
                0x20000000                __top_RAM2 = 0x20000000
                0x14000000                __base_FLEX_RAM = 0x14000000
                0x14000000                __base_RAM3 = 0x14000000
                0x14001000                __top_FLEX_RAM = 0x14001000
                0x14001000                __top_RAM3 = 0x14001000

.text           0x00000000     0x1d58
 FILL mask 0xff
                0x00000000                __vectors_start__ = ABSOLUTE (.)
 *(SORT_BY_ALIGNMENT(.isr_vector))
 .isr_vector    0x00000000      0x198 ./startup/startup_mk64f12.o
                0x00000000                g_pfnVectors
                0x00000000                __Vectors
                0x00000198                . = ALIGN (0x4)
                0x00000198                __section_table_start = .
                0x00000198                __data_section_table = .
                0x00000198        0x4 LONG 0x1d58 LOADADDR (.data)
                0x0000019c        0x4 LONG 0x20000000 ADDR (.data)
                0x000001a0        0x4 LONG 0x0 SIZEOF (.data)
                0x000001a4        0x4 LONG 0x1d58 LOADADDR (.data_RAM2)
                0x000001a8        0x4 LONG 0x1fff0000 ADDR (.data_RAM2)
                0x000001ac        0x4 LONG 0x0 SIZEOF (.data_RAM2)
                0x000001b0        0x4 LONG 0x1d58 LOADADDR (.data_RAM3)
                0x000001b4        0x4 LONG 0x14000000 ADDR (.data_RAM3)
                0x000001b8        0x4 LONG 0x0 SIZEOF (.data_RAM3)
                0x000001bc                __data_section_table_end = .
                0x000001bc                __bss_section_table = .
                0x000001bc        0x4 LONG 0x20000000 ADDR (.bss)
                0x000001c0        0x4 LONG 0x108 SIZEOF (.bss)
                0x000001c4        0x4 LONG 0x1fff0000 ADDR (.bss_RAM2)
                0x000001c8        0x4 LONG 0x0 SIZEOF (.bss_RAM2)
                0x000001cc        0x4 LONG 0x14000000 ADDR (.bss_RAM3)
                0x000001d0        0x4 LONG 0x0 SIZEOF (.bss_RAM3)
                0x000001d4                __bss_section_table_end = .
                0x000001d4                __section_table_end = .
 *(SORT_BY_ALIGNMENT(.after_vectors*))
 .after_vectors.reset
                0x000001d4       0x4c ./startup/startup_mk64f12.o
                0x000001d4                ResetISR
 .after_vectors.init_data
                0x00000220       0x1e ./startup/startup_mk64f12.o
                0x00000220                data_init
 .after_vectors.init_bss
                0x0000023e       0x12 ./startup/startup_mk64f12.o
                0x0000023e                bss_init
 .after_vectors
                0x00000250       0x14 ./startup/startup_mk64f12.o
                0x00000250                NMI_Handler
                0x00000254                MemManage_Handler
                0x00000256                BusFault_Handler
                0x00000258                UsageFault_Handler
                0x0000025a                SVC_Handler
                0x0000025c                DebugMon_Handler
                0x0000025e                PendSV_Handler
                0x00000260                SysTick_Handler
                0x00000262                DMA_Error_DriverIRQHandler
                0x00000262                FTM1_DriverIRQHandler
                0x00000262                FTM2_DriverIRQHandler
                0x00000262                PIT2_DriverIRQHandler
                0x00000262                SDHC_DriverIRQHandler
                0x00000262                I2S0_Tx_DriverIRQHandler
                0x00000262                RTC_Seconds_DriverIRQHandler
                0x00000262                DMA6_DriverIRQHandler
                0x00000262                LLWU_DriverIRQHandler
                0x00000262                MCM_DriverIRQHandler
                0x00000262                MCG_DriverIRQHandler
                0x00000262                ENET_1588_Timer_DriverIRQHandler
                0x00000262                DAC1_DriverIRQHandler
                0x00000262                LPTMR0_DriverIRQHandler
                0x00000262                CMP1_DriverIRQHandler
                0x00000262                FTM0_DriverIRQHandler
                0x00000262                IntDefaultHandler
                0x00000262                USB0_DriverIRQHandler
                0x00000262                UART5_ERR_DriverIRQHandler
                0x00000262                PORTC_DriverIRQHandler
                0x00000262                DMA11_DriverIRQHandler
                0x00000262                DAC0_DriverIRQHandler
                0x00000262                DMA10_DriverIRQHandler
                0x00000262                CMP2_DriverIRQHandler
                0x00000262                UART2_ERR_DriverIRQHandler
                0x00000262                LVD_LVW_DriverIRQHandler
                0x00000262                PIT0_DriverIRQHandler
                0x00000262                DMA12_DriverIRQHandler
                0x00000262                DMA5_DriverIRQHandler
                0x00000262                DMA4_DriverIRQHandler
                0x00000262                USBDCD_DriverIRQHandler
                0x00000262                UART3_ERR_DriverIRQHandler
                0x00000262                DMA3_DriverIRQHandler
                0x00000262                DMA8_DriverIRQHandler
                0x00000262                DMA9_DriverIRQHandler
                0x00000262                UART0_ERR_DriverIRQHandler
                0x00000262                CMT_DriverIRQHandler
                0x00000262                Reserved71_DriverIRQHandler
                0x00000262                ADC1_DriverIRQHandler
                0x00000262                PORTA_DriverIRQHandler
                0x00000262                DMA14_DriverIRQHandler
                0x00000262                PIT3_DriverIRQHandler
                0x00000262                PIT1_DriverIRQHandler
                0x00000262                WDOG_EWM_DriverIRQHandler
                0x00000262                PDB0_DriverIRQHandler
                0x00000262                RTC_DriverIRQHandler
                0x00000262                I2S0_Rx_DriverIRQHandler
                0x00000262                Read_Collision_DriverIRQHandler
                0x00000262                SWI_DriverIRQHandler
                0x00000262                UART4_ERR_DriverIRQHandler
                0x00000262                PORTB_DriverIRQHandler
                0x00000262                UART0_LON_DriverIRQHandler
                0x00000262                DMA0_DriverIRQHandler
                0x00000262                DMA1_DriverIRQHandler
                0x00000262                ENET_Receive_DriverIRQHandler
                0x00000262                DMA13_DriverIRQHandler
                0x00000262                ENET_Error_DriverIRQHandler
                0x00000262                DMA15_DriverIRQHandler
                0x00000262                ADC0_DriverIRQHandler
                0x00000262                CMP0_DriverIRQHandler
                0x00000262                CAN0_DriverIRQHandler
                0x00000262                FTM3_DriverIRQHandler
                0x00000262                RNG_DriverIRQHandler
                0x00000262                UART1_ERR_DriverIRQHandler
                0x00000262                DMA2_DriverIRQHandler
                0x00000262                ENET_Transmit_DriverIRQHandler
                0x00000262                PORTD_DriverIRQHandler
                0x00000262                PORTE_DriverIRQHandler
                0x00000262                FTFE_DriverIRQHandler
                0x00000262                DMA7_DriverIRQHandler
                0x00000400                . = 0x400
 *fill*         0x00000264      0x19c ff
                0x00000400                PROVIDE (__FLASH_CONFIG_START__, .)
 *(SORT_BY_ALIGNMENT(.FlashConfig))
 .FlashConfig   0x00000400       0x10 ./startup/startup_mk64f12.o
                0x00000400                Flash_Config
                0x00000410                PROVIDE (__FLASH_CONFIG_END__, .)
                0x00000001                ASSERT (! ((__FLASH_CONFIG_START__ == __FLASH_CONFIG_END__)), Linker Flash Config Support Enabled, but no .FlashConfig section provided within application)
 *(SORT_BY_ALIGNMENT(.text*))
 .text.Led_green_on_off
                0x00000410       0x34 ./source/LEDs_and_SWs.o
                0x00000410                Led_green_on_off
 .text.Led_red_on_off
                0x00000444       0x34 ./source/LEDs_and_SWs.o
                0x00000444                Led_red_on_off
 .text.Led_blue_on_off
                0x00000478       0x34 ./source/LEDs_and_SWs.o
                0x00000478                Led_blue_on_off
 .text.SW_read_pin
                0x000004ac       0x3c ./source/LEDs_and_SWs.o
                0x000004ac                SW_read_pin
 .text.DSPI_CommonIRQHandler
                0x000004e8       0x40 ./drivers/fsl_dspi.o
 .text.SPI0_DriverIRQHandler
                0x00000528       0x30 ./drivers/fsl_dspi.o
                0x00000528                SPI0_DriverIRQHandler
 .text.SPI1_DriverIRQHandler
                0x00000558       0x30 ./drivers/fsl_dspi.o
                0x00000558                SPI1_DriverIRQHandler
 .text.SPI2_DriverIRQHandler
                0x00000588       0x30 ./drivers/fsl_dspi.o
                0x00000588                SPI2_DriverIRQHandler
 .text.GPIO_PinInit
                0x000005b8       0x64 ./drivers/fsl_gpio.o
                0x000005b8                GPIO_PinInit
 .text.I2C_TransferCommonIRQHandler
                0x0000061c       0x50 ./drivers/fsl_i2c.o
 .text.I2C0_DriverIRQHandler
                0x0000066c       0x1c ./drivers/fsl_i2c.o
                0x0000066c                I2C0_DriverIRQHandler
 .text.I2C1_DriverIRQHandler
                0x00000688       0x1c ./drivers/fsl_i2c.o
                0x00000688                I2C1_DriverIRQHandler
 .text.I2C2_DriverIRQHandler
                0x000006a4       0x1c ./drivers/fsl_i2c.o
                0x000006a4                I2C2_DriverIRQHandler
 .text.UART0_DriverIRQHandler
                0x000006c0       0x28 ./drivers/fsl_uart.o
                0x000006c0                UART0_DriverIRQHandler
 .text.UART1_DriverIRQHandler
                0x000006e8       0x28 ./drivers/fsl_uart.o
                0x000006e8                UART1_DriverIRQHandler
 .text.UART2_DriverIRQHandler
                0x00000710       0x28 ./drivers/fsl_uart.o
                0x00000710                UART2_DriverIRQHandler
 .text.UART3_DriverIRQHandler
                0x00000738       0x28 ./drivers/fsl_uart.o
                0x00000738                UART3_DriverIRQHandler
 .text.UART4_DriverIRQHandler
                0x00000760       0x28 ./drivers/fsl_uart.o
                0x00000760                UART4_DriverIRQHandler
 .text.UART5_DriverIRQHandler
                0x00000788       0x28 ./drivers/fsl_uart.o
                0x00000788                UART5_DriverIRQHandler
 .text.PORT_SetPinConfig
                0x000007b0       0x38 ./board/pin_mux.o
 .text.BOARD_InitButtons
                0x000007e8       0x9c ./board/pin_mux.o
                0x000007e8                BOARD_InitButtons
 .text.BOARD_InitLEDs
                0x00000884       0xdc ./board/pin_mux.o
                0x00000884                BOARD_InitLEDs
 .text.BOARD_InitDEBUG_UART
                0x00000960       0x6c ./board/pin_mux.o
                0x00000960                BOARD_InitDEBUG_UART
 .text.SystemInit
                0x000009cc       0x3c ./CMSIS/system_MK64F12.o
                0x000009cc                SystemInit
 .text.__assertion_failed
                0x00000a08       0x4c c:/nxp/mcuxpressoide_10.2.1_795/ide/tools/bin/../lib/gcc/arm-none-eabi/7.2.1/../../../../arm-none-eabi/lib/thumb/v7e-m/fpv4-sp/hard\libcr_semihost_nf.a(_cr_assert.o)
                0x00000a08                __assertion_failed
 .text.__sys_appexit
                0x00000a54        0xc c:/nxp/mcuxpressoide_10.2.1_795/ide/tools/bin/../lib/gcc/arm-none-eabi/7.2.1/../../../../arm-none-eabi/lib/thumb/v7e-m/fpv4-sp/hard\libcr_semihost_nf.a(__sys_appexit.o)
                0x00000a54                __sys_appexit
                0x00000a54                __exit
 .text._Cwritebuf
                0x00000a60       0x6c c:/nxp/mcuxpressoide_10.2.1_795/ide/tools/bin/../lib/gcc/arm-none-eabi/7.2.1/../../../../arm-none-eabi/lib/thumb/v7e-m/fpv4-sp/hard\libcr_c.a(_writebuf.o)
                0x00000a60                _Cwritebuf
 .text.malloc   0x00000acc       0xc8 c:/nxp/mcuxpressoide_10.2.1_795/ide/tools/bin/../lib/gcc/arm-none-eabi/7.2.1/../../../../arm-none-eabi/lib/thumb/v7e-m/fpv4-sp/hard\libcr_c.a(alloc.o)
                0x00000acc                malloc
 .text._Csys_alloc
                0x00000b94       0x20 c:/nxp/mcuxpressoide_10.2.1_795/ide/tools/bin/../lib/gcc/arm-none-eabi/7.2.1/../../../../arm-none-eabi/lib/thumb/v7e-m/fpv4-sp/hard\libcr_c.a(alloc.o)
                0x00000b94                _Csys_alloc
 .text.fseek    0x00000bb4      0x100 c:/nxp/mcuxpressoide_10.2.1_795/ide/tools/bin/../lib/gcc/arm-none-eabi/7.2.1/../../../../arm-none-eabi/lib/thumb/v7e-m/fpv4-sp/hard\libcr_c.a(fseek.o)
                0x00000bb4                fseek
 .text.ftell    0x00000cb4       0x44 c:/nxp/mcuxpressoide_10.2.1_795/ide/tools/bin/../lib/gcc/arm-none-eabi/7.2.1/../../../../arm-none-eabi/lib/thumb/v7e-m/fpv4-sp/hard\libcr_c.a(ftell.o)
                0x00000cb4                ftell
 .text._initio  0x00000cf8       0x78 c:/nxp/mcuxpressoide_10.2.1_795/ide/tools/bin/../lib/gcc/arm-none-eabi/7.2.1/../../../../arm-none-eabi/lib/thumb/v7e-m/fpv4-sp/hard\libcr_c.a(initio.o)
                0x00000cf8                _initio
 .text.setvbuf  0x00000d70       0x40 c:/nxp/mcuxpressoide_10.2.1_795/ide/tools/bin/../lib/gcc/arm-none-eabi/7.2.1/../../../../arm-none-eabi/lib/thumb/v7e-m/fpv4-sp/hard\libcr_c.a(setvbuf.o)
                0x00000d70                setvbuf
 .text._sbrk    0x00000db0       0x3c c:/nxp/mcuxpressoide_10.2.1_795/ide/tools/bin/../lib/gcc/arm-none-eabi/7.2.1/../../../../arm-none-eabi/lib/thumb/v7e-m/fpv4-sp/hard\libcr_c.a(_cr_sbrk.o)
                0x00000db0                _sbrk
 .text.fflush   0x00000dec       0x44 c:/nxp/mcuxpressoide_10.2.1_795/ide/tools/bin/../lib/gcc/arm-none-eabi/7.2.1/../../../../arm-none-eabi/lib/thumb/v7e-m/fpv4-sp/hard\libcr_c.a(fflush.o)
                0x00000dec                fflush
 .text.__check_heap_overflow
                0x00000e30       0x18 c:/nxp/mcuxpressoide_10.2.1_795/ide/tools/bin/../lib/gcc/arm-none-eabi/7.2.1/../../../../arm-none-eabi/lib/thumb/v7e-m/fpv4-sp/hard\libcr_c.a(_cr_check_heap.o)
                0x00000e30                __check_heap_overflow
 .text.DMA0_IRQHandler
                0x00000e48        0x8 ./startup/startup_mk64f12.o
                0x00000e48                DMA0_IRQHandler
 .text.DMA1_IRQHandler
                0x00000e50        0x8 ./startup/startup_mk64f12.o
                0x00000e50                DMA1_IRQHandler
 .text.DMA2_IRQHandler
                0x00000e58        0x8 ./startup/startup_mk64f12.o
                0x00000e58                DMA2_IRQHandler
 .text.DMA3_IRQHandler
                0x00000e60        0x8 ./startup/startup_mk64f12.o
                0x00000e60                DMA3_IRQHandler
 .text.DMA4_IRQHandler
                0x00000e68        0x8 ./startup/startup_mk64f12.o
                0x00000e68                DMA4_IRQHandler
 .text.DMA5_IRQHandler
                0x00000e70        0x8 ./startup/startup_mk64f12.o
                0x00000e70                DMA5_IRQHandler
 .text.DMA6_IRQHandler
                0x00000e78        0x8 ./startup/startup_mk64f12.o
                0x00000e78                DMA6_IRQHandler
 .text.DMA7_IRQHandler
                0x00000e80        0x8 ./startup/startup_mk64f12.o
                0x00000e80                DMA7_IRQHandler
 .text.DMA8_IRQHandler
                0x00000e88        0x8 ./startup/startup_mk64f12.o
                0x00000e88                DMA8_IRQHandler
 .text.DMA9_IRQHandler
                0x00000e90        0x8 ./startup/startup_mk64f12.o
                0x00000e90                DMA9_IRQHandler
 .text.DMA10_IRQHandler
                0x00000e98        0x8 ./startup/startup_mk64f12.o
                0x00000e98                DMA10_IRQHandler
 .text.DMA11_IRQHandler
                0x00000ea0        0x8 ./startup/startup_mk64f12.o
                0x00000ea0                DMA11_IRQHandler
 .text.DMA12_IRQHandler
                0x00000ea8        0x8 ./startup/startup_mk64f12.o
                0x00000ea8                DMA12_IRQHandler
 .text.DMA13_IRQHandler
                0x00000eb0        0x8 ./startup/startup_mk64f12.o
                0x00000eb0                DMA13_IRQHandler
 .text.DMA14_IRQHandler
                0x00000eb8        0x8 ./startup/startup_mk64f12.o
                0x00000eb8                DMA14_IRQHandler
 .text.DMA15_IRQHandler
                0x00000ec0        0x8 ./startup/startup_mk64f12.o
                0x00000ec0                DMA15_IRQHandler
 .text.DMA_Error_IRQHandler
                0x00000ec8        0x8 ./startup/startup_mk64f12.o
                0x00000ec8                DMA_Error_IRQHandler
 .text.MCM_IRQHandler
                0x00000ed0        0x8 ./startup/startup_mk64f12.o
                0x00000ed0                MCM_IRQHandler
 .text.FTFE_IRQHandler
                0x00000ed8        0x8 ./startup/startup_mk64f12.o
                0x00000ed8                FTFE_IRQHandler
 .text.Read_Collision_IRQHandler
                0x00000ee0        0x8 ./startup/startup_mk64f12.o
                0x00000ee0                Read_Collision_IRQHandler
 .text.LVD_LVW_IRQHandler
                0x00000ee8        0x8 ./startup/startup_mk64f12.o
                0x00000ee8                LVD_LVW_IRQHandler
 .text.LLWU_IRQHandler
                0x00000ef0        0x8 ./startup/startup_mk64f12.o
                0x00000ef0                LLWU_IRQHandler
 .text.WDOG_EWM_IRQHandler
                0x00000ef8        0x8 ./startup/startup_mk64f12.o
                0x00000ef8                WDOG_EWM_IRQHandler
 .text.RNG_IRQHandler
                0x00000f00        0x8 ./startup/startup_mk64f12.o
                0x00000f00                RNG_IRQHandler
 .text.I2C0_IRQHandler
                0x00000f08        0x8 ./startup/startup_mk64f12.o
                0x00000f08                I2C0_IRQHandler
 .text.I2C1_IRQHandler
                0x00000f10        0x8 ./startup/startup_mk64f12.o
                0x00000f10                I2C1_IRQHandler
 .text.SPI0_IRQHandler
                0x00000f18        0x8 ./startup/startup_mk64f12.o
                0x00000f18                SPI0_IRQHandler
 .text.SPI1_IRQHandler
                0x00000f20        0x8 ./startup/startup_mk64f12.o
                0x00000f20                SPI1_IRQHandler
 .text.I2S0_Tx_IRQHandler
                0x00000f28        0x8 ./startup/startup_mk64f12.o
                0x00000f28                I2S0_Tx_IRQHandler
 .text.I2S0_Rx_IRQHandler
                0x00000f30        0x8 ./startup/startup_mk64f12.o
                0x00000f30                I2S0_Rx_IRQHandler
 .text.UART0_LON_IRQHandler
                0x00000f38        0x8 ./startup/startup_mk64f12.o
                0x00000f38                UART0_LON_IRQHandler
 .text.UART0_RX_TX_IRQHandler
                0x00000f40        0x8 ./startup/startup_mk64f12.o
                0x00000f40                UART0_RX_TX_IRQHandler
 .text.UART0_ERR_IRQHandler
                0x00000f48        0x8 ./startup/startup_mk64f12.o
                0x00000f48                UART0_ERR_IRQHandler
 .text.UART1_RX_TX_IRQHandler
                0x00000f50        0x8 ./startup/startup_mk64f12.o
                0x00000f50                UART1_RX_TX_IRQHandler
 .text.UART1_ERR_IRQHandler
                0x00000f58        0x8 ./startup/startup_mk64f12.o
                0x00000f58                UART1_ERR_IRQHandler
 .text.UART2_RX_TX_IRQHandler
                0x00000f60        0x8 ./startup/startup_mk64f12.o
                0x00000f60                UART2_RX_TX_IRQHandler
 .text.UART2_ERR_IRQHandler
                0x00000f68        0x8 ./startup/startup_mk64f12.o
                0x00000f68                UART2_ERR_IRQHandler
 .text.UART3_RX_TX_IRQHandler
                0x00000f70        0x8 ./startup/startup_mk64f12.o
                0x00000f70                UART3_RX_TX_IRQHandler
 .text.UART3_ERR_IRQHandler
                0x00000f78        0x8 ./startup/startup_mk64f12.o
                0x00000f78                UART3_ERR_IRQHandler
 .text.ADC0_IRQHandler
                0x00000f80        0x8 ./startup/startup_mk64f12.o
                0x00000f80                ADC0_IRQHandler
 .text.CMP0_IRQHandler
                0x00000f88        0x8 ./startup/startup_mk64f12.o
                0x00000f88                CMP0_IRQHandler
 .text.CMP1_IRQHandler
                0x00000f90        0x8 ./startup/startup_mk64f12.o
                0x00000f90                CMP1_IRQHandler
 .text.FTM0_IRQHandler
                0x00000f98        0x8 ./startup/startup_mk64f12.o
                0x00000f98                FTM0_IRQHandler
 .text.FTM1_IRQHandler
                0x00000fa0        0x8 ./startup/startup_mk64f12.o
                0x00000fa0                FTM1_IRQHandler
 .text.FTM2_IRQHandler
                0x00000fa8        0x8 ./startup/startup_mk64f12.o
                0x00000fa8                FTM2_IRQHandler
 .text.CMT_IRQHandler
                0x00000fb0        0x8 ./startup/startup_mk64f12.o
                0x00000fb0                CMT_IRQHandler
 .text.RTC_IRQHandler
                0x00000fb8        0x8 ./startup/startup_mk64f12.o
                0x00000fb8                RTC_IRQHandler
 .text.RTC_Seconds_IRQHandler
                0x00000fc0        0x8 ./startup/startup_mk64f12.o
                0x00000fc0                RTC_Seconds_IRQHandler
 .text.PIT0_IRQHandler
                0x00000fc8        0x8 ./startup/startup_mk64f12.o
                0x00000fc8                PIT0_IRQHandler
 .text.PIT1_IRQHandler
                0x00000fd0        0x8 ./startup/startup_mk64f12.o
                0x00000fd0                PIT1_IRQHandler
 .text.PIT2_IRQHandler
                0x00000fd8        0x8 ./startup/startup_mk64f12.o
                0x00000fd8                PIT2_IRQHandler
 .text.PIT3_IRQHandler
                0x00000fe0        0x8 ./startup/startup_mk64f12.o
                0x00000fe0                PIT3_IRQHandler
 .text.PDB0_IRQHandler
                0x00000fe8        0x8 ./startup/startup_mk64f12.o
                0x00000fe8                PDB0_IRQHandler
 .text.USB0_IRQHandler
                0x00000ff0        0x8 ./startup/startup_mk64f12.o
                0x00000ff0                USB0_IRQHandler
 .text.USBDCD_IRQHandler
                0x00000ff8        0x8 ./startup/startup_mk64f12.o
                0x00000ff8                USBDCD_IRQHandler
 .text.Reserved71_IRQHandler
                0x00001000        0x8 ./startup/startup_mk64f12.o
                0x00001000                Reserved71_IRQHandler
 .text.DAC0_IRQHandler
                0x00001008        0x8 ./startup/startup_mk64f12.o
                0x00001008                DAC0_IRQHandler
 .text.MCG_IRQHandler
                0x00001010        0x8 ./startup/startup_mk64f12.o
                0x00001010                MCG_IRQHandler
 .text.LPTMR0_IRQHandler
                0x00001018        0x8 ./startup/startup_mk64f12.o
                0x00001018                LPTMR0_IRQHandler
 .text.PORTA_IRQHandler
                0x00001020        0x8 ./startup/startup_mk64f12.o
                0x00001020                PORTA_IRQHandler
 .text.PORTB_IRQHandler
                0x00001028        0x8 ./startup/startup_mk64f12.o
                0x00001028                PORTB_IRQHandler
 .text.PORTC_IRQHandler
                0x00001030        0x8 ./startup/startup_mk64f12.o
                0x00001030                PORTC_IRQHandler
 .text.PORTD_IRQHandler
                0x00001038        0x8 ./startup/startup_mk64f12.o
                0x00001038                PORTD_IRQHandler
 .text.PORTE_IRQHandler
                0x00001040        0x8 ./startup/startup_mk64f12.o
                0x00001040                PORTE_IRQHandler
 .text.SWI_IRQHandler
                0x00001048        0x8 ./startup/startup_mk64f12.o
                0x00001048                SWI_IRQHandler
 .text.SPI2_IRQHandler
                0x00001050        0x8 ./startup/startup_mk64f12.o
                0x00001050                SPI2_IRQHandler
 .text.UART4_RX_TX_IRQHandler
                0x00001058        0x8 ./startup/startup_mk64f12.o
                0x00001058                UART4_RX_TX_IRQHandler
 .text.UART4_ERR_IRQHandler
                0x00001060        0x8 ./startup/startup_mk64f12.o
                0x00001060                UART4_ERR_IRQHandler
 .text.UART5_RX_TX_IRQHandler
                0x00001068        0x8 ./startup/startup_mk64f12.o
                0x00001068                UART5_RX_TX_IRQHandler
 .text.UART5_ERR_IRQHandler
                0x00001070        0x8 ./startup/startup_mk64f12.o
                0x00001070                UART5_ERR_IRQHandler
 .text.CMP2_IRQHandler
                0x00001078        0x8 ./startup/startup_mk64f12.o
                0x00001078                CMP2_IRQHandler
 .text.FTM3_IRQHandler
                0x00001080        0x8 ./startup/startup_mk64f12.o
                0x00001080                FTM3_IRQHandler
 .text.DAC1_IRQHandler
                0x00001088        0x8 ./startup/startup_mk64f12.o
                0x00001088                DAC1_IRQHandler
 .text.ADC1_IRQHandler
                0x00001090        0x8 ./startup/startup_mk64f12.o
                0x00001090                ADC1_IRQHandler
 .text.I2C2_IRQHandler
                0x00001098        0x8 ./startup/startup_mk64f12.o
                0x00001098                I2C2_IRQHandler
 .text.CAN0_ORed_Message_buffer_IRQHandler
                0x000010a0        0x8 ./startup/startup_mk64f12.o
                0x000010a0                CAN0_ORed_Message_buffer_IRQHandler
 .text.CAN0_Bus_Off_IRQHandler
                0x000010a8        0x8 ./startup/startup_mk64f12.o
                0x000010a8                CAN0_Bus_Off_IRQHandler
 .text.CAN0_Error_IRQHandler
                0x000010b0        0x8 ./startup/startup_mk64f12.o
                0x000010b0                CAN0_Error_IRQHandler
 .text.CAN0_Tx_Warning_IRQHandler
                0x000010b8        0x8 ./startup/startup_mk64f12.o
                0x000010b8                CAN0_Tx_Warning_IRQHandler
 .text.CAN0_Rx_Warning_IRQHandler
                0x000010c0        0x8 ./startup/startup_mk64f12.o
                0x000010c0                CAN0_Rx_Warning_IRQHandler
 .text.CAN0_Wake_Up_IRQHandler
                0x000010c8        0x8 ./startup/startup_mk64f12.o
                0x000010c8                CAN0_Wake_Up_IRQHandler
 .text.SDHC_IRQHandler
                0x000010d0        0x8 ./startup/startup_mk64f12.o
                0x000010d0                SDHC_IRQHandler
 .text.ENET_1588_Timer_IRQHandler
                0x000010d8        0x8 ./startup/startup_mk64f12.o
                0x000010d8                ENET_1588_Timer_IRQHandler
 .text.ENET_Transmit_IRQHandler
                0x000010e0        0x8 ./startup/startup_mk64f12.o
                0x000010e0                ENET_Transmit_IRQHandler
 .text.ENET_Receive_IRQHandler
                0x000010e8        0x8 ./startup/startup_mk64f12.o
                0x000010e8                ENET_Receive_IRQHandler
 .text.ENET_Error_IRQHandler
                0x000010f0        0x8 ./startup/startup_mk64f12.o
                0x000010f0                ENET_Error_IRQHandler
 .text.GPIO_PortSet
                0x000010f8       0x1c ./source/LEDs_and_SWs.o
 .text.GPIO_SetPinsOutput
                0x00001114       0x1a ./source/LEDs_and_SWs.o
 .text.GPIO_PortClear
                0x0000112e       0x1c ./source/LEDs_and_SWs.o
 .text.GPIO_ClearPinsOutput
                0x0000114a       0x1a ./source/LEDs_and_SWs.o
 .text.GPIO_PinRead
                0x00001164       0x24 ./source/LEDs_and_SWs.o
 .text.main     0x00001188       0x76 ./source/main.o
                0x00001188                main
 .text.HardFault_Handler
                0x000011fe       0x2c ./source/semihost_hardfault.o
                0x000011fe                HardFault_Handler
 .text.DSPI_IsMaster
                0x0000122a       0x1c ./drivers/fsl_dspi.o
 .text.GPIO_PinWrite
                0x00001246       0x36 ./drivers/fsl_gpio.o
 .text.GPIO_WritePinOutput
                0x0000127c       0x22 ./drivers/fsl_gpio.o
 .text.UART0_RX_TX_DriverIRQHandler
                0x0000129e       0x10 ./drivers/fsl_uart.o
                0x0000129e                UART0_RX_TX_DriverIRQHandler
 .text.UART1_RX_TX_DriverIRQHandler
                0x000012ae       0x10 ./drivers/fsl_uart.o
                0x000012ae                UART1_RX_TX_DriverIRQHandler
 .text.UART2_RX_TX_DriverIRQHandler
                0x000012be       0x10 ./drivers/fsl_uart.o
                0x000012be                UART2_RX_TX_DriverIRQHandler
 .text.UART3_RX_TX_DriverIRQHandler
                0x000012ce       0x10 ./drivers/fsl_uart.o
                0x000012ce                UART3_RX_TX_DriverIRQHandler
 .text.UART4_RX_TX_DriverIRQHandler
                0x000012de       0x10 ./drivers/fsl_uart.o
                0x000012de                UART4_RX_TX_DriverIRQHandler
 .text.UART5_RX_TX_DriverIRQHandler
                0x000012ee       0x10 ./drivers/fsl_uart.o
                0x000012ee                UART5_RX_TX_DriverIRQHandler
 .text.CLOCK_EnableClock
                0x000012fe       0x34 ./board/pin_mux.o
 .text.BOARD_InitBootPins
                0x00001332       0x10 ./board/pin_mux.o
                0x00001332                BOARD_InitBootPins
 .text.BOARD_InitPins
                0x00001342       0x10 ./board/pin_mux.o
                0x00001342                BOARD_InitPins
 .text.SystemInitHook
                0x00001352        0xe ./CMSIS/system_MK64F12.o
                0x00001352                SystemInitHook
 .text.__main   0x00001360        0xe c:/nxp/mcuxpressoide_10.2.1_795/ide/tools/bin/../lib/gcc/arm-none-eabi/7.2.1/../../../../arm-none-eabi/lib/thumb/v7e-m/fpv4-sp/hard\libcr_semihost_nf.a(_cr__main.o)
                0x00001360                __CR_SEMIHOST
                0x00001360                __main
 .text.memset   0x0000136e        0x4 c:/nxp/mcuxpressoide_10.2.1_795/ide/tools/bin/../lib/gcc/arm-none-eabi/7.2.1/../../../../arm-none-eabi/lib/thumb/v7e-m/fpv4-sp/hard\libcr_c.a(memset.o)
                0x0000136e                memset
 .text._deferredlazyseek
                0x00001372       0x40 c:/nxp/mcuxpressoide_10.2.1_795/ide/tools/bin/../lib/gcc/arm-none-eabi/7.2.1/../../../../arm-none-eabi/lib/thumb/v7e-m/fpv4-sp/hard\libcr_c.a(_deferredlazyseek.o)
                0x00001372                _deferredlazyseek
 .text.__flsbuf
                0x000013b2      0x140 c:/nxp/mcuxpressoide_10.2.1_795/ide/tools/bin/../lib/gcc/arm-none-eabi/7.2.1/../../../../arm-none-eabi/lib/thumb/v7e-m/fpv4-sp/hard\libcr_c.a(_deferredlazyseek.o)
                0x000013b2                __flsbuf
 .text._fflush  0x000014f2       0x52 c:/nxp/mcuxpressoide_10.2.1_795/ide/tools/bin/../lib/gcc/arm-none-eabi/7.2.1/../../../../arm-none-eabi/lib/thumb/v7e-m/fpv4-sp/hard\libcr_c.a(_fflush.o)
                0x000014f2                _fflush
 .text.free     0x00001544       0x30 c:/nxp/mcuxpressoide_10.2.1_795/ide/tools/bin/../lib/gcc/arm-none-eabi/7.2.1/../../../../arm-none-eabi/lib/thumb/v7e-m/fpv4-sp/hard\libcr_c.a(alloc.o)
                0x00001544                free
 .text.fputs    0x00001574       0x2c c:/nxp/mcuxpressoide_10.2.1_795/ide/tools/bin/../lib/gcc/arm-none-eabi/7.2.1/../../../../arm-none-eabi/lib/thumb/v7e-m/fpv4-sp/hard\libcr_c.a(fputs.o)
                0x00001574                fputs
 .text.strlen   0x000015a0       0x4a c:/nxp/mcuxpressoide_10.2.1_795/ide/tools/bin/../lib/gcc/arm-none-eabi/7.2.1/../../../../arm-none-eabi/lib/thumb/v7e-m/fpv4-sp/hard\libcr_c.a(strlen.o)
                0x000015a0                strlen
 .text._fdopen  0x000015ea       0x68 c:/nxp/mcuxpressoide_10.2.1_795/ide/tools/bin/../lib/gcc/arm-none-eabi/7.2.1/../../../../arm-none-eabi/lib/thumb/v7e-m/fpv4-sp/hard\libcr_c.a(_fdopen.o)
                0x000015ea                _fdopen
 .text.fclose   0x00001652       0x58 c:/nxp/mcuxpressoide_10.2.1_795/ide/tools/bin/../lib/gcc/arm-none-eabi/7.2.1/../../../../arm-none-eabi/lib/thumb/v7e-m/fpv4-sp/hard\libcr_c.a(fclose.o)
                0x00001652                fclose
 .text.remove   0x000016aa       0x14 c:/nxp/mcuxpressoide_10.2.1_795/ide/tools/bin/../lib/gcc/arm-none-eabi/7.2.1/../../../../arm-none-eabi/lib/thumb/v7e-m/fpv4-sp/hard\libcr_c.a(remove.o)
                0x000016aa                remove
 .text._do_fflush
                0x000016be       0x40 c:/nxp/mcuxpressoide_10.2.1_795/ide/tools/bin/../lib/gcc/arm-none-eabi/7.2.1/../../../../arm-none-eabi/lib/thumb/v7e-m/fpv4-sp/hard\libcr_c.a(_do_fflush.o)
                0x000016be                _do_fflush
 .text.__aeabi_memset_lowlevel
                0x000016fe       0x32 c:/nxp/mcuxpressoide_10.2.1_795/ide/tools/bin/../lib/gcc/arm-none-eabi/7.2.1/thumb/v7e-m/fpv4-sp/hard\libcr_eabihelpers.a(memcpy.o)
                0x000016fe                __aeabi_lowlevel_memset
 .text.__sys_close
                0x00001730        0xc c:/nxp/mcuxpressoide_10.2.1_795/ide/tools/bin/../lib/gcc/arm-none-eabi/7.2.1/../../../../arm-none-eabi/lib/thumb/v7e-m/fpv4-sp/hard\libcr_semihost_nf.a(__sys_close.o)
                0x00001730                __sys_close
 .text.__sys_flen
                0x0000173c        0xc c:/nxp/mcuxpressoide_10.2.1_795/ide/tools/bin/../lib/gcc/arm-none-eabi/7.2.1/../../../../arm-none-eabi/lib/thumb/v7e-m/fpv4-sp/hard\libcr_semihost_nf.a(__sys_flen.o)
                0x0000173c                __sys_flen
 .text.__sys_istty
                0x00001748        0xc c:/nxp/mcuxpressoide_10.2.1_795/ide/tools/bin/../lib/gcc/arm-none-eabi/7.2.1/../../../../arm-none-eabi/lib/thumb/v7e-m/fpv4-sp/hard\libcr_semihost_nf.a(__sys_istty.o)
                0x00001748                __sys_istty
 .text.__sys_remove
                0x00001754        0xc c:/nxp/mcuxpressoide_10.2.1_795/ide/tools/bin/../lib/gcc/arm-none-eabi/7.2.1/../../../../arm-none-eabi/lib/thumb/v7e-m/fpv4-sp/hard\libcr_semihost_nf.a(__sys_remove.o)
                0x00001754                __sys_remove
 .text.__sys_seek
                0x00001760        0xc c:/nxp/mcuxpressoide_10.2.1_795/ide/tools/bin/../lib/gcc/arm-none-eabi/7.2.1/../../../../arm-none-eabi/lib/thumb/v7e-m/fpv4-sp/hard\libcr_semihost_nf.a(__sys_seek.o)
                0x00001760                __sys_seek
 .text.__sys_tmpnam
                0x0000176c        0xc c:/nxp/mcuxpressoide_10.2.1_795/ide/tools/bin/../lib/gcc/arm-none-eabi/7.2.1/../../../../arm-none-eabi/lib/thumb/v7e-m/fpv4-sp/hard\libcr_semihost_nf.a(__sys_tmpnam.o)
                0x0000176c                __sys_tmpnam
 .text.__sys_write
                0x00001778        0xc c:/nxp/mcuxpressoide_10.2.1_795/ide/tools/bin/../lib/gcc/arm-none-eabi/7.2.1/../../../../arm-none-eabi/lib/thumb/v7e-m/fpv4-sp/hard\libcr_semihost_nf.a(__sys_write.o)
                0x00001778                __sys_write
 *(SORT_BY_ALIGNMENT(.rodata) SORT_BY_ALIGNMENT(.rodata.*) SORT_BY_ALIGNMENT(.constdata) SORT_BY_ALIGNMENT(.constdata.*))
 .rodata        0x00001784      0x509 ./drivers/fsl_dspi.o
 *fill*         0x00001c8d        0x3 ff
 .rodata        0x00001c90       0x63 ./drivers/fsl_gpio.o
 *fill*         0x00001cf3        0x1 ff
 .rodata        0x00001cf4       0x26 ./board/pin_mux.o
 *fill*         0x00001d1a        0x2 ff
 .rodata.__num_Ciob_streams
                0x00001d1c        0x4 c:/nxp/mcuxpressoide_10.2.1_795/ide/tools/bin/../lib/gcc/arm-none-eabi/7.2.1/../../../../arm-none-eabi/lib/thumb/v7e-m/fpv4-sp/hard\libcr_semihost_nf.a(__ciob.o)
                0x00001d1c                __num_Ciob_streams
 .rodata.__assertion_failed.str1.1
                0x00001d20       0x15 c:/nxp/mcuxpressoide_10.2.1_795/ide/tools/bin/../lib/gcc/arm-none-eabi/7.2.1/../../../../arm-none-eabi/lib/thumb/v7e-m/fpv4-sp/hard\libcr_semihost_nf.a(_cr_assert.o)
 .rodata._Csys_alloc.str1.1
                0x00001d35       0x18 c:/nxp/mcuxpressoide_10.2.1_795/ide/tools/bin/../lib/gcc/arm-none-eabi/7.2.1/../../../../arm-none-eabi/lib/thumb/v7e-m/fpv4-sp/hard\libcr_c.a(alloc.o)
 .rodata._initio.str1.1
                0x00001d4d        0x4 c:/nxp/mcuxpressoide_10.2.1_795/ide/tools/bin/../lib/gcc/arm-none-eabi/7.2.1/../../../../arm-none-eabi/lib/thumb/v7e-m/fpv4-sp/hard\libcr_c.a(initio.o)
                0x00001d58                . = ALIGN (0x8)
 *fill*         0x00001d51        0x7 ff

.glue_7         0x00001d58        0x0
 .glue_7        0x00001d58        0x0 linker stubs

.glue_7t        0x00001d58        0x0
 .glue_7t       0x00001d58        0x0 linker stubs

.vfp11_veneer   0x00001d58        0x0
 .vfp11_veneer  0x00001d58        0x0 linker stubs

.v4_bx          0x00001d58        0x0
 .v4_bx         0x00001d58        0x0 linker stubs

.iplt           0x00001d58        0x0
 .iplt          0x00001d58        0x0 ./startup/startup_mk64f12.o

.rel.dyn        0x00001d58        0x0
 .rel.iplt      0x00001d58        0x0 ./startup/startup_mk64f12.o

.ARM.extab
 *(SORT_BY_ALIGNMENT(.ARM.extab*) SORT_BY_ALIGNMENT(.gnu.linkonce.armextab.*))
                0x00001d58                __exidx_start = .

.ARM.exidx
 *(SORT_BY_ALIGNMENT(.ARM.exidx*) SORT_BY_ALIGNMENT(.gnu.linkonce.armexidx.*))
                0x00001d58                __exidx_end = .
                0x00001d58                _etext = .

.m_usb_data
 *(SORT_BY_ALIGNMENT(m_usb_bdt))

.data_RAM2      0x1fff0000        0x0 load address 0x00001d58
 FILL mask 0xff
                [!provide]                PROVIDE (__start_data_RAM2, .)
 *(SORT_BY_ALIGNMENT(.ramfunc.$RAM2))
 *(SORT_BY_ALIGNMENT(.ramfunc.$SRAM_LOWER))
 *(SORT_BY_ALIGNMENT(.data.$RAM2*))
 *(SORT_BY_ALIGNMENT(.data.$SRAM_LOWER*))
                0x1fff0000                . = ALIGN (0x8)
                [!provide]                PROVIDE (__end_data_RAM2, .)

.data_RAM3      0x14000000        0x0 load address 0x00001d58
 FILL mask 0xff
                [!provide]                PROVIDE (__start_data_RAM3, .)
 *(SORT_BY_ALIGNMENT(.ramfunc.$RAM3))
 *(SORT_BY_ALIGNMENT(.ramfunc.$FLEX_RAM))
 *(SORT_BY_ALIGNMENT(.data.$RAM3*))
 *(SORT_BY_ALIGNMENT(.data.$FLEX_RAM*))
                0x14000000                . = ALIGN (0x8)
                [!provide]                PROVIDE (__end_data_RAM3, .)

.uninit_RESERVED
                0x20000000        0x0
 *(SORT_BY_ALIGNMENT(.bss.$RESERVED*))
                0x20000000                . = ALIGN (0x4)
                0x20000000                _end_uninit_RESERVED = .

.data           0x20000000        0x0 load address 0x00001d58
 FILL mask 0xff
                0x20000000                _data = .
 *(SORT_BY_ALIGNMENT(vtable))
 *(SORT_BY_ALIGNMENT(.ramfunc*))
 *(SORT_BY_ALIGNMENT(.data*))
                0x20000000                . = ALIGN (0x8)
                0x20000000                _edata = .

.igot.plt       0x20000000        0x0 load address 0x00001d58
 .igot.plt      0x20000000        0x0 ./startup/startup_mk64f12.o

.bss_RAM2       0x1fff0000        0x0
                [!provide]                PROVIDE (__start_bss_RAM2, .)
 *(SORT_BY_ALIGNMENT(.bss.$RAM2*))
 *(SORT_BY_ALIGNMENT(.bss.$SRAM_LOWER*))
                0x1fff0000                . = ALIGN ((. != 0x0)?0x8:0x1)
                [!provide]                PROVIDE (__end_bss_RAM2, .)

.bss_RAM3       0x14000000        0x0
                [!provide]                PROVIDE (__start_bss_RAM3, .)
 *(SORT_BY_ALIGNMENT(.bss.$RAM3*))
 *(SORT_BY_ALIGNMENT(.bss.$FLEX_RAM*))
                0x14000000                . = ALIGN ((. != 0x0)?0x8:0x1)
                [!provide]                PROVIDE (__end_bss_RAM3, .)

.bss            0x20000000      0x108
                0x20000000                _bss = .
 *(SORT_BY_ALIGNMENT(.bss*))
 .bss.g_dspiHandle
                0x20000000        0xc ./drivers/fsl_dspi.o
 .bss.s_dspiMasterIsr
                0x2000000c        0x4 ./drivers/fsl_dspi.o
 .bss.s_dspiSlaveIsr
                0x20000010        0x4 ./drivers/fsl_dspi.o
 .bss.s_i2cHandle
                0x20000014        0xc ./drivers/fsl_i2c.o
 .bss.s_i2cMasterIsr
                0x20000020        0x4 ./drivers/fsl_i2c.o
 .bss.s_i2cSlaveIsr
                0x20000024        0x4 ./drivers/fsl_i2c.o
 .bss.s_uartHandle
                0x20000028       0x18 ./drivers/fsl_uart.o
 .bss.s_uartIsr
                0x20000040        0x4 ./drivers/fsl_uart.o
 .bss.__Ciob    0x20000044       0xb4 c:/nxp/mcuxpressoide_10.2.1_795/ide/tools/bin/../lib/gcc/arm-none-eabi/7.2.1/../../../../arm-none-eabi/lib/thumb/v7e-m/fpv4-sp/hard\libcr_semihost_nf.a(__ciob.o)
                0x20000044                __Ciob
 .bss.__end_of_heap
                0x200000f8        0x4 c:/nxp/mcuxpressoide_10.2.1_795/ide/tools/bin/../lib/gcc/arm-none-eabi/7.2.1/../../../../arm-none-eabi/lib/thumb/v7e-m/fpv4-sp/hard\libcr_c.a(__init_alloc.o)
                0x200000f8                __end_of_heap
 .bss.__heaps   0x200000fc        0x4 c:/nxp/mcuxpressoide_10.2.1_795/ide/tools/bin/../lib/gcc/arm-none-eabi/7.2.1/../../../../arm-none-eabi/lib/thumb/v7e-m/fpv4-sp/hard\libcr_c.a(__init_alloc.o)
                0x200000fc                __heaps
 .bss.errno     0x20000100        0x4 c:/nxp/mcuxpressoide_10.2.1_795/ide/tools/bin/../lib/gcc/arm-none-eabi/7.2.1/../../../../arm-none-eabi/lib/thumb/v7e-m/fpv4-sp/hard\libcr_c.a(errno.o)
                0x20000100                errno
 *(SORT_BY_ALIGNMENT(COMMON))
                0x20000108                . = ALIGN (0x8)
 *fill*         0x20000104        0x4 
                0x20000108                _ebss = .
                [!provide]                PROVIDE (end, .)

.noinit_RAM2    0x1fff0000        0x0
 *(SORT_BY_ALIGNMENT(.noinit.$RAM2*))
 *(SORT_BY_ALIGNMENT(.noinit.$SRAM_LOWER*))
                0x1fff0000                . = ALIGN (0x8)

.noinit_RAM3    0x14000000        0x0
 *(SORT_BY_ALIGNMENT(.noinit.$RAM3*))
 *(SORT_BY_ALIGNMENT(.noinit.$FLEX_RAM*))
                0x14000000                . = ALIGN (0x8)

.noinit         0x20000108        0x0
                0x20000108                _noinit = .
 *(SORT_BY_ALIGNMENT(.noinit*))
                0x20000108                . = ALIGN (0x8)
                0x20000108                _end_noinit = .
                0x00001000                _HeapSize = 0x1000

.heap           0x20000108     0x1000
                0x20000108                _pvHeapStart = .
                0x20001108                . = (. + _HeapSize)
 *fill*         0x20000108     0x1000 
                0x20001108                . = ALIGN (0x8)
                0x20001108                _pvHeapLimit = .
                0x00001000                _StackSize = 0x1000

.heap2stackfill
                0x20001108     0x1000
                0x20002108                . = (. + _StackSize)
 *fill*         0x20001108     0x1000 

.stack          0x2002f000        0x0
                0x2002f000                _vStackBase = .
                0x2002f000                . = ALIGN (0x8)
                0x20030000                _vStackTop = (. + _StackSize)
                0x00000000                _image_start = LOADADDR (.text)
                0x00001d58                _image_end = (LOADADDR (.data) + SIZEOF (.data))
                0x00001d58                _image_size = (_image_end - _image_start)
OUTPUT(LEDs_sol.axf elf32-littlearm)

.debug_info     0x00000000     0x8459
 .debug_info    0x00000000      0x8b0 ./startup/startup_mk64f12.o
 .debug_info    0x000008b0      0x30b ./source/LEDs_and_SWs.o
 .debug_info    0x00000bbb      0x7b1 ./source/main.o
 .debug_info    0x0000136c       0x3b ./source/semihost_hardfault.o
 .debug_info    0x000013a7     0x22cd ./drivers/fsl_dspi.o
 .debug_info    0x00003674      0x61a ./drivers/fsl_gpio.o
 .debug_info    0x00003c8e     0x1c33 ./drivers/fsl_i2c.o
 .debug_info    0x000058c1     0x19df ./drivers/fsl_uart.o
 .debug_info    0x000072a0      0xb88 ./board/pin_mux.o
 .debug_info    0x00007e28      0x631 ./CMSIS/system_MK64F12.o

.debug_abbrev   0x00000000     0x137a
 .debug_abbrev  0x00000000      0x15c ./startup/startup_mk64f12.o
 .debug_abbrev  0x0000015c      0x183 ./source/LEDs_and_SWs.o
 .debug_abbrev  0x000002df      0x15f ./source/main.o
 .debug_abbrev  0x0000043e       0x2f ./source/semihost_hardfault.o
 .debug_abbrev  0x0000046d      0x33e ./drivers/fsl_dspi.o
 .debug_abbrev  0x000007ab      0x1ae ./drivers/fsl_gpio.o
 .debug_abbrev  0x00000959      0x34f ./drivers/fsl_i2c.o
 .debug_abbrev  0x00000ca8      0x303 ./drivers/fsl_uart.o
 .debug_abbrev  0x00000fab      0x27b ./board/pin_mux.o
 .debug_abbrev  0x00001226      0x154 ./CMSIS/system_MK64F12.o

.debug_aranges  0x00000000      0x988
 .debug_aranges
                0x00000000      0x330 ./startup/startup_mk64f12.o
 .debug_aranges
                0x00000330       0x60 ./source/LEDs_and_SWs.o
 .debug_aranges
                0x00000390       0x20 ./source/main.o
 .debug_aranges
                0x000003b0       0x20 ./source/semihost_hardfault.o
 .debug_aranges
                0x000003d0      0x1d0 ./drivers/fsl_dspi.o
 .debug_aranges
                0x000005a0       0x48 ./drivers/fsl_gpio.o
 .debug_aranges
                0x000005e8      0x180 ./drivers/fsl_i2c.o
 .debug_aranges
                0x00000768      0x170 ./drivers/fsl_uart.o
 .debug_aranges
                0x000008d8       0x80 ./board/pin_mux.o
 .debug_aranges
                0x00000958       0x30 ./CMSIS/system_MK64F12.o

.debug_ranges   0x00000000      0x8e8
 .debug_ranges  0x00000000      0x320 ./startup/startup_mk64f12.o
 .debug_ranges  0x00000320       0x50 ./source/LEDs_and_SWs.o
 .debug_ranges  0x00000370       0x10 ./source/main.o
 .debug_ranges  0x00000380       0x10 ./source/semihost_hardfault.o
 .debug_ranges  0x00000390      0x1c0 ./drivers/fsl_dspi.o
 .debug_ranges  0x00000550       0x38 ./drivers/fsl_gpio.o
 .debug_ranges  0x00000588      0x170 ./drivers/fsl_i2c.o
 .debug_ranges  0x000006f8      0x160 ./drivers/fsl_uart.o
 .debug_ranges  0x00000858       0x70 ./board/pin_mux.o
 .debug_ranges  0x000008c8       0x20 ./CMSIS/system_MK64F12.o

.debug_macro    0x00000000      0xeb6
 .debug_macro   0x00000000       0x29 ./startup/startup_mk64f12.o
 .debug_macro   0x00000029      0x118 ./source/LEDs_and_SWs.o
 .debug_macro   0x00000141       0x40 ./source/LEDs_and_SWs.o
 .debug_macro   0x00000181      0x184 ./source/main.o
 .debug_macro   0x00000305       0xd8 ./source/main.o
 .debug_macro   0x000003dd       0x10 ./source/main.o
 .debug_macro   0x000003ed       0x10 ./source/main.o
 .debug_macro   0x000003fd      0x1fc ./source/main.o
 .debug_macro   0x000005f9       0x16 ./source/main.o
 .debug_macro   0x0000060f       0x1c ./source/main.o
 .debug_macro   0x0000062b       0x64 ./source/main.o
 .debug_macro   0x0000068f      0x1d2 ./source/main.o
 .debug_macro   0x00000861       0x22 ./source/main.o
 .debug_macro   0x00000883       0x11 ./source/semihost_hardfault.o
 .debug_macro   0x00000894      0x108 ./drivers/fsl_dspi.o
 .debug_macro   0x0000099c       0x3a ./drivers/fsl_dspi.o
 .debug_macro   0x000009d6      0x109 ./drivers/fsl_gpio.o
 .debug_macro   0x00000adf      0x108 ./drivers/fsl_i2c.o
 .debug_macro   0x00000be7       0x16 ./drivers/fsl_i2c.o
 .debug_macro   0x00000bfd      0x10f ./drivers/fsl_uart.o
 .debug_macro   0x00000d0c      0x112 ./board/pin_mux.o
 .debug_macro   0x00000e1e       0x98 ./CMSIS/system_MK64F12.o

.debug_line     0x00000000     0x343e
 .debug_line    0x00000000      0x6d4 ./startup/startup_mk64f12.o
 .debug_line    0x000006d4      0x2ba ./source/LEDs_and_SWs.o
 .debug_line    0x0000098e      0x2d3 ./source/main.o
 .debug_line    0x00000c61       0x54 ./source/semihost_hardfault.o
 .debug_line    0x00000cb5      0xb3f ./drivers/fsl_dspi.o
 .debug_line    0x000017f4      0x288 ./drivers/fsl_gpio.o
 .debug_line    0x00001a7c      0xa0b ./drivers/fsl_i2c.o
 .debug_line    0x00002487      0xa02 ./drivers/fsl_uart.o
 .debug_line    0x00002e89      0x3a4 ./board/pin_mux.o
 .debug_line    0x0000322d      0x211 ./CMSIS/system_MK64F12.o

.debug_str      0x00000000    0x7f6ae
 .debug_str     0x00000000     0x3558 ./startup/startup_mk64f12.o
                               0x360b (size before relaxing)
 .debug_str     0x00003558    0x75f5c ./source/LEDs_and_SWs.o
                              0x78d61 (size before relaxing)
 .debug_str     0x000794b4     0x200c ./source/main.o
                              0x7ac9a (size before relaxing)
 .debug_str     0x0007b4c0       0x1f ./source/semihost_hardfault.o
                               0x2d9c (size before relaxing)
 .debug_str     0x0007b4df     0x21a0 ./drivers/fsl_dspi.o
                              0x7ae37 (size before relaxing)
 .debug_str     0x0007d67f      0x195 ./drivers/fsl_gpio.o
                              0x79305 (size before relaxing)
 .debug_str     0x0007d814      0xb7f ./drivers/fsl_i2c.o
                              0x7a6ea (size before relaxing)
 .debug_str     0x0007e393      0xbfe ./drivers/fsl_uart.o
                              0x7a842 (size before relaxing)
 .debug_str     0x0007ef91      0x5f8 ./board/pin_mux.o
                              0x79cb5 (size before relaxing)
 .debug_str     0x0007f589      0x125 ./CMSIS/system_MK64F12.o
                              0x77de1 (size before relaxing)

.comment        0x00000000       0x7e
 .comment       0x00000000       0x7e ./startup/startup_mk64f12.o
                                 0x7f (size before relaxing)
 .comment       0x0000007e       0x7f ./source/LEDs_and_SWs.o
 .comment       0x0000007e       0x7f ./source/main.o
 .comment       0x0000007e       0x7f ./source/semihost_hardfault.o
 .comment       0x0000007e       0x7f ./drivers/fsl_dspi.o
 .comment       0x0000007e       0x7f ./drivers/fsl_gpio.o
 .comment       0x0000007e       0x7f ./drivers/fsl_i2c.o
 .comment       0x0000007e       0x7f ./drivers/fsl_uart.o
 .comment       0x0000007e       0x7f ./board/pin_mux.o
 .comment       0x0000007e       0x7f ./CMSIS/system_MK64F12.o
 .comment       0x0000007e       0x7f c:/nxp/mcuxpressoide_10.2.1_795/ide/tools/bin/../lib/gcc/arm-none-eabi/7.2.1/../../../../arm-none-eabi/lib/thumb/v7e-m/fpv4-sp/hard\libcr_semihost_nf.a(_cr__main.o)
 .comment       0x0000007e       0x7f c:/nxp/mcuxpressoide_10.2.1_795/ide/tools/bin/../lib/gcc/arm-none-eabi/7.2.1/../../../../arm-none-eabi/lib/thumb/v7e-m/fpv4-sp/hard\libcr_semihost_nf.a(_cr_assert.o)
 .comment       0x0000007e       0x7f c:/nxp/mcuxpressoide_10.2.1_795/ide/tools/bin/../lib/gcc/arm-none-eabi/7.2.1/../../../../arm-none-eabi/lib/thumb/v7e-m/fpv4-sp/hard\libcr_semihost_nf.a(__ciob.o)
 .comment       0x0000007e       0x7f c:/nxp/mcuxpressoide_10.2.1_795/ide/tools/bin/../lib/gcc/arm-none-eabi/7.2.1/../../../../arm-none-eabi/lib/thumb/v7e-m/fpv4-sp/hard\libcr_c.a(memset.o)
 .comment       0x0000007e       0x7f c:/nxp/mcuxpressoide_10.2.1_795/ide/tools/bin/../lib/gcc/arm-none-eabi/7.2.1/../../../../arm-none-eabi/lib/thumb/v7e-m/fpv4-sp/hard\libcr_c.a(_deferredlazyseek.o)
 .comment       0x0000007e       0x7f c:/nxp/mcuxpressoide_10.2.1_795/ide/tools/bin/../lib/gcc/arm-none-eabi/7.2.1/../../../../arm-none-eabi/lib/thumb/v7e-m/fpv4-sp/hard\libcr_c.a(_fflush.o)
 .comment       0x0000007e       0x7f c:/nxp/mcuxpressoide_10.2.1_795/ide/tools/bin/../lib/gcc/arm-none-eabi/7.2.1/../../../../arm-none-eabi/lib/thumb/v7e-m/fpv4-sp/hard\libcr_c.a(_writebuf.o)
 .comment       0x0000007e       0x7f c:/nxp/mcuxpressoide_10.2.1_795/ide/tools/bin/../lib/gcc/arm-none-eabi/7.2.1/../../../../arm-none-eabi/lib/thumb/v7e-m/fpv4-sp/hard\libcr_c.a(alloc.o)
 .comment       0x0000007e       0x7f c:/nxp/mcuxpressoide_10.2.1_795/ide/tools/bin/../lib/gcc/arm-none-eabi/7.2.1/../../../../arm-none-eabi/lib/thumb/v7e-m/fpv4-sp/hard\libcr_c.a(fputs.o)
 .comment       0x0000007e       0x7f c:/nxp/mcuxpressoide_10.2.1_795/ide/tools/bin/../lib/gcc/arm-none-eabi/7.2.1/../../../../arm-none-eabi/lib/thumb/v7e-m/fpv4-sp/hard\libcr_c.a(fseek.o)
 .comment       0x0000007e       0x7f c:/nxp/mcuxpressoide_10.2.1_795/ide/tools/bin/../lib/gcc/arm-none-eabi/7.2.1/../../../../arm-none-eabi/lib/thumb/v7e-m/fpv4-sp/hard\libcr_c.a(ftell.o)
 .comment       0x0000007e       0x7f c:/nxp/mcuxpressoide_10.2.1_795/ide/tools/bin/../lib/gcc/arm-none-eabi/7.2.1/../../../../arm-none-eabi/lib/thumb/v7e-m/fpv4-sp/hard\libcr_c.a(initio.o)
 .comment       0x0000007e       0x7f c:/nxp/mcuxpressoide_10.2.1_795/ide/tools/bin/../lib/gcc/arm-none-eabi/7.2.1/../../../../arm-none-eabi/lib/thumb/v7e-m/fpv4-sp/hard\libcr_c.a(setvbuf.o)
 .comment       0x0000007e       0x7f c:/nxp/mcuxpressoide_10.2.1_795/ide/tools/bin/../lib/gcc/arm-none-eabi/7.2.1/../../../../arm-none-eabi/lib/thumb/v7e-m/fpv4-sp/hard\libcr_c.a(strlen.o)
 .comment       0x0000007e       0x7f c:/nxp/mcuxpressoide_10.2.1_795/ide/tools/bin/../lib/gcc/arm-none-eabi/7.2.1/../../../../arm-none-eabi/lib/thumb/v7e-m/fpv4-sp/hard\libcr_c.a(__init_alloc.o)
 .comment       0x0000007e       0x7f c:/nxp/mcuxpressoide_10.2.1_795/ide/tools/bin/../lib/gcc/arm-none-eabi/7.2.1/../../../../arm-none-eabi/lib/thumb/v7e-m/fpv4-sp/hard\libcr_c.a(_cr_sbrk.o)
 .comment       0x0000007e       0x7f c:/nxp/mcuxpressoide_10.2.1_795/ide/tools/bin/../lib/gcc/arm-none-eabi/7.2.1/../../../../arm-none-eabi/lib/thumb/v7e-m/fpv4-sp/hard\libcr_c.a(_fdopen.o)
 .comment       0x0000007e       0x7f c:/nxp/mcuxpressoide_10.2.1_795/ide/tools/bin/../lib/gcc/arm-none-eabi/7.2.1/../../../../arm-none-eabi/lib/thumb/v7e-m/fpv4-sp/hard\libcr_c.a(errno.o)
 .comment       0x0000007e       0x7f c:/nxp/mcuxpressoide_10.2.1_795/ide/tools/bin/../lib/gcc/arm-none-eabi/7.2.1/../../../../arm-none-eabi/lib/thumb/v7e-m/fpv4-sp/hard\libcr_c.a(fclose.o)
 .comment       0x0000007e       0x7f c:/nxp/mcuxpressoide_10.2.1_795/ide/tools/bin/../lib/gcc/arm-none-eabi/7.2.1/../../../../arm-none-eabi/lib/thumb/v7e-m/fpv4-sp/hard\libcr_c.a(fflush.o)
 .comment       0x0000007e       0x7f c:/nxp/mcuxpressoide_10.2.1_795/ide/tools/bin/../lib/gcc/arm-none-eabi/7.2.1/../../../../arm-none-eabi/lib/thumb/v7e-m/fpv4-sp/hard\libcr_c.a(remove.o)
 .comment       0x0000007e       0x7f c:/nxp/mcuxpressoide_10.2.1_795/ide/tools/bin/../lib/gcc/arm-none-eabi/7.2.1/../../../../arm-none-eabi/lib/thumb/v7e-m/fpv4-sp/hard\libcr_c.a(_cr_check_heap.o)
 .comment       0x0000007e       0x7f c:/nxp/mcuxpressoide_10.2.1_795/ide/tools/bin/../lib/gcc/arm-none-eabi/7.2.1/../../../../arm-none-eabi/lib/thumb/v7e-m/fpv4-sp/hard\libcr_c.a(_do_fflush.o)

.ARM.attributes
                0x00000000       0x37
 .ARM.attributes
                0x00000000       0x39 ./startup/startup_mk64f12.o
 .ARM.attributes
                0x00000039       0x39 ./source/LEDs_and_SWs.o
 .ARM.attributes
                0x00000072       0x39 ./source/main.o
 .ARM.attributes
                0x000000ab       0x39 ./source/semihost_hardfault.o
 .ARM.attributes
                0x000000e4       0x39 ./drivers/fsl_dspi.o
 .ARM.attributes
                0x0000011d       0x39 ./drivers/fsl_gpio.o
 .ARM.attributes
                0x00000156       0x39 ./drivers/fsl_i2c.o
 .ARM.attributes
                0x0000018f       0x39 ./drivers/fsl_uart.o
 .ARM.attributes
                0x000001c8       0x39 ./board/pin_mux.o
 .ARM.attributes
                0x00000201       0x39 ./CMSIS/system_MK64F12.o
 .ARM.attributes
                0x0000023a       0x39 c:/nxp/mcuxpressoide_10.2.1_795/ide/tools/bin/../lib/gcc/arm-none-eabi/7.2.1/../../../../arm-none-eabi/lib/thumb/v7e-m/fpv4-sp/hard\libcr_semihost_nf.a(_cr__main.o)
 .ARM.attributes
                0x00000273       0x39 c:/nxp/mcuxpressoide_10.2.1_795/ide/tools/bin/../lib/gcc/arm-none-eabi/7.2.1/../../../../arm-none-eabi/lib/thumb/v7e-m/fpv4-sp/hard\libcr_semihost_nf.a(_cr_assert.o)
 .ARM.attributes
                0x000002ac       0x39 c:/nxp/mcuxpressoide_10.2.1_795/ide/tools/bin/../lib/gcc/arm-none-eabi/7.2.1/../../../../arm-none-eabi/lib/thumb/v7e-m/fpv4-sp/hard\libcr_semihost_nf.a(__ciob.o)
 .ARM.attributes
                0x000002e5       0x25 c:/nxp/mcuxpressoide_10.2.1_795/ide/tools/bin/../lib/gcc/arm-none-eabi/7.2.1/../../../../arm-none-eabi/lib/thumb/v7e-m/fpv4-sp/hard\libcr_semihost_nf.a(__sys_appexit.o)
 .ARM.attributes
                0x0000030a       0x39 c:/nxp/mcuxpressoide_10.2.1_795/ide/tools/bin/../lib/gcc/arm-none-eabi/7.2.1/../../../../arm-none-eabi/lib/thumb/v7e-m/fpv4-sp/hard\libcr_c.a(memset.o)
 .ARM.attributes
                0x00000343       0x39 c:/nxp/mcuxpressoide_10.2.1_795/ide/tools/bin/../lib/gcc/arm-none-eabi/7.2.1/../../../../arm-none-eabi/lib/thumb/v7e-m/fpv4-sp/hard\libcr_c.a(_deferredlazyseek.o)
 .ARM.attributes
                0x0000037c       0x39 c:/nxp/mcuxpressoide_10.2.1_795/ide/tools/bin/../lib/gcc/arm-none-eabi/7.2.1/../../../../arm-none-eabi/lib/thumb/v7e-m/fpv4-sp/hard\libcr_c.a(_fflush.o)
 .ARM.attributes
                0x000003b5       0x39 c:/nxp/mcuxpressoide_10.2.1_795/ide/tools/bin/../lib/gcc/arm-none-eabi/7.2.1/../../../../arm-none-eabi/lib/thumb/v7e-m/fpv4-sp/hard\libcr_c.a(_writebuf.o)
 .ARM.attributes
                0x000003ee       0x39 c:/nxp/mcuxpressoide_10.2.1_795/ide/tools/bin/../lib/gcc/arm-none-eabi/7.2.1/../../../../arm-none-eabi/lib/thumb/v7e-m/fpv4-sp/hard\libcr_c.a(alloc.o)
 .ARM.attributes
                0x00000427       0x39 c:/nxp/mcuxpressoide_10.2.1_795/ide/tools/bin/../lib/gcc/arm-none-eabi/7.2.1/../../../../arm-none-eabi/lib/thumb/v7e-m/fpv4-sp/hard\libcr_c.a(fputs.o)
 .ARM.attributes
                0x00000460       0x39 c:/nxp/mcuxpressoide_10.2.1_795/ide/tools/bin/../lib/gcc/arm-none-eabi/7.2.1/../../../../arm-none-eabi/lib/thumb/v7e-m/fpv4-sp/hard\libcr_c.a(fseek.o)
 .ARM.attributes
                0x00000499       0x39 c:/nxp/mcuxpressoide_10.2.1_795/ide/tools/bin/../lib/gcc/arm-none-eabi/7.2.1/../../../../arm-none-eabi/lib/thumb/v7e-m/fpv4-sp/hard\libcr_c.a(ftell.o)
 .ARM.attributes
                0x000004d2       0x39 c:/nxp/mcuxpressoide_10.2.1_795/ide/tools/bin/../lib/gcc/arm-none-eabi/7.2.1/../../../../arm-none-eabi/lib/thumb/v7e-m/fpv4-sp/hard\libcr_c.a(initio.o)
 .ARM.attributes
                0x0000050b       0x39 c:/nxp/mcuxpressoide_10.2.1_795/ide/tools/bin/../lib/gcc/arm-none-eabi/7.2.1/../../../../arm-none-eabi/lib/thumb/v7e-m/fpv4-sp/hard\libcr_c.a(setvbuf.o)
 .ARM.attributes
                0x00000544       0x39 c:/nxp/mcuxpressoide_10.2.1_795/ide/tools/bin/../lib/gcc/arm-none-eabi/7.2.1/../../../../arm-none-eabi/lib/thumb/v7e-m/fpv4-sp/hard\libcr_c.a(strlen.o)
 .ARM.attributes
                0x0000057d       0x39 c:/nxp/mcuxpressoide_10.2.1_795/ide/tools/bin/../lib/gcc/arm-none-eabi/7.2.1/../../../../arm-none-eabi/lib/thumb/v7e-m/fpv4-sp/hard\libcr_c.a(__init_alloc.o)
 .ARM.attributes
                0x000005b6       0x39 c:/nxp/mcuxpressoide_10.2.1_795/ide/tools/bin/../lib/gcc/arm-none-eabi/7.2.1/../../../../arm-none-eabi/lib/thumb/v7e-m/fpv4-sp/hard\libcr_c.a(_cr_sbrk.o)
 .ARM.attributes
                0x000005ef       0x39 c:/nxp/mcuxpressoide_10.2.1_795/ide/tools/bin/../lib/gcc/arm-none-eabi/7.2.1/../../../../arm-none-eabi/lib/thumb/v7e-m/fpv4-sp/hard\libcr_c.a(_fdopen.o)
 .ARM.attributes
                0x00000628       0x39 c:/nxp/mcuxpressoide_10.2.1_795/ide/tools/bin/../lib/gcc/arm-none-eabi/7.2.1/../../../../arm-none-eabi/lib/thumb/v7e-m/fpv4-sp/hard\libcr_c.a(errno.o)
 .ARM.attributes
                0x00000661       0x39 c:/nxp/mcuxpressoide_10.2.1_795/ide/tools/bin/../lib/gcc/arm-none-eabi/7.2.1/../../../../arm-none-eabi/lib/thumb/v7e-m/fpv4-sp/hard\libcr_c.a(fclose.o)
 .ARM.attributes
                0x0000069a       0x39 c:/nxp/mcuxpressoide_10.2.1_795/ide/tools/bin/../lib/gcc/arm-none-eabi/7.2.1/../../../../arm-none-eabi/lib/thumb/v7e-m/fpv4-sp/hard\libcr_c.a(fflush.o)
 .ARM.attributes
                0x000006d3       0x39 c:/nxp/mcuxpressoide_10.2.1_795/ide/tools/bin/../lib/gcc/arm-none-eabi/7.2.1/../../../../arm-none-eabi/lib/thumb/v7e-m/fpv4-sp/hard\libcr_c.a(remove.o)
 .ARM.attributes
                0x0000070c       0x39 c:/nxp/mcuxpressoide_10.2.1_795/ide/tools/bin/../lib/gcc/arm-none-eabi/7.2.1/../../../../arm-none-eabi/lib/thumb/v7e-m/fpv4-sp/hard\libcr_c.a(_cr_check_heap.o)
 .ARM.attributes
                0x00000745       0x39 c:/nxp/mcuxpressoide_10.2.1_795/ide/tools/bin/../lib/gcc/arm-none-eabi/7.2.1/../../../../arm-none-eabi/lib/thumb/v7e-m/fpv4-sp/hard\libcr_c.a(_do_fflush.o)
 .ARM.attributes
                0x0000077e       0x25 c:/nxp/mcuxpressoide_10.2.1_795/ide/tools/bin/../lib/gcc/arm-none-eabi/7.2.1/thumb/v7e-m/fpv4-sp/hard\libcr_eabihelpers.a(memcpy.o)
 .ARM.attributes
                0x000007a3       0x25 c:/nxp/mcuxpressoide_10.2.1_795/ide/tools/bin/../lib/gcc/arm-none-eabi/7.2.1/../../../../arm-none-eabi/lib/thumb/v7e-m/fpv4-sp/hard\libcr_semihost_nf.a(__sys_close.o)
 .ARM.attributes
                0x000007c8       0x25 c:/nxp/mcuxpressoide_10.2.1_795/ide/tools/bin/../lib/gcc/arm-none-eabi/7.2.1/../../../../arm-none-eabi/lib/thumb/v7e-m/fpv4-sp/hard\libcr_semihost_nf.a(__sys_flen.o)
 .ARM.attributes
                0x000007ed       0x25 c:/nxp/mcuxpressoide_10.2.1_795/ide/tools/bin/../lib/gcc/arm-none-eabi/7.2.1/../../../../arm-none-eabi/lib/thumb/v7e-m/fpv4-sp/hard\libcr_semihost_nf.a(__sys_istty.o)
 .ARM.attributes
                0x00000812       0x25 c:/nxp/mcuxpressoide_10.2.1_795/ide/tools/bin/../lib/gcc/arm-none-eabi/7.2.1/../../../../arm-none-eabi/lib/thumb/v7e-m/fpv4-sp/hard\libcr_semihost_nf.a(__sys_remove.o)
 .ARM.attributes
                0x00000837       0x25 c:/nxp/mcuxpressoide_10.2.1_795/ide/tools/bin/../lib/gcc/arm-none-eabi/7.2.1/../../../../arm-none-eabi/lib/thumb/v7e-m/fpv4-sp/hard\libcr_semihost_nf.a(__sys_seek.o)
 .ARM.attributes
                0x0000085c       0x25 c:/nxp/mcuxpressoide_10.2.1_795/ide/tools/bin/../lib/gcc/arm-none-eabi/7.2.1/../../../../arm-none-eabi/lib/thumb/v7e-m/fpv4-sp/hard\libcr_semihost_nf.a(__sys_tmpnam.o)
 .ARM.attributes
                0x00000881       0x25 c:/nxp/mcuxpressoide_10.2.1_795/ide/tools/bin/../lib/gcc/arm-none-eabi/7.2.1/../../../../arm-none-eabi/lib/thumb/v7e-m/fpv4-sp/hard\libcr_semihost_nf.a(__sys_write.o)

.debug_frame    0x00000000     0x2274
 .debug_frame   0x00000000      0x904 ./startup/startup_mk64f12.o
 .debug_frame   0x00000904      0x160 ./source/LEDs_and_SWs.o
 .debug_frame   0x00000a64       0x30 ./source/main.o
 .debug_frame   0x00000a94       0x20 ./source/semihost_hardfault.o
 .debug_frame   0x00000ab4      0x810 ./drivers/fsl_dspi.o
 .debug_frame   0x000012c4       0xec ./drivers/fsl_gpio.o
 .debug_frame   0x000013b0      0x694 ./drivers/fsl_i2c.o
 .debug_frame   0x00001a44      0x5ec ./drivers/fsl_uart.o
 .debug_frame   0x00002030      0x1d0 ./board/pin_mux.o
 .debug_frame   0x00002200       0x74 ./CMSIS/system_MK64F12.o
