Archive member included to satisfy reference by file (symbol)

c:/nxp/mcuxpressoide_10.2.1_795/ide/tools/bin/../lib/gcc/arm-none-eabi/7.2.1/../../../../arm-none-eabi/lib/thumb/v7e-m/fpv4-sp/hard\libcr_semihost_nf.a(_cr__main.o)
                              ./startup/startup_mk64f12.o (__main)
c:/nxp/mcuxpressoide_10.2.1_795/ide/tools/bin/../lib/gcc/arm-none-eabi/7.2.1/../../../../arm-none-eabi/lib/thumb/v7e-m/fpv4-sp/hard\libcr_semihost_nf.a(_cr_assert.o)
                              ./utilities/fsl_debug_console.o (__assertion_failed)
c:/nxp/mcuxpressoide_10.2.1_795/ide/tools/bin/../lib/gcc/arm-none-eabi/7.2.1/../../../../arm-none-eabi/lib/thumb/v7e-m/fpv4-sp/hard\libcr_semihost_nf.a(__ciob.o)
                              c:/nxp/mcuxpressoide_10.2.1_795/ide/tools/bin/../lib/gcc/arm-none-eabi/7.2.1/../../../../arm-none-eabi/lib/thumb/v7e-m/fpv4-sp/hard\libcr_semihost_nf.a(_cr_assert.o) (__Ciob)
c:/nxp/mcuxpressoide_10.2.1_795/ide/tools/bin/../lib/gcc/arm-none-eabi/7.2.1/../../../../arm-none-eabi/lib/thumb/v7e-m/fpv4-sp/hard\libcr_semihost_nf.a(__sys_appexit.o)
                              c:/nxp/mcuxpressoide_10.2.1_795/ide/tools/bin/../lib/gcc/arm-none-eabi/7.2.1/../../../../arm-none-eabi/lib/thumb/v7e-m/fpv4-sp/hard\libcr_semihost_nf.a(_cr_assert.o) (__sys_appexit)
c:/nxp/mcuxpressoide_10.2.1_795/ide/tools/bin/../lib/gcc/arm-none-eabi/7.2.1/../../../../arm-none-eabi/lib/thumb/v7e-m/fpv4-sp/hard\libcr_c.a(memcpy.o)
                              ./drivers/fsl_ftfx_cache.o (memcpy)
c:/nxp/mcuxpressoide_10.2.1_795/ide/tools/bin/../lib/gcc/arm-none-eabi/7.2.1/../../../../arm-none-eabi/lib/thumb/v7e-m/fpv4-sp/hard\libcr_c.a(memset.o)
                              ./drivers/fsl_dspi.o (memset)
c:/nxp/mcuxpressoide_10.2.1_795/ide/tools/bin/../lib/gcc/arm-none-eabi/7.2.1/../../../../arm-none-eabi/lib/thumb/v7e-m/fpv4-sp/hard\libcr_c.a(_deferredlazyseek.o)
                              c:/nxp/mcuxpressoide_10.2.1_795/ide/tools/bin/../lib/gcc/arm-none-eabi/7.2.1/../../../../arm-none-eabi/lib/thumb/v7e-m/fpv4-sp/hard\libcr_semihost_nf.a(_cr_assert.o) (__flsbuf)
c:/nxp/mcuxpressoide_10.2.1_795/ide/tools/bin/../lib/gcc/arm-none-eabi/7.2.1/../../../../arm-none-eabi/lib/thumb/v7e-m/fpv4-sp/hard\libcr_c.a(_fflush.o)
                              c:/nxp/mcuxpressoide_10.2.1_795/ide/tools/bin/../lib/gcc/arm-none-eabi/7.2.1/../../../../arm-none-eabi/lib/thumb/v7e-m/fpv4-sp/hard\libcr_c.a(_deferredlazyseek.o) (_fflush)
c:/nxp/mcuxpressoide_10.2.1_795/ide/tools/bin/../lib/gcc/arm-none-eabi/7.2.1/../../../../arm-none-eabi/lib/thumb/v7e-m/fpv4-sp/hard\libcr_c.a(_writebuf.o)
                              c:/nxp/mcuxpressoide_10.2.1_795/ide/tools/bin/../lib/gcc/arm-none-eabi/7.2.1/../../../../arm-none-eabi/lib/thumb/v7e-m/fpv4-sp/hard\libcr_c.a(_deferredlazyseek.o) (_Cwritebuf)
c:/nxp/mcuxpressoide_10.2.1_795/ide/tools/bin/../lib/gcc/arm-none-eabi/7.2.1/../../../../arm-none-eabi/lib/thumb/v7e-m/fpv4-sp/hard\libcr_c.a(alloc.o)
                              ./drivers/fsl_common.o (malloc)
c:/nxp/mcuxpressoide_10.2.1_795/ide/tools/bin/../lib/gcc/arm-none-eabi/7.2.1/../../../../arm-none-eabi/lib/thumb/v7e-m/fpv4-sp/hard\libcr_c.a(fputs.o)
                              c:/nxp/mcuxpressoide_10.2.1_795/ide/tools/bin/../lib/gcc/arm-none-eabi/7.2.1/../../../../arm-none-eabi/lib/thumb/v7e-m/fpv4-sp/hard\libcr_semihost_nf.a(_cr_assert.o) (fputs)
c:/nxp/mcuxpressoide_10.2.1_795/ide/tools/bin/../lib/gcc/arm-none-eabi/7.2.1/../../../../arm-none-eabi/lib/thumb/v7e-m/fpv4-sp/hard\libcr_c.a(fseek.o)
                              c:/nxp/mcuxpressoide_10.2.1_795/ide/tools/bin/../lib/gcc/arm-none-eabi/7.2.1/../../../../arm-none-eabi/lib/thumb/v7e-m/fpv4-sp/hard\libcr_c.a(_deferredlazyseek.o) (fseek)
c:/nxp/mcuxpressoide_10.2.1_795/ide/tools/bin/../lib/gcc/arm-none-eabi/7.2.1/../../../../arm-none-eabi/lib/thumb/v7e-m/fpv4-sp/hard\libcr_c.a(ftell.o)
                              c:/nxp/mcuxpressoide_10.2.1_795/ide/tools/bin/../lib/gcc/arm-none-eabi/7.2.1/../../../../arm-none-eabi/lib/thumb/v7e-m/fpv4-sp/hard\libcr_c.a(fseek.o) (ftell)
c:/nxp/mcuxpressoide_10.2.1_795/ide/tools/bin/../lib/gcc/arm-none-eabi/7.2.1/../../../../arm-none-eabi/lib/thumb/v7e-m/fpv4-sp/hard\libcr_c.a(initio.o)
                              c:/nxp/mcuxpressoide_10.2.1_795/ide/tools/bin/../lib/gcc/arm-none-eabi/7.2.1/../../../../arm-none-eabi/lib/thumb/v7e-m/fpv4-sp/hard\libcr_semihost_nf.a(_cr__main.o) (_initio)
c:/nxp/mcuxpressoide_10.2.1_795/ide/tools/bin/../lib/gcc/arm-none-eabi/7.2.1/../../../../arm-none-eabi/lib/thumb/v7e-m/fpv4-sp/hard\libcr_c.a(setvbuf.o)
                              c:/nxp/mcuxpressoide_10.2.1_795/ide/tools/bin/../lib/gcc/arm-none-eabi/7.2.1/../../../../arm-none-eabi/lib/thumb/v7e-m/fpv4-sp/hard\libcr_c.a(initio.o) (setvbuf)
c:/nxp/mcuxpressoide_10.2.1_795/ide/tools/bin/../lib/gcc/arm-none-eabi/7.2.1/../../../../arm-none-eabi/lib/thumb/v7e-m/fpv4-sp/hard\libcr_c.a(strlen.o)
                              ./utilities/fsl_str.o (strlen)
[...]
Memory Configuration

Name             Origin             Length             Attributes
PROGRAM_FLASH    0x00000000         0x00100000         xr
SRAM_UPPER       0x20000000         0x00030000         xrw
SRAM_LOWER       0x1fff0000         0x00010000         xrw
FLEX_RAM         0x14000000         0x00001000         xrw
*default*        0x00000000         0xffffffff

Linker script and memory map

LOAD ./utilities/fsl_debug_console.o
LOAD ./utilities/fsl_io.o
LOAD ./utilities/fsl_log.o
LOAD ./utilities/fsl_str.o
LOAD ./startup/startup_mk64f12.o
LOAD ./source/LEDs_and_SWs.o
LOAD ./source/main.o
LOAD ./drivers/fsl_adc16.o
LOAD ./drivers/fsl_clock.o
LOAD ./drivers/fsl_common.o
LOAD ./drivers/fsl_dspi.o
LOAD ./drivers/fsl_ftfx_cache.o
LOAD ./drivers/fsl_ftfx_controller.o
LOAD ./drivers/fsl_ftfx_flash.o
LOAD ./drivers/fsl_ftfx_flexnvm.o
LOAD ./drivers/fsl_gpio.o
LOAD ./drivers/fsl_i2c.o
LOAD ./drivers/fsl_rtc.o
LOAD ./drivers/fsl_smc.o
LOAD ./drivers/fsl_uart.o
LOAD ./board/board.o
LOAD ./board/clock_config.o
LOAD ./board/peripherals.o
LOAD ./board/pin_mux.o
LOAD ./CMSIS/system_MK64F12.o
START GROUP
LOAD c:/nxp/mcuxpressoide_10.2.1_795/ide/tools/bin/../lib/gcc/arm-none-eabi/7.2.1/../../../../arm-none-eabi/lib/thumb/v7e-m/fpv4-sp/hard\libcr_semihost_nf.a
LOAD c:/nxp/mcuxpressoide_10.2.1_795/ide/tools/bin/../lib/gcc/arm-none-eabi/7.2.1/../../../../arm-none-eabi/lib/thumb/v7e-m/fpv4-sp/hard\libcr_c.a
LOAD c:/nxp/mcuxpressoide_10.2.1_795/ide/tools/bin/../lib/gcc/arm-none-eabi/7.2.1/thumb/v7e-m/fpv4-sp/hard\libcr_eabihelpers.a
END GROUP
                0x00000000                __base_PROGRAM_FLASH = 0x0
                0x00000000                __base_Flash = 0x0
                0x00100000                __top_PROGRAM_FLASH = 0x100000
                0x00100000                __top_Flash = 0x100000
                0x20000000                __base_SRAM_UPPER = 0x20000000
                0x20000000                __base_RAM = 0x20000000
                0x20030000                __top_SRAM_UPPER = 0x20030000
                0x20030000                __top_RAM = 0x20030000
                0x1fff0000                __base_SRAM_LOWER = 0x1fff0000
                0x1fff0000                __base_RAM2 = 0x1fff0000
                0x20000000                __top_SRAM_LOWER = 0x20000000
                0x20000000                __top_RAM2 = 0x20000000
                0x14000000                __base_FLEX_RAM = 0x14000000
                0x14000000                __base_RAM3 = 0x14000000
                0x14001000                __top_FLEX_RAM = 0x14001000
                0x14001000                __top_RAM3 = 0x14001000

.text           0x00000000     0x1f70
 FILL mask 0xff
                0x00000000                __vectors_start__ = ABSOLUTE (.)
 *(SORT_BY_ALIGNMENT(.isr_vector))
 .isr_vector    0x00000000      0x198 ./startup/startup_mk64f12.o
                0x00000000                g_pfnVectors
                0x00000000                __Vectors
                0x00000198                . = ALIGN (0x4)
                0x00000198                __section_table_start = .
                0x00000198                __data_section_table = .
                0x00000198        0x4 LONG 0x1f70 LOADADDR (.data)
                0x0000019c        0x4 LONG 0x20000000 ADDR (.data)
                0x000001a0        0x4 LONG 0x0 SIZEOF (.data)
                0x000001a4        0x4 LONG 0x1f70 LOADADDR (.data_RAM2)
                0x000001a8        0x4 LONG 0x1fff0000 ADDR (.data_RAM2)
                0x000001ac        0x4 LONG 0x0 SIZEOF (.data_RAM2)
                0x000001b0        0x4 LONG 0x1f70 LOADADDR (.data_RAM3)
                0x000001b4        0x4 LONG 0x14000000 ADDR (.data_RAM3)
                0x000001b8        0x4 LONG 0x0 SIZEOF (.data_RAM3)
                0x000001bc                __data_section_table_end = .
                0x000001bc                __bss_section_table = .
                0x000001bc        0x4 LONG 0x20000000 ADDR (.bss)
                0x000001c0        0x4 LONG 0x108 SIZEOF (.bss)
                0x000001c4        0x4 LONG 0x1fff0000 ADDR (.bss_RAM2)
                0x000001c8        0x4 LONG 0x0 SIZEOF (.bss_RAM2)
                0x000001cc        0x4 LONG 0x14000000 ADDR (.bss_RAM3)
                0x000001d0        0x4 LONG 0x0 SIZEOF (.bss_RAM3)
                0x000001d4                __bss_section_table_end = .
                0x000001d4                __section_table_end = .
 *(SORT_BY_ALIGNMENT(.after_vectors*))
 .after_vectors.reset
                0x000001d4       0x4c ./startup/startup_mk64f12.o
                0x000001d4                ResetISR
 .after_vectors.init_data
                0x00000220       0x1e ./startup/startup_mk64f12.o
                0x00000220                data_init
 .after_vectors.init_bss
                0x0000023e       0x12 ./startup/startup_mk64f12.o
                0x0000023e                bss_init
 .after_vectors
                0x00000250       0x14 ./startup/startup_mk64f12.o
                0x00000250                NMI_Handler
                0x00000252                HardFault_Handler
                0x00000254                MemManage_Handler
                0x00000256                BusFault_Handler
                0x00000258                UsageFault_Handler
                0x0000025a                SVC_Handler
                0x0000025c                DebugMon_Handler
                0x0000025e                PendSV_Handler
                0x00000260                SysTick_Handler
                0x00000262                DMA_Error_DriverIRQHandler
                0x00000262                FTM1_DriverIRQHandler
                0x00000262                FTM2_DriverIRQHandler
                0x00000262                PIT2_DriverIRQHandler
                0x00000262                SDHC_DriverIRQHandler
                0x00000262                I2S0_Tx_DriverIRQHandler
                0x00000262                RTC_Seconds_DriverIRQHandler
                0x00000262                DMA6_DriverIRQHandler
                0x00000262                LLWU_DriverIRQHandler
                0x00000262                MCM_DriverIRQHandler
                0x00000262                MCG_DriverIRQHandler
                0x00000262                ENET_1588_Timer_DriverIRQHandler
                0x00000262                DAC1_DriverIRQHandler
                0x00000262                LPTMR0_DriverIRQHandler
                0x00000262                CMP1_DriverIRQHandler
                0x00000262                FTM0_DriverIRQHandler
                0x00000262                IntDefaultHandler
                0x00000262                USB0_DriverIRQHandler
                0x00000262                UART5_ERR_DriverIRQHandler
                0x00000262                PORTC_DriverIRQHandler
                0x00000262                DMA11_DriverIRQHandler
                0x00000262                DAC0_DriverIRQHandler
                0x00000262                DMA10_DriverIRQHandler
                0x00000262                CMP2_DriverIRQHandler
                0x00000262                UART2_ERR_DriverIRQHandler
                0x00000262                LVD_LVW_DriverIRQHandler
                0x00000262                PIT0_DriverIRQHandler
                0x00000262                DMA12_DriverIRQHandler
                0x00000262                DMA5_DriverIRQHandler
                0x00000262                DMA4_DriverIRQHandler
                0x00000262                USBDCD_DriverIRQHandler
                0x00000262                UART3_ERR_DriverIRQHandler
                0x00000262                DMA3_DriverIRQHandler
                0x00000262                DMA8_DriverIRQHandler
                0x00000262                DMA9_DriverIRQHandler
                0x00000262                UART0_ERR_DriverIRQHandler
                0x00000262                CMT_DriverIRQHandler
                0x00000262                Reserved71_DriverIRQHandler
                0x00000262                ADC1_DriverIRQHandler
                0x00000262                PORTA_DriverIRQHandler
                0x00000262                DMA14_DriverIRQHandler
                0x00000262                PIT3_DriverIRQHandler
                0x00000262                PIT1_DriverIRQHandler
                0x00000262                WDOG_EWM_DriverIRQHandler
                0x00000262                PDB0_DriverIRQHandler
                0x00000262                RTC_DriverIRQHandler
                0x00000262                I2S0_Rx_DriverIRQHandler
                0x00000262                Read_Collision_DriverIRQHandler
                0x00000262                SWI_DriverIRQHandler
                0x00000262                UART4_ERR_DriverIRQHandler
                0x00000262                PORTB_DriverIRQHandler
                0x00000262                UART0_LON_DriverIRQHandler
                0x00000262                DMA0_DriverIRQHandler
                0x00000262                DMA1_DriverIRQHandler
                0x00000262                ENET_Receive_DriverIRQHandler
                0x00000262                DMA13_DriverIRQHandler
                0x00000262                ENET_Error_DriverIRQHandler
                0x00000262                DMA15_DriverIRQHandler
                0x00000262                ADC0_DriverIRQHandler
                0x00000262                CMP0_DriverIRQHandler
                0x00000262                CAN0_DriverIRQHandler
                0x00000262                FTM3_DriverIRQHandler
                0x00000262                RNG_DriverIRQHandler
                0x00000262                UART1_ERR_DriverIRQHandler
                0x00000262                DMA2_DriverIRQHandler
                0x00000262                ENET_Transmit_DriverIRQHandler
                0x00000262                PORTD_DriverIRQHandler
                0x00000262                PORTE_DriverIRQHandler
                0x00000262                FTFE_DriverIRQHandler
                0x00000262                DMA7_DriverIRQHandler
                0x00000400                . = 0x400
 *fill*         0x00000264      0x19c ff
                0x00000400                PROVIDE (__FLASH_CONFIG_START__, .)
 *(SORT_BY_ALIGNMENT(.FlashConfig))
 .FlashConfig   0x00000400       0x10 ./startup/startup_mk64f12.o
                0x00000400                Flash_Config
                0x00000410                PROVIDE (__FLASH_CONFIG_END__, .)
                0x00000001                ASSERT (! ((__FLASH_CONFIG_START__ == __FLASH_CONFIG_END__)), Linker Flash Config Support Enabled, but no .FlashConfig section provided within application)
 *(SORT_BY_ALIGNMENT(.text*))
 .text.PORTA_IRQHandler
                0x00000410       0x24 ./source/LEDs_and_SWs.o
                0x00000410                PORTA_IRQHandler
 .text.PORTC_IRQHandler
                0x00000434       0x24 ./source/LEDs_and_SWs.o
                0x00000434                PORTC_IRQHandler
 .text.Color_Blue
                0x00000458       0x38 ./source/LEDs_and_SWs.o
                0x00000458                Color_Blue
 .text.Color_Red
                0x00000490       0x38 ./source/LEDs_and_SWs.o
                0x00000490                Color_Red
 .text.Color_Green
                0x000004c8       0x38 ./source/LEDs_and_SWs.o
                0x000004c8                Color_Green
 .text.Color_white
                0x00000500       0x4c ./source/LEDs_and_SWs.o
                0x00000500                Color_white
 .text.Color_yellow
                0x0000054c       0x44 ./source/LEDs_and_SWs.o
                0x0000054c                Color_yellow
 .text.Color_OFF
                0x00000590       0x30 ./source/LEDs_and_SWs.o
                0x00000590                Color_OFF
 .text.Color_get_next_color
                0x000005c0       0x18 ./source/LEDs_and_SWs.o
                0x000005c0                Color_get_next_color
 .text.main     0x000005d8       0x60 ./source/main.o
                0x000005d8                main
 .text.DSPI_CommonIRQHandler
                0x00000638       0x40 ./drivers/fsl_dspi.o
 .text.SPI0_DriverIRQHandler
                0x00000678       0x30 ./drivers/fsl_dspi.o
                0x00000678                SPI0_DriverIRQHandler
 .text.SPI1_DriverIRQHandler
                0x000006a8       0x30 ./drivers/fsl_dspi.o
                0x000006a8                SPI1_DriverIRQHandler
 .text.SPI2_DriverIRQHandler
                0x000006d8       0x30 ./drivers/fsl_dspi.o
                0x000006d8                SPI2_DriverIRQHandler
 .text.GPIO_GetInstance
                0x00000708       0x4c ./drivers/fsl_gpio.o
 .text.GPIO_PinInit
                0x00000754       0x64 ./drivers/fsl_gpio.o
                0x00000754                GPIO_PinInit
 .text.GPIO_PortClearInterruptFlags
                0x000007b8       0x34 ./drivers/fsl_gpio.o
                0x000007b8                GPIO_PortClearInterruptFlags
 .text.I2C_TransferCommonIRQHandler
                0x000007ec       0x50 ./drivers/fsl_i2c.o
 .text.I2C0_DriverIRQHandler
                0x0000083c       0x1c ./drivers/fsl_i2c.o
                0x0000083c                I2C0_DriverIRQHandler
 .text.I2C1_DriverIRQHandler
                0x00000858       0x1c ./drivers/fsl_i2c.o
                0x00000858                I2C1_DriverIRQHandler
 .text.I2C2_DriverIRQHandler
                0x00000874       0x1c ./drivers/fsl_i2c.o
                0x00000874                I2C2_DriverIRQHandler
 .text.UART0_DriverIRQHandler
                0x00000890       0x28 ./drivers/fsl_uart.o
                0x00000890                UART0_DriverIRQHandler
 .text.UART1_DriverIRQHandler
                0x000008b8       0x28 ./drivers/fsl_uart.o
                0x000008b8                UART1_DriverIRQHandler
 .text.UART2_DriverIRQHandler
                0x000008e0       0x28 ./drivers/fsl_uart.o
                0x000008e0                UART2_DriverIRQHandler
 .text.UART3_DriverIRQHandler
                0x00000908       0x28 ./drivers/fsl_uart.o
                0x00000908                UART3_DriverIRQHandler
 .text.UART4_DriverIRQHandler
                0x00000930       0x28 ./drivers/fsl_uart.o
                0x00000930                UART4_DriverIRQHandler
 .text.UART5_DriverIRQHandler
                0x00000958       0x28 ./drivers/fsl_uart.o
                0x00000958                UART5_DriverIRQHandler
 .text.__NVIC_EnableIRQ
                0x00000980       0x3c ./board/pin_mux.o
 .text.__NVIC_SetPriority
                0x000009bc       0x54 ./board/pin_mux.o
 .text.PORT_SetPinConfig
                0x00000a10       0x38 ./board/pin_mux.o
 .text.BOARD_InitButtons
                0x00000a48       0xcc ./board/pin_mux.o
                0x00000a48                BOARD_InitButtons
 .text.BOARD_InitLEDs
                0x00000b14       0xdc ./board/pin_mux.o
                0x00000b14                BOARD_InitLEDs
 .text.BOARD_InitDEBUG_UART
                0x00000bf0       0x6c ./board/pin_mux.o
                0x00000bf0                BOARD_InitDEBUG_UART
 .text.SystemInit
                0x00000c5c       0x3c ./CMSIS/system_MK64F12.o
                0x00000c5c                SystemInit
 .text.__assertion_failed
                0x00000c98       0x4c c:/nxp/mcuxpressoide_10.2.1_795/ide/tools/bin/../lib/gcc/arm-none-eabi/7.2.1/../../../../arm-none-eabi/lib/thumb/v7e-m/fpv4-sp/hard\libcr_semihost_nf.a(_cr_assert.o)
                0x00000c98                __assertion_failed
 .text.__sys_appexit
                0x00000ce4        0xc c:/nxp/mcuxpressoide_10.2.1_795/ide/tools/bin/../lib/gcc/arm-none-eabi/7.2.1/../../../../arm-none-eabi/lib/thumb/v7e-m/fpv4-sp/hard\libcr_semihost_nf.a(__sys_appexit.o)
                0x00000ce4                __sys_appexit
                0x00000ce4                __exit
 .text._Cwritebuf
                0x00000cf0       0x6c c:/nxp/mcuxpressoide_10.2.1_795/ide/tools/bin/../lib/gcc/arm-none-eabi/7.2.1/../../../../arm-none-eabi/lib/thumb/v7e-m/fpv4-sp/hard\libcr_c.a(_writebuf.o)
                0x00000cf0                _Cwritebuf
 .text.malloc   0x00000d5c       0xc8 c:/nxp/mcuxpressoide_10.2.1_795/ide/tools/bin/../lib/gcc/arm-none-eabi/7.2.1/../../../../arm-none-eabi/lib/thumb/v7e-m/fpv4-sp/hard\libcr_c.a(alloc.o)
                0x00000d5c                malloc
 .text._Csys_alloc
                0x00000e24       0x20 c:/nxp/mcuxpressoide_10.2.1_795/ide/tools/bin/../lib/gcc/arm-none-eabi/7.2.1/../../../../arm-none-eabi/lib/thumb/v7e-m/fpv4-sp/hard\libcr_c.a(alloc.o)
                0x00000e24                _Csys_alloc
 .text.fseek    0x00000e44      0x100 c:/nxp/mcuxpressoide_10.2.1_795/ide/tools/bin/../lib/gcc/arm-none-eabi/7.2.1/../../../../arm-none-eabi/lib/thumb/v7e-m/fpv4-sp/hard\libcr_c.a(fseek.o)
                0x00000e44                fseek
 .text.ftell    0x00000f44       0x44 c:/nxp/mcuxpressoide_10.2.1_795/ide/tools/bin/../lib/gcc/arm-none-eabi/7.2.1/../../../../arm-none-eabi/lib/thumb/v7e-m/fpv4-sp/hard\libcr_c.a(ftell.o)
                0x00000f44                ftell
 .text._initio  0x00000f88       0x78 c:/nxp/mcuxpressoide_10.2.1_795/ide/tools/bin/../lib/gcc/arm-none-eabi/7.2.1/../../../../arm-none-eabi/lib/thumb/v7e-m/fpv4-sp/hard\libcr_c.a(initio.o)
                0x00000f88                _initio
 .text.setvbuf  0x00001000       0x40 c:/nxp/mcuxpressoide_10.2.1_795/ide/tools/bin/../lib/gcc/arm-none-eabi/7.2.1/../../../../arm-none-eabi/lib/thumb/v7e-m/fpv4-sp/hard\libcr_c.a(setvbuf.o)
                0x00001000                setvbuf
 .text._sbrk    0x00001040       0x3c c:/nxp/mcuxpressoide_10.2.1_795/ide/tools/bin/../lib/gcc/arm-none-eabi/7.2.1/../../../../arm-none-eabi/lib/thumb/v7e-m/fpv4-sp/hard\libcr_c.a(_cr_sbrk.o)
                0x00001040                _sbrk
 .text.fflush   0x0000107c       0x44 c:/nxp/mcuxpressoide_10.2.1_795/ide/tools/bin/../lib/gcc/arm-none-eabi/7.2.1/../../../../arm-none-eabi/lib/thumb/v7e-m/fpv4-sp/hard\libcr_c.a(fflush.o)
                0x0000107c                fflush
 .text.__check_heap_overflow
                0x000010c0       0x18 c:/nxp/mcuxpressoide_10.2.1_795/ide/tools/bin/../lib/gcc/arm-none-eabi/7.2.1/../../../../arm-none-eabi/lib/thumb/v7e-m/fpv4-sp/hard\libcr_c.a(_cr_check_heap.o)
                0x000010c0                __check_heap_overflow
 .text.DMA0_IRQHandler
                0x000010d8        0x8 ./startup/startup_mk64f12.o
                0x000010d8                DMA0_IRQHandler
 .text.DMA1_IRQHandler
                0x000010e0        0x8 ./startup/startup_mk64f12.o
                0x000010e0                DMA1_IRQHandler
 .text.DMA2_IRQHandler
                0x000010e8        0x8 ./startup/startup_mk64f12.o
                0x000010e8                DMA2_IRQHandler
 .text.DMA3_IRQHandler
                0x000010f0        0x8 ./startup/startup_mk64f12.o
                0x000010f0                DMA3_IRQHandler
 .text.DMA4_IRQHandler
                0x000010f8        0x8 ./startup/startup_mk64f12.o
                0x000010f8                DMA4_IRQHandler
 .text.DMA5_IRQHandler
                0x00001100        0x8 ./startup/startup_mk64f12.o
                0x00001100                DMA5_IRQHandler
 .text.DMA6_IRQHandler
                0x00001108        0x8 ./startup/startup_mk64f12.o
                0x00001108                DMA6_IRQHandler
 .text.DMA7_IRQHandler
                0x00001110        0x8 ./startup/startup_mk64f12.o
                0x00001110                DMA7_IRQHandler
 .text.DMA8_IRQHandler
                0x00001118        0x8 ./startup/startup_mk64f12.o
                0x00001118                DMA8_IRQHandler
 .text.DMA9_IRQHandler
                0x00001120        0x8 ./startup/startup_mk64f12.o
                0x00001120                DMA9_IRQHandler
 .text.DMA10_IRQHandler
                0x00001128        0x8 ./startup/startup_mk64f12.o
                0x00001128                DMA10_IRQHandler
 .text.DMA11_IRQHandler
                0x00001130        0x8 ./startup/startup_mk64f12.o
                0x00001130                DMA11_IRQHandler
 .text.DMA12_IRQHandler
                0x00001138        0x8 ./startup/startup_mk64f12.o
                0x00001138                DMA12_IRQHandler
 .text.DMA13_IRQHandler
                0x00001140        0x8 ./startup/startup_mk64f12.o
                0x00001140                DMA13_IRQHandler
 .text.DMA14_IRQHandler
                0x00001148        0x8 ./startup/startup_mk64f12.o
                0x00001148                DMA14_IRQHandler
 .text.DMA15_IRQHandler
                0x00001150        0x8 ./startup/startup_mk64f12.o
                0x00001150                DMA15_IRQHandler
 .text.DMA_Error_IRQHandler
                0x00001158        0x8 ./startup/startup_mk64f12.o
                0x00001158                DMA_Error_IRQHandler
 .text.MCM_IRQHandler
                0x00001160        0x8 ./startup/startup_mk64f12.o
                0x00001160                MCM_IRQHandler
 .text.FTFE_IRQHandler
                0x00001168        0x8 ./startup/startup_mk64f12.o
                0x00001168                FTFE_IRQHandler
 .text.Read_Collision_IRQHandler
                0x00001170        0x8 ./startup/startup_mk64f12.o
                0x00001170                Read_Collision_IRQHandler
 .text.LVD_LVW_IRQHandler
                0x00001178        0x8 ./startup/startup_mk64f12.o
                0x00001178                LVD_LVW_IRQHandler
 .text.LLWU_IRQHandler
                0x00001180        0x8 ./startup/startup_mk64f12.o
                0x00001180                LLWU_IRQHandler
 .text.WDOG_EWM_IRQHandler
                0x00001188        0x8 ./startup/startup_mk64f12.o
                0x00001188                WDOG_EWM_IRQHandler
 .text.RNG_IRQHandler
                0x00001190        0x8 ./startup/startup_mk64f12.o
                0x00001190                RNG_IRQHandler
 .text.I2C0_IRQHandler
                0x00001198        0x8 ./startup/startup_mk64f12.o
                0x00001198                I2C0_IRQHandler
 .text.I2C1_IRQHandler
                0x000011a0        0x8 ./startup/startup_mk64f12.o
                0x000011a0                I2C1_IRQHandler
 .text.SPI0_IRQHandler
                0x000011a8        0x8 ./startup/startup_mk64f12.o
                0x000011a8                SPI0_IRQHandler
 .text.SPI1_IRQHandler
                0x000011b0        0x8 ./startup/startup_mk64f12.o
                0x000011b0                SPI1_IRQHandler
 .text.I2S0_Tx_IRQHandler
                0x000011b8        0x8 ./startup/startup_mk64f12.o
                0x000011b8                I2S0_Tx_IRQHandler
 .text.I2S0_Rx_IRQHandler
                0x000011c0        0x8 ./startup/startup_mk64f12.o
                0x000011c0                I2S0_Rx_IRQHandler
 .text.UART0_LON_IRQHandler
                0x000011c8        0x8 ./startup/startup_mk64f12.o
                0x000011c8                UART0_LON_IRQHandler
 .text.UART0_RX_TX_IRQHandler
                0x000011d0        0x8 ./startup/startup_mk64f12.o
                0x000011d0                UART0_RX_TX_IRQHandler
 .text.UART0_ERR_IRQHandler
                0x000011d8        0x8 ./startup/startup_mk64f12.o
                0x000011d8                UART0_ERR_IRQHandler
 .text.UART1_RX_TX_IRQHandler
                0x000011e0        0x8 ./startup/startup_mk64f12.o
                0x000011e0                UART1_RX_TX_IRQHandler
 .text.UART1_ERR_IRQHandler
                0x000011e8        0x8 ./startup/startup_mk64f12.o
                0x000011e8                UART1_ERR_IRQHandler
 .text.UART2_RX_TX_IRQHandler
                0x000011f0        0x8 ./startup/startup_mk64f12.o
                0x000011f0                UART2_RX_TX_IRQHandler
 .text.UART2_ERR_IRQHandler
                0x000011f8        0x8 ./startup/startup_mk64f12.o
                0x000011f8                UART2_ERR_IRQHandler
 .text.UART3_RX_TX_IRQHandler
                0x00001200        0x8 ./startup/startup_mk64f12.o
                0x00001200                UART3_RX_TX_IRQHandler
 .text.UART3_ERR_IRQHandler
                0x00001208        0x8 ./startup/startup_mk64f12.o
                0x00001208                UART3_ERR_IRQHandler
 .text.ADC0_IRQHandler
                0x00001210        0x8 ./startup/startup_mk64f12.o
                0x00001210                ADC0_IRQHandler
 .text.CMP0_IRQHandler
                0x00001218        0x8 ./startup/startup_mk64f12.o
                0x00001218                CMP0_IRQHandler
 .text.CMP1_IRQHandler
                0x00001220        0x8 ./startup/startup_mk64f12.o
                0x00001220                CMP1_IRQHandler
 .text.FTM0_IRQHandler
                0x00001228        0x8 ./startup/startup_mk64f12.o
                0x00001228                FTM0_IRQHandler
 .text.FTM1_IRQHandler
                0x00001230        0x8 ./startup/startup_mk64f12.o
                0x00001230                FTM1_IRQHandler
 .text.FTM2_IRQHandler
                0x00001238        0x8 ./startup/startup_mk64f12.o
                0x00001238                FTM2_IRQHandler
 .text.CMT_IRQHandler
                0x00001240        0x8 ./startup/startup_mk64f12.o
                0x00001240                CMT_IRQHandler
 .text.RTC_IRQHandler
                0x00001248        0x8 ./startup/startup_mk64f12.o
                0x00001248                RTC_IRQHandler
 .text.RTC_Seconds_IRQHandler
                0x00001250        0x8 ./startup/startup_mk64f12.o
                0x00001250                RTC_Seconds_IRQHandler
 .text.PIT0_IRQHandler
                0x00001258        0x8 ./startup/startup_mk64f12.o
                0x00001258                PIT0_IRQHandler
 .text.PIT1_IRQHandler
                0x00001260        0x8 ./startup/startup_mk64f12.o
                0x00001260                PIT1_IRQHandler
 .text.PIT2_IRQHandler
                0x00001268        0x8 ./startup/startup_mk64f12.o
                0x00001268                PIT2_IRQHandler
 .text.PIT3_IRQHandler
                0x00001270        0x8 ./startup/startup_mk64f12.o
                0x00001270                PIT3_IRQHandler
 .text.PDB0_IRQHandler
                0x00001278        0x8 ./startup/startup_mk64f12.o
                0x00001278                PDB0_IRQHandler
 .text.USB0_IRQHandler
                0x00001280        0x8 ./startup/startup_mk64f12.o
                0x00001280                USB0_IRQHandler
 .text.USBDCD_IRQHandler
                0x00001288        0x8 ./startup/startup_mk64f12.o
                0x00001288                USBDCD_IRQHandler
 .text.Reserved71_IRQHandler
                0x00001290        0x8 ./startup/startup_mk64f12.o
                0x00001290                Reserved71_IRQHandler
 .text.DAC0_IRQHandler
                0x00001298        0x8 ./startup/startup_mk64f12.o
                0x00001298                DAC0_IRQHandler
 .text.MCG_IRQHandler
                0x000012a0        0x8 ./startup/startup_mk64f12.o
                0x000012a0                MCG_IRQHandler
 .text.LPTMR0_IRQHandler
                0x000012a8        0x8 ./startup/startup_mk64f12.o
                0x000012a8                LPTMR0_IRQHandler
 .text.PORTB_IRQHandler
                0x000012b0        0x8 ./startup/startup_mk64f12.o
                0x000012b0                PORTB_IRQHandler
 .text.PORTD_IRQHandler
                0x000012b8        0x8 ./startup/startup_mk64f12.o
                0x000012b8                PORTD_IRQHandler
 .text.PORTE_IRQHandler
                0x000012c0        0x8 ./startup/startup_mk64f12.o
                0x000012c0                PORTE_IRQHandler
 .text.SWI_IRQHandler
                0x000012c8        0x8 ./startup/startup_mk64f12.o
                0x000012c8                SWI_IRQHandler
 .text.SPI2_IRQHandler
                0x000012d0        0x8 ./startup/startup_mk64f12.o
                0x000012d0                SPI2_IRQHandler
 .text.UART4_RX_TX_IRQHandler
                0x000012d8        0x8 ./startup/startup_mk64f12.o
                0x000012d8                UART4_RX_TX_IRQHandler
 .text.UART4_ERR_IRQHandler
                0x000012e0        0x8 ./startup/startup_mk64f12.o
                0x000012e0                UART4_ERR_IRQHandler
 .text.UART5_RX_TX_IRQHandler
                0x000012e8        0x8 ./startup/startup_mk64f12.o
                0x000012e8                UART5_RX_TX_IRQHandler
 .text.UART5_ERR_IRQHandler
                0x000012f0        0x8 ./startup/startup_mk64f12.o
                0x000012f0                UART5_ERR_IRQHandler
 .text.CMP2_IRQHandler
                0x000012f8        0x8 ./startup/startup_mk64f12.o
                0x000012f8                CMP2_IRQHandler
 .text.FTM3_IRQHandler
                0x00001300        0x8 ./startup/startup_mk64f12.o
                0x00001300                FTM3_IRQHandler
 .text.DAC1_IRQHandler
                0x00001308        0x8 ./startup/startup_mk64f12.o
                0x00001308                DAC1_IRQHandler
 .text.ADC1_IRQHandler
                0x00001310        0x8 ./startup/startup_mk64f12.o
                0x00001310                ADC1_IRQHandler
 .text.I2C2_IRQHandler
                0x00001318        0x8 ./startup/startup_mk64f12.o
                0x00001318                I2C2_IRQHandler
 .text.CAN0_ORed_Message_buffer_IRQHandler
                0x00001320        0x8 ./startup/startup_mk64f12.o
                0x00001320                CAN0_ORed_Message_buffer_IRQHandler
 .text.CAN0_Bus_Off_IRQHandler
                0x00001328        0x8 ./startup/startup_mk64f12.o
                0x00001328                CAN0_Bus_Off_IRQHandler
 .text.CAN0_Error_IRQHandler
                0x00001330        0x8 ./startup/startup_mk64f12.o
                0x00001330                CAN0_Error_IRQHandler
 .text.CAN0_Tx_Warning_IRQHandler
                0x00001338        0x8 ./startup/startup_mk64f12.o
                0x00001338                CAN0_Tx_Warning_IRQHandler
 .text.CAN0_Rx_Warning_IRQHandler
                0x00001340        0x8 ./startup/startup_mk64f12.o
                0x00001340                CAN0_Rx_Warning_IRQHandler
 .text.CAN0_Wake_Up_IRQHandler
                0x00001348        0x8 ./startup/startup_mk64f12.o
                0x00001348                CAN0_Wake_Up_IRQHandler
 .text.SDHC_IRQHandler
                0x00001350        0x8 ./startup/startup_mk64f12.o
                0x00001350                SDHC_IRQHandler
 .text.ENET_1588_Timer_IRQHandler
                0x00001358        0x8 ./startup/startup_mk64f12.o
                0x00001358                ENET_1588_Timer_IRQHandler
 .text.ENET_Transmit_IRQHandler
                0x00001360        0x8 ./startup/startup_mk64f12.o
                0x00001360                ENET_Transmit_IRQHandler
 .text.ENET_Receive_IRQHandler
                0x00001368        0x8 ./startup/startup_mk64f12.o
                0x00001368                ENET_Receive_IRQHandler
 .text.ENET_Error_IRQHandler
                0x00001370        0x8 ./startup/startup_mk64f12.o
                0x00001370                ENET_Error_IRQHandler
 .text.GPIO_PortSet
                0x00001378       0x1c ./source/LEDs_and_SWs.o
 .text.GPIO_SetPinsOutput
                0x00001394       0x1a ./source/LEDs_and_SWs.o
 .text.GPIO_PortClear
                0x000013ae       0x1c ./source/LEDs_and_SWs.o
 .text.GPIO_ClearPinsOutput
                0x000013ca       0x1a ./source/LEDs_and_SWs.o
 .text.DSPI_IsMaster
                0x000013e4       0x1c ./drivers/fsl_dspi.o
 .text.GPIO_PinWrite
                0x00001400       0x36 ./drivers/fsl_gpio.o
 .text.GPIO_WritePinOutput
                0x00001436       0x22 ./drivers/fsl_gpio.o
 .text.UART0_RX_TX_DriverIRQHandler
                0x00001458       0x10 ./drivers/fsl_uart.o
                0x00001458                UART0_RX_TX_DriverIRQHandler
 .text.UART1_RX_TX_DriverIRQHandler
                0x00001468       0x10 ./drivers/fsl_uart.o
                0x00001468                UART1_RX_TX_DriverIRQHandler
 .text.UART2_RX_TX_DriverIRQHandler
                0x00001478       0x10 ./drivers/fsl_uart.o
                0x00001478                UART2_RX_TX_DriverIRQHandler
 .text.UART3_RX_TX_DriverIRQHandler
                0x00001488       0x10 ./drivers/fsl_uart.o
                0x00001488                UART3_RX_TX_DriverIRQHandler
 .text.UART4_RX_TX_DriverIRQHandler
                0x00001498       0x10 ./drivers/fsl_uart.o
                0x00001498                UART4_RX_TX_DriverIRQHandler
 .text.UART5_RX_TX_DriverIRQHandler
                0x000014a8       0x10 ./drivers/fsl_uart.o
                0x000014a8                UART5_RX_TX_DriverIRQHandler
 .text.CLOCK_EnableClock
                0x000014b8       0x34 ./board/pin_mux.o
 .text.PORT_SetPinInterruptConfig
                0x000014ec       0x3a ./board/pin_mux.o
 .text.BOARD_InitBootPins
                0x00001526       0x10 ./board/pin_mux.o
                0x00001526                BOARD_InitBootPins
 .text.BOARD_InitPins
                0x00001536       0x10 ./board/pin_mux.o
                0x00001536                BOARD_InitPins
 .text.SystemInitHook
                0x00001546        0xe ./CMSIS/system_MK64F12.o
                0x00001546                SystemInitHook
 .text.__main   0x00001554        0xe c:/nxp/mcuxpressoide_10.2.1_795/ide/tools/bin/../lib/gcc/arm-none-eabi/7.2.1/../../../../arm-none-eabi/lib/thumb/v7e-m/fpv4-sp/hard\libcr_semihost_nf.a(_cr__main.o)
                0x00001554                __CR_SEMIHOST
                0x00001554                __main
 .text.memset   0x00001562        0x4 c:/nxp/mcuxpressoide_10.2.1_795/ide/tools/bin/../lib/gcc/arm-none-eabi/7.2.1/../../../../arm-none-eabi/lib/thumb/v7e-m/fpv4-sp/hard\libcr_c.a(memset.o)
                0x00001562                memset
 .text._deferredlazyseek
                0x00001566       0x40 c:/nxp/mcuxpressoide_10.2.1_795/ide/tools/bin/../lib/gcc/arm-none-eabi/7.2.1/../../../../arm-none-eabi/lib/thumb/v7e-m/fpv4-sp/hard\libcr_c.a(_deferredlazyseek.o)
                0x00001566                _deferredlazyseek
 .text.__flsbuf
                0x000015a6      0x140 c:/nxp/mcuxpressoide_10.2.1_795/ide/tools/bin/../lib/gcc/arm-none-eabi/7.2.1/../../../../arm-none-eabi/lib/thumb/v7e-m/fpv4-sp/hard\libcr_c.a(_deferredlazyseek.o)
                0x000015a6                __flsbuf
 .text._fflush  0x000016e6       0x52 c:/nxp/mcuxpressoide_10.2.1_795/ide/tools/bin/../lib/gcc/arm-none-eabi/7.2.1/../../../../arm-none-eabi/lib/thumb/v7e-m/fpv4-sp/hard\libcr_c.a(_fflush.o)
                0x000016e6                _fflush
 .text.free     0x00001738       0x30 c:/nxp/mcuxpressoide_10.2.1_795/ide/tools/bin/../lib/gcc/arm-none-eabi/7.2.1/../../../../arm-none-eabi/lib/thumb/v7e-m/fpv4-sp/hard\libcr_c.a(alloc.o)
                0x00001738                free
 .text.fputs    0x00001768       0x2c c:/nxp/mcuxpressoide_10.2.1_795/ide/tools/bin/../lib/gcc/arm-none-eabi/7.2.1/../../../../arm-none-eabi/lib/thumb/v7e-m/fpv4-sp/hard\libcr_c.a(fputs.o)
                0x00001768                fputs
 .text.strlen   0x00001794       0x4a c:/nxp/mcuxpressoide_10.2.1_795/ide/tools/bin/../lib/gcc/arm-none-eabi/7.2.1/../../../../arm-none-eabi/lib/thumb/v7e-m/fpv4-sp/hard\libcr_c.a(strlen.o)
                0x00001794                strlen
 .text._fdopen  0x000017de       0x68 c:/nxp/mcuxpressoide_10.2.1_795/ide/tools/bin/../lib/gcc/arm-none-eabi/7.2.1/../../../../arm-none-eabi/lib/thumb/v7e-m/fpv4-sp/hard\libcr_c.a(_fdopen.o)
                0x000017de                _fdopen
 .text.fclose   0x00001846       0x58 c:/nxp/mcuxpressoide_10.2.1_795/ide/tools/bin/../lib/gcc/arm-none-eabi/7.2.1/../../../../arm-none-eabi/lib/thumb/v7e-m/fpv4-sp/hard\libcr_c.a(fclose.o)
                0x00001846                fclose
 .text.remove   0x0000189e       0x14 c:/nxp/mcuxpressoide_10.2.1_795/ide/tools/bin/../lib/gcc/arm-none-eabi/7.2.1/../../../../arm-none-eabi/lib/thumb/v7e-m/fpv4-sp/hard\libcr_c.a(remove.o)
                0x0000189e                remove
 .text._do_fflush
                0x000018b2       0x40 c:/nxp/mcuxpressoide_10.2.1_795/ide/tools/bin/../lib/gcc/arm-none-eabi/7.2.1/../../../../arm-none-eabi/lib/thumb/v7e-m/fpv4-sp/hard\libcr_c.a(_do_fflush.o)
                0x000018b2                _do_fflush
 .text.__aeabi_memset_lowlevel
                0x000018f2       0x32 c:/nxp/mcuxpressoide_10.2.1_795/ide/tools/bin/../lib/gcc/arm-none-eabi/7.2.1/thumb/v7e-m/fpv4-sp/hard\libcr_eabihelpers.a(memcpy.o)
                0x000018f2                __aeabi_lowlevel_memset
 .text.__sys_close
                0x00001924        0xc c:/nxp/mcuxpressoide_10.2.1_795/ide/tools/bin/../lib/gcc/arm-none-eabi/7.2.1/../../../../arm-none-eabi/lib/thumb/v7e-m/fpv4-sp/hard\libcr_semihost_nf.a(__sys_close.o)
                0x00001924                __sys_close
 .text.__sys_flen
                0x00001930        0xc c:/nxp/mcuxpressoide_10.2.1_795/ide/tools/bin/../lib/gcc/arm-none-eabi/7.2.1/../../../../arm-none-eabi/lib/thumb/v7e-m/fpv4-sp/hard\libcr_semihost_nf.a(__sys_flen.o)
                0x00001930                __sys_flen
 .text.__sys_istty
                0x0000193c        0xc c:/nxp/mcuxpressoide_10.2.1_795/ide/tools/bin/../lib/gcc/arm-none-eabi/7.2.1/../../../../arm-none-eabi/lib/thumb/v7e-m/fpv4-sp/hard\libcr_semihost_nf.a(__sys_istty.o)
                0x0000193c                __sys_istty
 .text.__sys_remove
                0x00001948        0xc c:/nxp/mcuxpressoide_10.2.1_795/ide/tools/bin/../lib/gcc/arm-none-eabi/7.2.1/../../../../arm-none-eabi/lib/thumb/v7e-m/fpv4-sp/hard\libcr_semihost_nf.a(__sys_remove.o)
                0x00001948                __sys_remove
 .text.__sys_seek
                0x00001954        0xc c:/nxp/mcuxpressoide_10.2.1_795/ide/tools/bin/../lib/gcc/arm-none-eabi/7.2.1/../../../../arm-none-eabi/lib/thumb/v7e-m/fpv4-sp/hard\libcr_semihost_nf.a(__sys_seek.o)
                0x00001954                __sys_seek
 .text.__sys_tmpnam
                0x00001960        0xc c:/nxp/mcuxpressoide_10.2.1_795/ide/tools/bin/../lib/gcc/arm-none-eabi/7.2.1/../../../../arm-none-eabi/lib/thumb/v7e-m/fpv4-sp/hard\libcr_semihost_nf.a(__sys_tmpnam.o)
                0x00001960                __sys_tmpnam
 .text.__sys_write
                0x0000196c        0xc c:/nxp/mcuxpressoide_10.2.1_795/ide/tools/bin/../lib/gcc/arm-none-eabi/7.2.1/../../../../arm-none-eabi/lib/thumb/v7e-m/fpv4-sp/hard\libcr_semihost_nf.a(__sys_write.o)
                0x0000196c                __sys_write
 *(SORT_BY_ALIGNMENT(.rodata) SORT_BY_ALIGNMENT(.rodata.*) SORT_BY_ALIGNMENT(.constdata) SORT_BY_ALIGNMENT(.constdata.*))
 .rodata        0x00001978      0x509 ./drivers/fsl_dspi.o
 *fill*         0x00001e81        0x3 ff
 .rodata.s_portBases
                0x00001e84       0x14 ./drivers/fsl_gpio.o
 .rodata.s_gpioBases
                0x00001e98       0x14 ./drivers/fsl_gpio.o
 .rodata        0x00001eac       0x63 ./drivers/fsl_gpio.o
 *fill*         0x00001f0f        0x1 ff
 .rodata        0x00001f10       0x26 ./board/pin_mux.o
 *fill*         0x00001f36        0x2 ff
 .rodata.__num_Ciob_streams
                0x00001f38        0x4 c:/nxp/mcuxpressoide_10.2.1_795/ide/tools/bin/../lib/gcc/arm-none-eabi/7.2.1/../../../../arm-none-eabi/lib/thumb/v7e-m/fpv4-sp/hard\libcr_semihost_nf.a(__ciob.o)
                0x00001f38                __num_Ciob_streams
 .rodata.__assertion_failed.str1.1
                0x00001f3c       0x15 c:/nxp/mcuxpressoide_10.2.1_795/ide/tools/bin/../lib/gcc/arm-none-eabi/7.2.1/../../../../arm-none-eabi/lib/thumb/v7e-m/fpv4-sp/hard\libcr_semihost_nf.a(_cr_assert.o)
 .rodata._Csys_alloc.str1.1
                0x00001f51       0x18 c:/nxp/mcuxpressoide_10.2.1_795/ide/tools/bin/../lib/gcc/arm-none-eabi/7.2.1/../../../../arm-none-eabi/lib/thumb/v7e-m/fpv4-sp/hard\libcr_c.a(alloc.o)
 .rodata._initio.str1.1
                0x00001f69        0x4 c:/nxp/mcuxpressoide_10.2.1_795/ide/tools/bin/../lib/gcc/arm-none-eabi/7.2.1/../../../../arm-none-eabi/lib/thumb/v7e-m/fpv4-sp/hard\libcr_c.a(initio.o)
                0x00001f70                . = ALIGN (0x8)
 *fill*         0x00001f6d        0x3 ff

.glue_7         0x00001f70        0x0
 .glue_7        0x00001f70        0x0 linker stubs

.glue_7t        0x00001f70        0x0
 .glue_7t       0x00001f70        0x0 linker stubs

.vfp11_veneer   0x00001f70        0x0
 .vfp11_veneer  0x00001f70        0x0 linker stubs

.v4_bx          0x00001f70        0x0
 .v4_bx         0x00001f70        0x0 linker stubs

.iplt           0x00001f70        0x0
 .iplt          0x00001f70        0x0 ./startup/startup_mk64f12.o

.rel.dyn        0x00001f70        0x0
 .rel.iplt      0x00001f70        0x0 ./startup/startup_mk64f12.o

.ARM.extab
 *(SORT_BY_ALIGNMENT(.ARM.extab*) SORT_BY_ALIGNMENT(.gnu.linkonce.armextab.*))
                0x00001f70                __exidx_start = .

.ARM.exidx
 *(SORT_BY_ALIGNMENT(.ARM.exidx*) SORT_BY_ALIGNMENT(.gnu.linkonce.armexidx.*))
                0x00001f70                __exidx_end = .
                0x00001f70                _etext = .

.m_usb_data
 *(SORT_BY_ALIGNMENT(m_usb_bdt))

.data_RAM2      0x1fff0000        0x0 load address 0x00001f70
 FILL mask 0xff
                [!provide]                PROVIDE (__start_data_RAM2, .)
 *(SORT_BY_ALIGNMENT(.ramfunc.$RAM2))
 *(SORT_BY_ALIGNMENT(.ramfunc.$SRAM_LOWER))
 *(SORT_BY_ALIGNMENT(.data.$RAM2*))
 *(SORT_BY_ALIGNMENT(.data.$SRAM_LOWER*))
                0x1fff0000                . = ALIGN (0x8)
                [!provide]                PROVIDE (__end_data_RAM2, .)

.data_RAM3      0x14000000        0x0 load address 0x00001f70
 FILL mask 0xff
                [!provide]                PROVIDE (__start_data_RAM3, .)
 *(SORT_BY_ALIGNMENT(.ramfunc.$RAM3))
 *(SORT_BY_ALIGNMENT(.ramfunc.$FLEX_RAM))
 *(SORT_BY_ALIGNMENT(.data.$RAM3*))
 *(SORT_BY_ALIGNMENT(.data.$FLEX_RAM*))
                0x14000000                . = ALIGN (0x8)
                [!provide]                PROVIDE (__end_data_RAM3, .)

.uninit_RESERVED
                0x20000000        0x0
 *(SORT_BY_ALIGNMENT(.bss.$RESERVED*))
                0x20000000                . = ALIGN (0x4)
                0x20000000                _end_uninit_RESERVED = .

.data           0x20000000        0x0 load address 0x00001f70
 FILL mask 0xff
                0x20000000                _data = .
 *(SORT_BY_ALIGNMENT(vtable))
 *(SORT_BY_ALIGNMENT(.ramfunc*))
 *(SORT_BY_ALIGNMENT(.data*))
                0x20000000                . = ALIGN (0x8)
                0x20000000                _edata = .

.igot.plt       0x20000000        0x0 load address 0x00001f70
 .igot.plt      0x20000000        0x0 ./startup/startup_mk64f12.o

.bss_RAM2       0x1fff0000        0x0
                [!provide]                PROVIDE (__start_bss_RAM2, .)
 *(SORT_BY_ALIGNMENT(.bss.$RAM2*))
 *(SORT_BY_ALIGNMENT(.bss.$SRAM_LOWER*))
                0x1fff0000                . = ALIGN ((. != 0x0)?0x8:0x1)
                [!provide]                PROVIDE (__end_bss_RAM2, .)

.bss_RAM3       0x14000000        0x0
                [!provide]                PROVIDE (__start_bss_RAM3, .)
 *(SORT_BY_ALIGNMENT(.bss.$RAM3*))
 *(SORT_BY_ALIGNMENT(.bss.$FLEX_RAM*))
                0x14000000                . = ALIGN ((. != 0x0)?0x8:0x1)
                [!provide]                PROVIDE (__end_bss_RAM3, .)

.bss            0x20000000      0x108
                0x20000000                _bss = .
 *(SORT_BY_ALIGNMENT(.bss*))
 .bss.g_dspiHandle
                0x20000000        0xc ./drivers/fsl_dspi.o
 .bss.s_dspiMasterIsr
                0x2000000c        0x4 ./drivers/fsl_dspi.o
 .bss.s_dspiSlaveIsr
                0x20000010        0x4 ./drivers/fsl_dspi.o
 .bss.s_i2cHandle
                0x20000014        0xc ./drivers/fsl_i2c.o
 .bss.s_i2cMasterIsr
                0x20000020        0x4 ./drivers/fsl_i2c.o
 .bss.s_i2cSlaveIsr
                0x20000024        0x4 ./drivers/fsl_i2c.o
 .bss.s_uartHandle
                0x20000028       0x18 ./drivers/fsl_uart.o
 .bss.s_uartIsr
                0x20000040        0x4 ./drivers/fsl_uart.o
 .bss.__Ciob    0x20000044       0xb4 c:/nxp/mcuxpressoide_10.2.1_795/ide/tools/bin/../lib/gcc/arm-none-eabi/7.2.1/../../../../arm-none-eabi/lib/thumb/v7e-m/fpv4-sp/hard\libcr_semihost_nf.a(__ciob.o)
                0x20000044                __Ciob
 .bss.__end_of_heap
                0x200000f8        0x4 c:/nxp/mcuxpressoide_10.2.1_795/ide/tools/bin/../lib/gcc/arm-none-eabi/7.2.1/../../../../arm-none-eabi/lib/thumb/v7e-m/fpv4-sp/hard\libcr_c.a(__init_alloc.o)
                0x200000f8                __end_of_heap
 .bss.__heaps   0x200000fc        0x4 c:/nxp/mcuxpressoide_10.2.1_795/ide/tools/bin/../lib/gcc/arm-none-eabi/7.2.1/../../../../arm-none-eabi/lib/thumb/v7e-m/fpv4-sp/hard\libcr_c.a(__init_alloc.o)
                0x200000fc                __heaps
 .bss.errno     0x20000100        0x4 c:/nxp/mcuxpressoide_10.2.1_795/ide/tools/bin/../lib/gcc/arm-none-eabi/7.2.1/../../../../arm-none-eabi/lib/thumb/v7e-m/fpv4-sp/hard\libcr_c.a(errno.o)
                0x20000100                errno
 .bss.Color_led_rgb_ctrl
                0x20000104        0x1 ./source/LEDs_and_SWs.o
                0x20000104                Color_led_rgb_ctrl
 *(SORT_BY_ALIGNMENT(COMMON))
                0x20000108                . = ALIGN (0x8)
 *fill*         0x20000105        0x3 
                0x20000108                _ebss = .
                [!provide]                PROVIDE (end, .)

.noinit_RAM2    0x1fff0000        0x0
 *(SORT_BY_ALIGNMENT(.noinit.$RAM2*))
 *(SORT_BY_ALIGNMENT(.noinit.$SRAM_LOWER*))
                0x1fff0000                . = ALIGN (0x8)

.noinit_RAM3    0x14000000        0x0
 *(SORT_BY_ALIGNMENT(.noinit.$RAM3*))
 *(SORT_BY_ALIGNMENT(.noinit.$FLEX_RAM*))
                0x14000000                . = ALIGN (0x8)

.noinit         0x20000108        0x0
                0x20000108                _noinit = .
 *(SORT_BY_ALIGNMENT(.noinit*))
                0x20000108                . = ALIGN (0x8)
                0x20000108                _end_noinit = .
                0x00001000                _HeapSize = 0x1000

.heap           0x20000108     0x1000
                0x20000108                _pvHeapStart = .
                0x20001108                . = (. + _HeapSize)
 *fill*         0x20000108     0x1000 
                0x20001108                . = ALIGN (0x8)
                0x20001108                _pvHeapLimit = .
                0x00001000                _StackSize = 0x1000

.heap2stackfill
                0x20001108     0x1000
                0x20002108                . = (. + _StackSize)
 *fill*         0x20001108     0x1000 

.stack          0x2002f000        0x0
                0x2002f000                _vStackBase = .
                0x2002f000                . = ALIGN (0x8)
                0x20030000                _vStackTop = (. + _StackSize)
                0x00000000                _image_start = LOADADDR (.text)
                0x00001f70                _image_end = (LOADADDR (.data) + SIZEOF (.data))
                0x00001f70                _image_size = (_image_end - _image_start)
OUTPUT(Switch_Case.axf elf32-littlearm)

.debug_info     0x00000000     0x8d6f
 .debug_info    0x00000000      0x8b0 ./startup/startup_mk64f12.o
 .debug_info    0x000008b0      0x61e ./source/LEDs_and_SWs.o
 .debug_info    0x00000ece      0x7c0 ./source/main.o
 .debug_info    0x0000168e     0x22cd ./drivers/fsl_dspi.o
 .debug_info    0x0000395b      0x61a ./drivers/fsl_gpio.o
 .debug_info    0x00003f75     0x1c33 ./drivers/fsl_i2c.o
 .debug_info    0x00005ba8     0x19df ./drivers/fsl_uart.o
 .debug_info    0x00007587     0x11b7 ./board/pin_mux.o
 .debug_info    0x0000873e      0x631 ./CMSIS/system_MK64F12.o

.debug_abbrev   0x00000000     0x13ed
 .debug_abbrev  0x00000000      0x15c ./startup/startup_mk64f12.o
 .debug_abbrev  0x0000015c      0x1fc ./source/LEDs_and_SWs.o
 .debug_abbrev  0x00000358      0x168 ./source/main.o
 .debug_abbrev  0x000004c0      0x33e ./drivers/fsl_dspi.o
 .debug_abbrev  0x000007fe      0x1ae ./drivers/fsl_gpio.o
 .debug_abbrev  0x000009ac      0x34f ./drivers/fsl_i2c.o
 .debug_abbrev  0x00000cfb      0x303 ./drivers/fsl_uart.o
 .debug_abbrev  0x00000ffe      0x29b ./board/pin_mux.o
 .debug_abbrev  0x00001299      0x154 ./CMSIS/system_MK64F12.o

.debug_aranges  0x00000000      0x9d8
 .debug_aranges
                0x00000000      0x330 ./startup/startup_mk64f12.o
 .debug_aranges
                0x00000330       0xb8 ./source/LEDs_and_SWs.o
 .debug_aranges
                0x000003e8       0x20 ./source/main.o
 .debug_aranges
                0x00000408      0x1d0 ./drivers/fsl_dspi.o
 .debug_aranges
                0x000005d8       0x48 ./drivers/fsl_gpio.o
 .debug_aranges
                0x00000620      0x180 ./drivers/fsl_i2c.o
 .debug_aranges
                0x000007a0      0x170 ./drivers/fsl_uart.o
 .debug_aranges
                0x00000910       0x98 ./board/pin_mux.o
 .debug_aranges
                0x000009a8       0x30 ./CMSIS/system_MK64F12.o

.debug_ranges   0x00000000      0x948
 .debug_ranges  0x00000000      0x320 ./startup/startup_mk64f12.o
 .debug_ranges  0x00000320       0xa8 ./source/LEDs_and_SWs.o
 .debug_ranges  0x000003c8       0x10 ./source/main.o
 .debug_ranges  0x000003d8      0x1c0 ./drivers/fsl_dspi.o
 .debug_ranges  0x00000598       0x38 ./drivers/fsl_gpio.o
 .debug_ranges  0x000005d0      0x170 ./drivers/fsl_i2c.o
 .debug_ranges  0x00000740      0x160 ./drivers/fsl_uart.o
 .debug_ranges  0x000008a0       0x88 ./board/pin_mux.o
 .debug_ranges  0x00000928       0x20 ./CMSIS/system_MK64F12.o

.debug_macro    0x00000000      0xebf
 .debug_macro   0x00000000       0x29 ./startup/startup_mk64f12.o
 .debug_macro   0x00000029      0x118 ./source/LEDs_and_SWs.o
 .debug_macro   0x00000141       0x40 ./source/LEDs_and_SWs.o
 .debug_macro   0x00000181      0x184 ./source/main.o
 .debug_macro   0x00000305       0xd8 ./source/main.o
 .debug_macro   0x000003dd       0x10 ./source/main.o
 .debug_macro   0x000003ed       0x10 ./source/main.o
 .debug_macro   0x000003fd      0x1fc ./source/main.o
 .debug_macro   0x000005f9       0x16 ./source/main.o
 .debug_macro   0x0000060f       0x1c ./source/main.o
 .debug_macro   0x0000062b       0x64 ./source/main.o
 .debug_macro   0x0000068f      0x1ec ./source/main.o
 .debug_macro   0x0000087b       0x22 ./source/main.o
 .debug_macro   0x0000089d      0x108 ./drivers/fsl_dspi.o
 .debug_macro   0x000009a5       0x3a ./drivers/fsl_dspi.o
 .debug_macro   0x000009df      0x109 ./drivers/fsl_gpio.o
 .debug_macro   0x00000ae8      0x108 ./drivers/fsl_i2c.o
 .debug_macro   0x00000bf0       0x16 ./drivers/fsl_i2c.o
 .debug_macro   0x00000c06      0x10f ./drivers/fsl_uart.o
 .debug_macro   0x00000d15      0x112 ./board/pin_mux.o
 .debug_macro   0x00000e27       0x98 ./CMSIS/system_MK64F12.o

.debug_line     0x00000000     0x3529
 .debug_line    0x00000000      0x6d4 ./startup/startup_mk64f12.o
 .debug_line    0x000006d4      0x3bb ./source/LEDs_and_SWs.o
 .debug_line    0x00000a8f      0x2c1 ./source/main.o
 .debug_line    0x00000d50      0xb3f ./drivers/fsl_dspi.o
 .debug_line    0x0000188f      0x288 ./drivers/fsl_gpio.o
 .debug_line    0x00001b17      0xa0b ./drivers/fsl_i2c.o
 .debug_line    0x00002522      0xa02 ./drivers/fsl_uart.o
 .debug_line    0x00002f24      0x3f4 ./board/pin_mux.o
 .debug_line    0x00003318      0x211 ./CMSIS/system_MK64F12.o

.debug_str      0x00000000    0x7f8a0
 .debug_str     0x00000000     0x355b ./startup/startup_mk64f12.o
                               0x360e (size before relaxing)
 .debug_str     0x0000355b    0x76579 ./source/LEDs_and_SWs.o
                              0x793ae (size before relaxing)
 .debug_str     0x00079ad4     0x2036 ./source/main.o
                              0x7ace8 (size before relaxing)
 .debug_str     0x0007bb0a     0x1c3b ./drivers/fsl_dspi.o
                              0x7ae3a (size before relaxing)
 .debug_str     0x0007d745      0x195 ./drivers/fsl_gpio.o
                              0x79308 (size before relaxing)
 .debug_str     0x0007d8da      0xb7f ./drivers/fsl_i2c.o
                              0x7a6ed (size before relaxing)
 .debug_str     0x0007e459      0xbfe ./drivers/fsl_uart.o
                              0x7a845 (size before relaxing)
 .debug_str     0x0007f057      0x778 ./board/pin_mux.o
                              0x7a3e9 (size before relaxing)
 .debug_str     0x0007f7cf       0xd1 ./CMSIS/system_MK64F12.o
                              0x77de4 (size before relaxing)

.comment        0x00000000       0x7e
 .comment       0x00000000       0x7e ./startup/startup_mk64f12.o
                                 0x7f (size before relaxing)
 .comment       0x0000007e       0x7f ./source/LEDs_and_SWs.o
 .comment       0x0000007e       0x7f ./source/main.o
 .comment       0x0000007e       0x7f ./drivers/fsl_dspi.o
 .comment       0x0000007e       0x7f ./drivers/fsl_gpio.o
 .comment       0x0000007e       0x7f ./drivers/fsl_i2c.o
 .comment       0x0000007e       0x7f ./drivers/fsl_uart.o
 .comment       0x0000007e       0x7f ./board/pin_mux.o
 .comment       0x0000007e       0x7f ./CMSIS/system_MK64F12.o
 .comment       0x0000007e       0x7f c:/nxp/mcuxpressoide_10.2.1_795/ide/tools/bin/../lib/gcc/arm-none-eabi/7.2.1/../../../../arm-none-eabi/lib/thumb/v7e-m/fpv4-sp/hard\libcr_semihost_nf.a(_cr__main.o)
 .comment       0x0000007e       0x7f c:/nxp/mcuxpressoide_10.2.1_795/ide/tools/bin/../lib/gcc/arm-none-eabi/7.2.1/../../../../arm-none-eabi/lib/thumb/v7e-m/fpv4-sp/hard\libcr_semihost_nf.a(_cr_assert.o)
 .comment       0x0000007e       0x7f c:/nxp/mcuxpressoide_10.2.1_795/ide/tools/bin/../lib/gcc/arm-none-eabi/7.2.1/../../../../arm-none-eabi/lib/thumb/v7e-m/fpv4-sp/hard\libcr_semihost_nf.a(__ciob.o)
 .comment       0x0000007e       0x7f c:/nxp/mcuxpressoide_10.2.1_795/ide/tools/bin/../lib/gcc/arm-none-eabi/7.2.1/../../../../arm-none-eabi/lib/thumb/v7e-m/fpv4-sp/hard\libcr_c.a(memset.o)
 .comment       0x0000007e       0x7f c:/nxp/mcuxpressoide_10.2.1_795/ide/tools/bin/../lib/gcc/arm-none-eabi/7.2.1/../../../../arm-none-eabi/lib/thumb/v7e-m/fpv4-sp/hard\libcr_c.a(_deferredlazyseek.o)
 .comment       0x0000007e       0x7f c:/nxp/mcuxpressoide_10.2.1_795/ide/tools/bin/../lib/gcc/arm-none-eabi/7.2.1/../../../../arm-none-eabi/lib/thumb/v7e-m/fpv4-sp/hard\libcr_c.a(_fflush.o)
 .comment       0x0000007e       0x7f c:/nxp/mcuxpressoide_10.2.1_795/ide/tools/bin/../lib/gcc/arm-none-eabi/7.2.1/../../../../arm-none-eabi/lib/thumb/v7e-m/fpv4-sp/hard\libcr_c.a(_writebuf.o)
 .comment       0x0000007e       0x7f c:/nxp/mcuxpressoide_10.2.1_795/ide/tools/bin/../lib/gcc/arm-none-eabi/7.2.1/../../../../arm-none-eabi/lib/thumb/v7e-m/fpv4-sp/hard\libcr_c.a(alloc.o)
 .comment       0x0000007e       0x7f c:/nxp/mcuxpressoide_10.2.1_795/ide/tools/bin/../lib/gcc/arm-none-eabi/7.2.1/../../../../arm-none-eabi/lib/thumb/v7e-m/fpv4-sp/hard\libcr_c.a(fputs.o)
 .comment       0x0000007e       0x7f c:/nxp/mcuxpressoide_10.2.1_795/ide/tools/bin/../lib/gcc/arm-none-eabi/7.2.1/../../../../arm-none-eabi/lib/thumb/v7e-m/fpv4-sp/hard\libcr_c.a(fseek.o)
 .comment       0x0000007e       0x7f c:/nxp/mcuxpressoide_10.2.1_795/ide/tools/bin/../lib/gcc/arm-none-eabi/7.2.1/../../../../arm-none-eabi/lib/thumb/v7e-m/fpv4-sp/hard\libcr_c.a(ftell.o)
 .comment       0x0000007e       0x7f c:/nxp/mcuxpressoide_10.2.1_795/ide/tools/bin/../lib/gcc/arm-none-eabi/7.2.1/../../../../arm-none-eabi/lib/thumb/v7e-m/fpv4-sp/hard\libcr_c.a(initio.o)
 .comment       0x0000007e       0x7f c:/nxp/mcuxpressoide_10.2.1_795/ide/tools/bin/../lib/gcc/arm-none-eabi/7.2.1/../../../../arm-none-eabi/lib/thumb/v7e-m/fpv4-sp/hard\libcr_c.a(setvbuf.o)
 .comment       0x0000007e       0x7f c:/nxp/mcuxpressoide_10.2.1_795/ide/tools/bin/../lib/gcc/arm-none-eabi/7.2.1/../../../../arm-none-eabi/lib/thumb/v7e-m/fpv4-sp/hard\libcr_c.a(strlen.o)
 .comment       0x0000007e       0x7f c:/nxp/mcuxpressoide_10.2.1_795/ide/tools/bin/../lib/gcc/arm-none-eabi/7.2.1/../../../../arm-none-eabi/lib/thumb/v7e-m/fpv4-sp/hard\libcr_c.a(__init_alloc.o)
 .comment       0x0000007e       0x7f c:/nxp/mcuxpressoide_10.2.1_795/ide/tools/bin/../lib/gcc/arm-none-eabi/7.2.1/../../../../arm-none-eabi/lib/thumb/v7e-m/fpv4-sp/hard\libcr_c.a(_cr_sbrk.o)
 .comment       0x0000007e       0x7f c:/nxp/mcuxpressoide_10.2.1_795/ide/tools/bin/../lib/gcc/arm-none-eabi/7.2.1/../../../../arm-none-eabi/lib/thumb/v7e-m/fpv4-sp/hard\libcr_c.a(_fdopen.o)
 .comment       0x0000007e       0x7f c:/nxp/mcuxpressoide_10.2.1_795/ide/tools/bin/../lib/gcc/arm-none-eabi/7.2.1/../../../../arm-none-eabi/lib/thumb/v7e-m/fpv4-sp/hard\libcr_c.a(errno.o)
 .comment       0x0000007e       0x7f c:/nxp/mcuxpressoide_10.2.1_795/ide/tools/bin/../lib/gcc/arm-none-eabi/7.2.1/../../../../arm-none-eabi/lib/thumb/v7e-m/fpv4-sp/hard\libcr_c.a(fclose.o)
 .comment       0x0000007e       0x7f c:/nxp/mcuxpressoide_10.2.1_795/ide/tools/bin/../lib/gcc/arm-none-eabi/7.2.1/../../../../arm-none-eabi/lib/thumb/v7e-m/fpv4-sp/hard\libcr_c.a(fflush.o)
 .comment       0x0000007e       0x7f c:/nxp/mcuxpressoide_10.2.1_795/ide/tools/bin/../lib/gcc/arm-none-eabi/7.2.1/../../../../arm-none-eabi/lib/thumb/v7e-m/fpv4-sp/hard\libcr_c.a(remove.o)
 .comment       0x0000007e       0x7f c:/nxp/mcuxpressoide_10.2.1_795/ide/tools/bin/../lib/gcc/arm-none-eabi/7.2.1/../../../../arm-none-eabi/lib/thumb/v7e-m/fpv4-sp/hard\libcr_c.a(_cr_check_heap.o)
 .comment       0x0000007e       0x7f c:/nxp/mcuxpressoide_10.2.1_795/ide/tools/bin/../lib/gcc/arm-none-eabi/7.2.1/../../../../arm-none-eabi/lib/thumb/v7e-m/fpv4-sp/hard\libcr_c.a(_do_fflush.o)

.ARM.attributes
                0x00000000       0x37
 .ARM.attributes
                0x00000000       0x39 ./startup/startup_mk64f12.o
 .ARM.attributes
                0x00000039       0x39 ./source/LEDs_and_SWs.o
 .ARM.attributes
                0x00000072       0x39 ./source/main.o
 .ARM.attributes
                0x000000ab       0x39 ./drivers/fsl_dspi.o
 .ARM.attributes
                0x000000e4       0x39 ./drivers/fsl_gpio.o
 .ARM.attributes
                0x0000011d       0x39 ./drivers/fsl_i2c.o
 .ARM.attributes
                0x00000156       0x39 ./drivers/fsl_uart.o
 .ARM.attributes
                0x0000018f       0x39 ./board/pin_mux.o
 .ARM.attributes
                0x000001c8       0x39 ./CMSIS/system_MK64F12.o
 .ARM.attributes
                0x00000201       0x39 c:/nxp/mcuxpressoide_10.2.1_795/ide/tools/bin/../lib/gcc/arm-none-eabi/7.2.1/../../../../arm-none-eabi/lib/thumb/v7e-m/fpv4-sp/hard\libcr_semihost_nf.a(_cr__main.o)
 .ARM.attributes
                0x0000023a       0x39 c:/nxp/mcuxpressoide_10.2.1_795/ide/tools/bin/../lib/gcc/arm-none-eabi/7.2.1/../../../../arm-none-eabi/lib/thumb/v7e-m/fpv4-sp/hard\libcr_semihost_nf.a(_cr_assert.o)
 .ARM.attributes
                0x00000273       0x39 c:/nxp/mcuxpressoide_10.2.1_795/ide/tools/bin/../lib/gcc/arm-none-eabi/7.2.1/../../../../arm-none-eabi/lib/thumb/v7e-m/fpv4-sp/hard\libcr_semihost_nf.a(__ciob.o)
 .ARM.attributes
                0x000002ac       0x25 c:/nxp/mcuxpressoide_10.2.1_795/ide/tools/bin/../lib/gcc/arm-none-eabi/7.2.1/../../../../arm-none-eabi/lib/thumb/v7e-m/fpv4-sp/hard\libcr_semihost_nf.a(__sys_appexit.o)
 .ARM.attributes
                0x000002d1       0x39 c:/nxp/mcuxpressoide_10.2.1_795/ide/tools/bin/../lib/gcc/arm-none-eabi/7.2.1/../../../../arm-none-eabi/lib/thumb/v7e-m/fpv4-sp/hard\libcr_c.a(memset.o)
 .ARM.attributes
                0x0000030a       0x39 c:/nxp/mcuxpressoide_10.2.1_795/ide/tools/bin/../lib/gcc/arm-none-eabi/7.2.1/../../../../arm-none-eabi/lib/thumb/v7e-m/fpv4-sp/hard\libcr_c.a(_deferredlazyseek.o)
 .ARM.attributes
                0x00000343       0x39 c:/nxp/mcuxpressoide_10.2.1_795/ide/tools/bin/../lib/gcc/arm-none-eabi/7.2.1/../../../../arm-none-eabi/lib/thumb/v7e-m/fpv4-sp/hard\libcr_c.a(_fflush.o)
 .ARM.attributes
                0x0000037c       0x39 c:/nxp/mcuxpressoide_10.2.1_795/ide/tools/bin/../lib/gcc/arm-none-eabi/7.2.1/../../../../arm-none-eabi/lib/thumb/v7e-m/fpv4-sp/hard\libcr_c.a(_writebuf.o)
 .ARM.attributes
                0x000003b5       0x39 c:/nxp/mcuxpressoide_10.2.1_795/ide/tools/bin/../lib/gcc/arm-none-eabi/7.2.1/../../../../arm-none-eabi/lib/thumb/v7e-m/fpv4-sp/hard\libcr_c.a(alloc.o)
 .ARM.attributes
                0x000003ee       0x39 c:/nxp/mcuxpressoide_10.2.1_795/ide/tools/bin/../lib/gcc/arm-none-eabi/7.2.1/../../../../arm-none-eabi/lib/thumb/v7e-m/fpv4-sp/hard\libcr_c.a(fputs.o)
 .ARM.attributes
                0x00000427       0x39 c:/nxp/mcuxpressoide_10.2.1_795/ide/tools/bin/../lib/gcc/arm-none-eabi/7.2.1/../../../../arm-none-eabi/lib/thumb/v7e-m/fpv4-sp/hard\libcr_c.a(fseek.o)
 .ARM.attributes
                0x00000460       0x39 c:/nxp/mcuxpressoide_10.2.1_795/ide/tools/bin/../lib/gcc/arm-none-eabi/7.2.1/../../../../arm-none-eabi/lib/thumb/v7e-m/fpv4-sp/hard\libcr_c.a(ftell.o)
 .ARM.attributes
                0x00000499       0x39 c:/nxp/mcuxpressoide_10.2.1_795/ide/tools/bin/../lib/gcc/arm-none-eabi/7.2.1/../../../../arm-none-eabi/lib/thumb/v7e-m/fpv4-sp/hard\libcr_c.a(initio.o)
 .ARM.attributes
                0x000004d2       0x39 c:/nxp/mcuxpressoide_10.2.1_795/ide/tools/bin/../lib/gcc/arm-none-eabi/7.2.1/../../../../arm-none-eabi/lib/thumb/v7e-m/fpv4-sp/hard\libcr_c.a(setvbuf.o)
 .ARM.attributes
                0x0000050b       0x39 c:/nxp/mcuxpressoide_10.2.1_795/ide/tools/bin/../lib/gcc/arm-none-eabi/7.2.1/../../../../arm-none-eabi/lib/thumb/v7e-m/fpv4-sp/hard\libcr_c.a(strlen.o)
 .ARM.attributes
                0x00000544       0x39 c:/nxp/mcuxpressoide_10.2.1_795/ide/tools/bin/../lib/gcc/arm-none-eabi/7.2.1/../../../../arm-none-eabi/lib/thumb/v7e-m/fpv4-sp/hard\libcr_c.a(__init_alloc.o)
 .ARM.attributes
                0x0000057d       0x39 c:/nxp/mcuxpressoide_10.2.1_795/ide/tools/bin/../lib/gcc/arm-none-eabi/7.2.1/../../../../arm-none-eabi/lib/thumb/v7e-m/fpv4-sp/hard\libcr_c.a(_cr_sbrk.o)
 .ARM.attributes
                0x000005b6       0x39 c:/nxp/mcuxpressoide_10.2.1_795/ide/tools/bin/../lib/gcc/arm-none-eabi/7.2.1/../../../../arm-none-eabi/lib/thumb/v7e-m/fpv4-sp/hard\libcr_c.a(_fdopen.o)
 .ARM.attributes
                0x000005ef       0x39 c:/nxp/mcuxpressoide_10.2.1_795/ide/tools/bin/../lib/gcc/arm-none-eabi/7.2.1/../../../../arm-none-eabi/lib/thumb/v7e-m/fpv4-sp/hard\libcr_c.a(errno.o)
 .ARM.attributes
                0x00000628       0x39 c:/nxp/mcuxpressoide_10.2.1_795/ide/tools/bin/../lib/gcc/arm-none-eabi/7.2.1/../../../../arm-none-eabi/lib/thumb/v7e-m/fpv4-sp/hard\libcr_c.a(fclose.o)
 .ARM.attributes
                0x00000661       0x39 c:/nxp/mcuxpressoide_10.2.1_795/ide/tools/bin/../lib/gcc/arm-none-eabi/7.2.1/../../../../arm-none-eabi/lib/thumb/v7e-m/fpv4-sp/hard\libcr_c.a(fflush.o)
 .ARM.attributes
                0x0000069a       0x39 c:/nxp/mcuxpressoide_10.2.1_795/ide/tools/bin/../lib/gcc/arm-none-eabi/7.2.1/../../../../arm-none-eabi/lib/thumb/v7e-m/fpv4-sp/hard\libcr_c.a(remove.o)
 .ARM.attributes
                0x000006d3       0x39 c:/nxp/mcuxpressoide_10.2.1_795/ide/tools/bin/../lib/gcc/arm-none-eabi/7.2.1/../../../../arm-none-eabi/lib/thumb/v7e-m/fpv4-sp/hard\libcr_c.a(_cr_check_heap.o)
 .ARM.attributes
                0x0000070c       0x39 c:/nxp/mcuxpressoide_10.2.1_795/ide/tools/bin/../lib/gcc/arm-none-eabi/7.2.1/../../../../arm-none-eabi/lib/thumb/v7e-m/fpv4-sp/hard\libcr_c.a(_do_fflush.o)
 .ARM.attributes
                0x00000745       0x25 c:/nxp/mcuxpressoide_10.2.1_795/ide/tools/bin/../lib/gcc/arm-none-eabi/7.2.1/thumb/v7e-m/fpv4-sp/hard\libcr_eabihelpers.a(memcpy.o)
 .ARM.attributes
                0x0000076a       0x25 c:/nxp/mcuxpressoide_10.2.1_795/ide/tools/bin/../lib/gcc/arm-none-eabi/7.2.1/../../../../arm-none-eabi/lib/thumb/v7e-m/fpv4-sp/hard\libcr_semihost_nf.a(__sys_close.o)
 .ARM.attributes
                0x0000078f       0x25 c:/nxp/mcuxpressoide_10.2.1_795/ide/tools/bin/../lib/gcc/arm-none-eabi/7.2.1/../../../../arm-none-eabi/lib/thumb/v7e-m/fpv4-sp/hard\libcr_semihost_nf.a(__sys_flen.o)
 .ARM.attributes
                0x000007b4       0x25 c:/nxp/mcuxpressoide_10.2.1_795/ide/tools/bin/../lib/gcc/arm-none-eabi/7.2.1/../../../../arm-none-eabi/lib/thumb/v7e-m/fpv4-sp/hard\libcr_semihost_nf.a(__sys_istty.o)
 .ARM.attributes
                0x000007d9       0x25 c:/nxp/mcuxpressoide_10.2.1_795/ide/tools/bin/../lib/gcc/arm-none-eabi/7.2.1/../../../../arm-none-eabi/lib/thumb/v7e-m/fpv4-sp/hard\libcr_semihost_nf.a(__sys_remove.o)
 .ARM.attributes
                0x000007fe       0x25 c:/nxp/mcuxpressoide_10.2.1_795/ide/tools/bin/../lib/gcc/arm-none-eabi/7.2.1/../../../../arm-none-eabi/lib/thumb/v7e-m/fpv4-sp/hard\libcr_semihost_nf.a(__sys_seek.o)
 .ARM.attributes
                0x00000823       0x25 c:/nxp/mcuxpressoide_10.2.1_795/ide/tools/bin/../lib/gcc/arm-none-eabi/7.2.1/../../../../arm-none-eabi/lib/thumb/v7e-m/fpv4-sp/hard\libcr_semihost_nf.a(__sys_tmpnam.o)
 .ARM.attributes
                0x00000848       0x25 c:/nxp/mcuxpressoide_10.2.1_795/ide/tools/bin/../lib/gcc/arm-none-eabi/7.2.1/../../../../arm-none-eabi/lib/thumb/v7e-m/fpv4-sp/hard\libcr_semihost_nf.a(__sys_write.o)

.debug_frame    0x00000000     0x2414
 .debug_frame   0x00000000      0x904 ./startup/startup_mk64f12.o
 .debug_frame   0x00000904      0x2a8 ./source/LEDs_and_SWs.o
 .debug_frame   0x00000bac       0x30 ./source/main.o
 .debug_frame   0x00000bdc      0x810 ./drivers/fsl_dspi.o
 .debug_frame   0x000013ec       0xec ./drivers/fsl_gpio.o
 .debug_frame   0x000014d8      0x694 ./drivers/fsl_i2c.o
 .debug_frame   0x00001b6c      0x5ec ./drivers/fsl_uart.o
 .debug_frame   0x00002158      0x248 ./board/pin_mux.o
 .debug_frame   0x000023a0       0x74 ./CMSIS/system_MK64F12.o
