Archive member included to satisfy reference by file (symbol)

c:/nxp/mcuxpressoide_10.2.1_795/ide/tools/bin/../lib/gcc/arm-none-eabi/7.2.1/../../../../arm-none-eabi/lib/thumb/v7e-m/fpv4-sp/hard\libcr_semihost_nf.a(_cr__main.o)
                              ./startup/startup_mk64f12.o (__main)
c:/nxp/mcuxpressoide_10.2.1_795/ide/tools/bin/../lib/gcc/arm-none-eabi/7.2.1/../../../../arm-none-eabi/lib/thumb/v7e-m/fpv4-sp/hard\libcr_semihost_nf.a(_cr_assert.o)
                              ./utilities/fsl_debug_console.o (__assertion_failed)
c:/nxp/mcuxpressoide_10.2.1_795/ide/tools/bin/../lib/gcc/arm-none-eabi/7.2.1/../../../../arm-none-eabi/lib/thumb/v7e-m/fpv4-sp/hard\libcr_semihost_nf.a(__ciob.o)
                              c:/nxp/mcuxpressoide_10.2.1_795/ide/tools/bin/../lib/gcc/arm-none-eabi/7.2.1/../../../../arm-none-eabi/lib/thumb/v7e-m/fpv4-sp/hard\libcr_semihost_nf.a(_cr_assert.o) (__Ciob)
c:/nxp/mcuxpressoide_10.2.1_795/ide/tools/bin/../lib/gcc/arm-none-eabi/7.2.1/../../../../arm-none-eabi/lib/thumb/v7e-m/fpv4-sp/hard\libcr_semihost_nf.a(__sys_appexit.o)
                              c:/nxp/mcuxpressoide_10.2.1_795/ide/tools/bin/../lib/gcc/arm-none-eabi/7.2.1/../../../../arm-none-eabi/lib/thumb/v7e-m/fpv4-sp/hard\libcr_semihost_nf.a(_cr_assert.o) (__sys_appexit)
c:/nxp/mcuxpressoide_10.2.1_795/ide/tools/bin/../lib/gcc/arm-none-eabi/7.2.1/../../../../arm-none-eabi/lib/thumb/v7e-m/fpv4-sp/hard\libcr_c.a(memcpy.o)
                              ./drivers/fsl_ftfx_cache.o (memcpy)
c:/nxp/mcuxpressoide_10.2.1_795/ide/tools/bin/../lib/gcc/arm-none-eabi/7.2.1/../../../../arm-none-eabi/lib/thumb/v7e-m/fpv4-sp/hard\libcr_c.a(memset.o)
                              ./drivers/fsl_dspi.o (memset)
c:/nxp/mcuxpressoide_10.2.1_795/ide/tools/bin/../lib/gcc/arm-none-eabi/7.2.1/../../../../arm-none-eabi/lib/thumb/v7e-m/fpv4-sp/hard\libcr_c.a(_deferredlazyseek.o)
                              c:/nxp/mcuxpressoide_10.2.1_795/ide/tools/bin/../lib/gcc/arm-none-eabi/7.2.1/../../../../arm-none-eabi/lib/thumb/v7e-m/fpv4-sp/hard\libcr_semihost_nf.a(_cr_assert.o) (__flsbuf)
c:/nxp/mcuxpressoide_10.2.1_795/ide/tools/bin/../lib/gcc/arm-none-eabi/7.2.1/../../../../arm-none-eabi/lib/thumb/v7e-m/fpv4-sp/hard\libcr_c.a(_fflush.o)
                              c:/nxp/mcuxpressoide_10.2.1_795/ide/tools/bin/../lib/gcc/arm-none-eabi/7.2.1/../../../../arm-none-eabi/lib/thumb/v7e-m/fpv4-sp/hard\libcr_c.a(_deferredlazyseek.o) (_fflush)
c:/nxp/mcuxpressoide_10.2.1_795/ide/tools/bin/../lib/gcc/arm-none-eabi/7.2.1/../../../../arm-none-eabi/lib/thumb/v7e-m/fpv4-sp/hard\libcr_c.a(_writebuf.o)
                              c:/nxp/mcuxpressoide_10.2.1_795/ide/tools/bin/../lib/gcc/arm-none-eabi/7.2.1/../../../../arm-none-eabi/lib/thumb/v7e-m/fpv4-sp/hard\libcr_c.a(_deferredlazyseek.o) (_Cwritebuf)
c:/nxp/mcuxpressoide_10.2.1_795/ide/tools/bin/../lib/gcc/arm-none-eabi/7.2.1/../../../../arm-none-eabi/lib/thumb/v7e-m/fpv4-sp/hard\libcr_c.a(alloc.o)
                              ./drivers/fsl_common.o (malloc)
c:/nxp/mcuxpressoide_10.2.1_795/ide/tools/bin/../lib/gcc/arm-none-eabi/7.2.1/../../../../arm-none-eabi/lib/thumb/v7e-m/fpv4-sp/hard\libcr_c.a(fputs.o)
                              c:/nxp/mcuxpressoide_10.2.1_795/ide/tools/bin/../lib/gcc/arm-none-eabi/7.2.1/../../../../arm-none-eabi/lib/thumb/v7e-m/fpv4-sp/hard\libcr_semihost_nf.a(_cr_assert.o) (fputs)
c:/nxp/mcuxpressoide_10.2.1_795/ide/tools/bin/../lib/gcc/arm-none-eabi/7.2.1/../../../../arm-none-eabi/lib/thumb/v7e-m/fpv4-sp/hard\libcr_c.a(fseek.o)
                              c:/nxp/mcuxpressoide_10.2.1_795/ide/tools/bin/../lib/gcc/arm-none-eabi/7.2.1/../../../../arm-none-eabi/lib/thumb/v7e-m/fpv4-sp/hard\libcr_c.a(_deferredlazyseek.o) (fseek)
c:/nxp/mcuxpressoide_10.2.1_795/ide/tools/bin/../lib/gcc/arm-none-eabi/7.2.1/../../../../arm-none-eabi/lib/thumb/v7e-m/fpv4-sp/hard\libcr_c.a(ftell.o)
                              c:/nxp/mcuxpressoide_10.2.1_795/ide/tools/bin/../lib/gcc/arm-none-eabi/7.2.1/../../../../arm-none-eabi/lib/thumb/v7e-m/fpv4-sp/hard\libcr_c.a(fseek.o) (ftell)
c:/nxp/mcuxpressoide_10.2.1_795/ide/tools/bin/../lib/gcc/arm-none-eabi/7.2.1/../../../../arm-none-eabi/lib/thumb/v7e-m/fpv4-sp/hard\libcr_c.a(initio.o)
                              c:/nxp/mcuxpressoide_10.2.1_795/ide/tools/bin/../lib/gcc/arm-none-eabi/7.2.1/../../../../arm-none-eabi/lib/thumb/v7e-m/fpv4-sp/hard\libcr_semihost_nf.a(_cr__main.o) (_initio)
c:/nxp/mcuxpressoide_10.2.1_795/ide/tools/bin/../lib/gcc/arm-none-eabi/7.2.1/../../../../arm-none-eabi/lib/thumb/v7e-m/fpv4-sp/hard\libcr_c.a(printf.o)
                              ./source/Arrays.o (_printf)
c:/nxp/mcuxpressoide_10.2.1_795/ide/tools/bin/../lib/gcc/arm-none-eabi/7.2.1/../../../../arm-none-eabi/lib/thumb/v7e-m/fpv4-sp/hard\libcr_c.a(setvbuf.o)
                              c:/nxp/mcuxpressoide_10.2.1_795/ide/tools/bin/../lib/gcc/arm-none-eabi/7.2.1/../../../../arm-none-eabi/lib/thumb/v7e-m/fpv4-sp/hard\libcr_c.a(initio.o) (setvbuf)
[...]
Memory Configuration

Name             Origin             Length             Attributes
PROGRAM_FLASH    0x00000000         0x00100000         xr
SRAM_UPPER       0x20000000         0x00030000         xrw
SRAM_LOWER       0x1fff0000         0x00010000         xrw
FLEX_RAM         0x14000000         0x00001000         xrw
*default*        0x00000000         0xffffffff

Linker script and memory map

LOAD ./utilities/fsl_debug_console.o
LOAD ./utilities/fsl_io.o
LOAD ./utilities/fsl_log.o
LOAD ./utilities/fsl_str.o
LOAD ./startup/startup_mk64f12.o
LOAD ./source/Arrays.o
LOAD ./source/semihost_hardfault.o
LOAD ./drivers/fsl_adc16.o
LOAD ./drivers/fsl_clock.o
LOAD ./drivers/fsl_common.o
LOAD ./drivers/fsl_dspi.o
LOAD ./drivers/fsl_ftfx_cache.o
LOAD ./drivers/fsl_ftfx_controller.o
LOAD ./drivers/fsl_ftfx_flash.o
LOAD ./drivers/fsl_ftfx_flexnvm.o
LOAD ./drivers/fsl_gpio.o
LOAD ./drivers/fsl_i2c.o
LOAD ./drivers/fsl_rtc.o
LOAD ./drivers/fsl_smc.o
LOAD ./drivers/fsl_uart.o
LOAD ./board/board.o
LOAD ./board/clock_config.o
LOAD ./board/peripherals.o
LOAD ./board/pin_mux.o
LOAD ./CMSIS/system_MK64F12.o
START GROUP
LOAD c:/nxp/mcuxpressoide_10.2.1_795/ide/tools/bin/../lib/gcc/arm-none-eabi/7.2.1/../../../../arm-none-eabi/lib/thumb/v7e-m/fpv4-sp/hard\libcr_semihost_nf.a
LOAD c:/nxp/mcuxpressoide_10.2.1_795/ide/tools/bin/../lib/gcc/arm-none-eabi/7.2.1/../../../../arm-none-eabi/lib/thumb/v7e-m/fpv4-sp/hard\libcr_c.a
LOAD c:/nxp/mcuxpressoide_10.2.1_795/ide/tools/bin/../lib/gcc/arm-none-eabi/7.2.1/thumb/v7e-m/fpv4-sp/hard\libcr_eabihelpers.a
END GROUP
                0x00000000                __base_PROGRAM_FLASH = 0x0
                0x00000000                __base_Flash = 0x0
                0x00100000                __top_PROGRAM_FLASH = 0x100000
                0x00100000                __top_Flash = 0x100000
                0x20000000                __base_SRAM_UPPER = 0x20000000
                0x20000000                __base_RAM = 0x20000000
                0x20030000                __top_SRAM_UPPER = 0x20030000
                0x20030000                __top_RAM = 0x20030000
                0x1fff0000                __base_SRAM_LOWER = 0x1fff0000
                0x1fff0000                __base_RAM2 = 0x1fff0000
                0x20000000                __top_SRAM_LOWER = 0x20000000
                0x20000000                __top_RAM2 = 0x20000000
                0x14000000                __base_FLEX_RAM = 0x14000000
                0x14000000                __base_RAM3 = 0x14000000
                0x14001000                __top_FLEX_RAM = 0x14001000
                0x14001000                __top_RAM3 = 0x14001000

.text           0x00000000     0x3880
 FILL mask 0xff
                0x00000000                __vectors_start__ = ABSOLUTE (.)
 *(SORT_BY_ALIGNMENT(.isr_vector))
 .isr_vector    0x00000000      0x198 ./startup/startup_mk64f12.o
                0x00000000                g_pfnVectors
                0x00000000                __Vectors
                0x00000198                . = ALIGN (0x4)
                0x00000198                __section_table_start = .
                0x00000198                __data_section_table = .
                0x00000198        0x4 LONG 0x3880 LOADADDR (.data)
                0x0000019c        0x4 LONG 0x20000000 ADDR (.data)
                0x000001a0        0x4 LONG 0x10 SIZEOF (.data)
                0x000001a4        0x4 LONG 0x3880 LOADADDR (.data_RAM2)
                0x000001a8        0x4 LONG 0x1fff0000 ADDR (.data_RAM2)
                0x000001ac        0x4 LONG 0x0 SIZEOF (.data_RAM2)
                0x000001b0        0x4 LONG 0x3880 LOADADDR (.data_RAM3)
                0x000001b4        0x4 LONG 0x14000000 ADDR (.data_RAM3)
                0x000001b8        0x4 LONG 0x0 SIZEOF (.data_RAM3)
                0x000001bc                __data_section_table_end = .
                0x000001bc                __bss_section_table = .
                0x000001bc        0x4 LONG 0x20000010 ADDR (.bss)
                0x000001c0        0x4 LONG 0x118 SIZEOF (.bss)
                0x000001c4        0x4 LONG 0x1fff0000 ADDR (.bss_RAM2)
                0x000001c8        0x4 LONG 0x0 SIZEOF (.bss_RAM2)
                0x000001cc        0x4 LONG 0x14000000 ADDR (.bss_RAM3)
                0x000001d0        0x4 LONG 0x0 SIZEOF (.bss_RAM3)
                0x000001d4                __bss_section_table_end = .
                0x000001d4                __section_table_end = .
 *(SORT_BY_ALIGNMENT(.after_vectors*))
 .after_vectors.reset
                0x000001d4       0x4c ./startup/startup_mk64f12.o
                0x000001d4                ResetISR
 .after_vectors.init_data
                0x00000220       0x1e ./startup/startup_mk64f12.o
                0x00000220                data_init
 .after_vectors.init_bss
                0x0000023e       0x12 ./startup/startup_mk64f12.o
                0x0000023e                bss_init
 .after_vectors
                0x00000250       0x14 ./startup/startup_mk64f12.o
                0x00000250                NMI_Handler
                0x00000254                MemManage_Handler
                0x00000256                BusFault_Handler
                0x00000258                UsageFault_Handler
                0x0000025a                SVC_Handler
                0x0000025c                DebugMon_Handler
                0x0000025e                PendSV_Handler
                0x00000260                SysTick_Handler
                0x00000262                DMA_Error_DriverIRQHandler
                0x00000262                FTM1_DriverIRQHandler
                0x00000262                FTM2_DriverIRQHandler
                0x00000262                PIT2_DriverIRQHandler
                0x00000262                SDHC_DriverIRQHandler
                0x00000262                I2S0_Tx_DriverIRQHandler
                0x00000262                RTC_Seconds_DriverIRQHandler
                0x00000262                DMA6_DriverIRQHandler
                0x00000262                LLWU_DriverIRQHandler
                0x00000262                MCM_DriverIRQHandler
                0x00000262                MCG_DriverIRQHandler
                0x00000262                ENET_1588_Timer_DriverIRQHandler
                0x00000262                DAC1_DriverIRQHandler
                0x00000262                LPTMR0_DriverIRQHandler
                0x00000262                CMP1_DriverIRQHandler
                0x00000262                FTM0_DriverIRQHandler
                0x00000262                IntDefaultHandler
                0x00000262                USB0_DriverIRQHandler
                0x00000262                UART5_ERR_DriverIRQHandler
                0x00000262                PORTC_DriverIRQHandler
                0x00000262                DMA11_DriverIRQHandler
                0x00000262                DAC0_DriverIRQHandler
                0x00000262                DMA10_DriverIRQHandler
                0x00000262                CMP2_DriverIRQHandler
                0x00000262                UART2_ERR_DriverIRQHandler
                0x00000262                LVD_LVW_DriverIRQHandler
                0x00000262                PIT0_DriverIRQHandler
                0x00000262                DMA12_DriverIRQHandler
                0x00000262                DMA5_DriverIRQHandler
                0x00000262                DMA4_DriverIRQHandler
                0x00000262                USBDCD_DriverIRQHandler
                0x00000262                UART3_ERR_DriverIRQHandler
                0x00000262                DMA3_DriverIRQHandler
                0x00000262                DMA8_DriverIRQHandler
                0x00000262                DMA9_DriverIRQHandler
                0x00000262                UART0_ERR_DriverIRQHandler
                0x00000262                CMT_DriverIRQHandler
                0x00000262                Reserved71_DriverIRQHandler
                0x00000262                ADC1_DriverIRQHandler
                0x00000262                PORTA_DriverIRQHandler
                0x00000262                DMA14_DriverIRQHandler
                0x00000262                PIT3_DriverIRQHandler
                0x00000262                PIT1_DriverIRQHandler
                0x00000262                WDOG_EWM_DriverIRQHandler
                0x00000262                PDB0_DriverIRQHandler
                0x00000262                RTC_DriverIRQHandler
                0x00000262                I2S0_Rx_DriverIRQHandler
                0x00000262                Read_Collision_DriverIRQHandler
                0x00000262                SWI_DriverIRQHandler
                0x00000262                UART4_ERR_DriverIRQHandler
                0x00000262                PORTB_DriverIRQHandler
                0x00000262                UART0_LON_DriverIRQHandler
                0x00000262                DMA0_DriverIRQHandler
                0x00000262                DMA1_DriverIRQHandler
                0x00000262                ENET_Receive_DriverIRQHandler
                0x00000262                DMA13_DriverIRQHandler
                0x00000262                ENET_Error_DriverIRQHandler
                0x00000262                DMA15_DriverIRQHandler
                0x00000262                ADC0_DriverIRQHandler
                0x00000262                CMP0_DriverIRQHandler
                0x00000262                CAN0_DriverIRQHandler
                0x00000262                FTM3_DriverIRQHandler
                0x00000262                RNG_DriverIRQHandler
                0x00000262                UART1_ERR_DriverIRQHandler
                0x00000262                DMA2_DriverIRQHandler
                0x00000262                ENET_Transmit_DriverIRQHandler
                0x00000262                PORTD_DriverIRQHandler
                0x00000262                PORTE_DriverIRQHandler
                0x00000262                FTFE_DriverIRQHandler
                0x00000262                DMA7_DriverIRQHandler
                0x00000400                . = 0x400
 *fill*         0x00000264      0x19c ff
                0x00000400                PROVIDE (__FLASH_CONFIG_START__, .)
 *(SORT_BY_ALIGNMENT(.FlashConfig))
 .FlashConfig   0x00000400       0x10 ./startup/startup_mk64f12.o
                0x00000400                Flash_Config
                0x00000410                PROVIDE (__FLASH_CONFIG_END__, .)
                0x00000001                ASSERT (! ((__FLASH_CONFIG_START__ == __FLASH_CONFIG_END__)), Linker Flash Config Support Enabled, but no .FlashConfig section provided within application)
 *(SORT_BY_ALIGNMENT(.text*))
 .text.DbgConsole_Init
                0x00000410       0x38 ./utilities/fsl_debug_console.o
                0x00000410                DbgConsole_Init
 .text.IO_Init  0x00000448       0x80 ./utilities/fsl_io.o
                0x00000448                IO_Init
 .text.main     0x000004c8       0x30 ./source/Arrays.o
                0x000004c8                main
 .text.CLOCK_SetEr32kClock
                0x000004f8       0x30 ./drivers/fsl_clock.o
 .text.CLOCK_SetPllFllSelClock
                0x00000528       0x3c ./drivers/fsl_clock.o
 .text.CLOCK_GetMcgExtClkFreq
                0x00000564       0x78 ./drivers/fsl_clock.o
 .text.CLOCK_GetFllExtRefClkFreq
                0x000005dc       0xd0 ./drivers/fsl_clock.o
 .text.CLOCK_GetInternalRefClkSelectFreq
                0x000006ac       0x44 ./drivers/fsl_clock.o
 .text.CLOCK_GetFllRefClkFreq
                0x000006f0       0x2c ./drivers/fsl_clock.o
 .text.CLOCK_GetCoreSysClkFreq
                0x0000071c       0x28 ./drivers/fsl_clock.o
                0x0000071c                CLOCK_GetCoreSysClkFreq
 .text.CLOCK_SetSimConfig
                0x00000744       0x38 ./drivers/fsl_clock.o
                0x00000744                CLOCK_SetSimConfig
 .text.CLOCK_GetOutClkFreq
                0x0000077c       0x64 ./drivers/fsl_clock.o
                0x0000077c                CLOCK_GetOutClkFreq
 .text.CLOCK_GetFllFreq
                0x000007e0       0x7c ./drivers/fsl_clock.o
                0x000007e0                CLOCK_GetFllFreq
 .text.CLOCK_GetPll0Freq
                0x0000085c       0x68 ./drivers/fsl_clock.o
                0x0000085c                CLOCK_GetPll0Freq
 .text.CLOCK_SetInternalRefClkConfig
                0x000008c4      0x104 ./drivers/fsl_clock.o
                0x000008c4                CLOCK_SetInternalRefClkConfig
 .text.CLOCK_SetFeiMode
                0x000009c8       0xc0 ./drivers/fsl_clock.o
                0x000009c8                CLOCK_SetFeiMode
 .text.DSPI_CommonIRQHandler
                0x00000a88       0x40 ./drivers/fsl_dspi.o
 .text.SPI0_DriverIRQHandler
                0x00000ac8       0x30 ./drivers/fsl_dspi.o
                0x00000ac8                SPI0_DriverIRQHandler
 .text.SPI1_DriverIRQHandler
                0x00000af8       0x30 ./drivers/fsl_dspi.o
                0x00000af8                SPI1_DriverIRQHandler
 .text.SPI2_DriverIRQHandler
                0x00000b28       0x30 ./drivers/fsl_dspi.o
                0x00000b28                SPI2_DriverIRQHandler
 .text.I2C_TransferCommonIRQHandler
                0x00000b58       0x50 ./drivers/fsl_i2c.o
 .text.I2C0_DriverIRQHandler
                0x00000ba8       0x1c ./drivers/fsl_i2c.o
                0x00000ba8                I2C0_DriverIRQHandler
 .text.I2C1_DriverIRQHandler
                0x00000bc4       0x1c ./drivers/fsl_i2c.o
                0x00000bc4                I2C1_DriverIRQHandler
 .text.I2C2_DriverIRQHandler
                0x00000be0       0x1c ./drivers/fsl_i2c.o
                0x00000be0                I2C2_DriverIRQHandler
 .text.UART_GetInstance
                0x00000bfc       0x54 ./drivers/fsl_uart.o
                0x00000bfc                UART_GetInstance
 .text.UART_Init
                0x00000c50      0x2d8 ./drivers/fsl_uart.o
                0x00000c50                UART_Init
 .text.UART_GetDefaultConfig
                0x00000f28       0x60 ./drivers/fsl_uart.o
                0x00000f28                UART_GetDefaultConfig
 .text.UART0_DriverIRQHandler
                0x00000f88       0x28 ./drivers/fsl_uart.o
                0x00000f88                UART0_DriverIRQHandler
 .text.UART1_DriverIRQHandler
                0x00000fb0       0x28 ./drivers/fsl_uart.o
                0x00000fb0                UART1_DriverIRQHandler
 .text.UART2_DriverIRQHandler
                0x00000fd8       0x28 ./drivers/fsl_uart.o
                0x00000fd8                UART2_DriverIRQHandler
 .text.UART3_DriverIRQHandler
                0x00001000       0x28 ./drivers/fsl_uart.o
                0x00001000                UART3_DriverIRQHandler
 .text.UART4_DriverIRQHandler
                0x00001028       0x28 ./drivers/fsl_uart.o
                0x00001028                UART4_DriverIRQHandler
 .text.UART5_DriverIRQHandler
                0x00001050       0x28 ./drivers/fsl_uart.o
                0x00001050                UART5_DriverIRQHandler
 .text.BOARD_InitDebugConsole
                0x00001078       0x28 ./board/board.o
                0x00001078                BOARD_InitDebugConsole
 .text.CLOCK_SetSimSafeDivs
                0x000010a0       0x20 ./board/clock_config.o
 .text.BOARD_BootClockRUN
                0x000010c0       0x40 ./board/clock_config.o
                0x000010c0                BOARD_BootClockRUN
 .text.PORT_SetPinConfig
                0x00001100       0x38 ./board/pin_mux.o
 .text.BOARD_InitDEBUG_UART
                0x00001138       0x6c ./board/pin_mux.o
                0x00001138                BOARD_InitDEBUG_UART
 .text.SystemInit
                0x000011a4       0x3c ./CMSIS/system_MK64F12.o
                0x000011a4                SystemInit
 .text.__assertion_failed
                0x000011e0       0x4c c:/nxp/mcuxpressoide_10.2.1_795/ide/tools/bin/../lib/gcc/arm-none-eabi/7.2.1/../../../../arm-none-eabi/lib/thumb/v7e-m/fpv4-sp/hard\libcr_semihost_nf.a(_cr_assert.o)
                0x000011e0                __assertion_failed
 .text.__sys_appexit
                0x0000122c        0xc c:/nxp/mcuxpressoide_10.2.1_795/ide/tools/bin/../lib/gcc/arm-none-eabi/7.2.1/../../../../arm-none-eabi/lib/thumb/v7e-m/fpv4-sp/hard\libcr_semihost_nf.a(__sys_appexit.o)
                0x0000122c                __sys_appexit
                0x0000122c                __exit
 .text._Cwritebuf
                0x00001238       0x6c c:/nxp/mcuxpressoide_10.2.1_795/ide/tools/bin/../lib/gcc/arm-none-eabi/7.2.1/../../../../arm-none-eabi/lib/thumb/v7e-m/fpv4-sp/hard\libcr_c.a(_writebuf.o)
                0x00001238                _Cwritebuf
 .text.malloc   0x000012a4       0xc8 c:/nxp/mcuxpressoide_10.2.1_795/ide/tools/bin/../lib/gcc/arm-none-eabi/7.2.1/../../../../arm-none-eabi/lib/thumb/v7e-m/fpv4-sp/hard\libcr_c.a(alloc.o)
                0x000012a4                malloc
 .text._Csys_alloc
                0x0000136c       0x20 c:/nxp/mcuxpressoide_10.2.1_795/ide/tools/bin/../lib/gcc/arm-none-eabi/7.2.1/../../../../arm-none-eabi/lib/thumb/v7e-m/fpv4-sp/hard\libcr_c.a(alloc.o)
                0x0000136c                _Csys_alloc
 .text.fseek    0x0000138c      0x100 c:/nxp/mcuxpressoide_10.2.1_795/ide/tools/bin/../lib/gcc/arm-none-eabi/7.2.1/../../../../arm-none-eabi/lib/thumb/v7e-m/fpv4-sp/hard\libcr_c.a(fseek.o)
                0x0000138c                fseek
 .text.ftell    0x0000148c       0x44 c:/nxp/mcuxpressoide_10.2.1_795/ide/tools/bin/../lib/gcc/arm-none-eabi/7.2.1/../../../../arm-none-eabi/lib/thumb/v7e-m/fpv4-sp/hard\libcr_c.a(ftell.o)
                0x0000148c                ftell
 .text._initio  0x000014d0       0x78 c:/nxp/mcuxpressoide_10.2.1_795/ide/tools/bin/../lib/gcc/arm-none-eabi/7.2.1/../../../../arm-none-eabi/lib/thumb/v7e-m/fpv4-sp/hard\libcr_c.a(initio.o)
                0x000014d0                _initio
 .text.__vfprintf
                0x00001548      0xb98 c:/nxp/mcuxpressoide_10.2.1_795/ide/tools/bin/../lib/gcc/arm-none-eabi/7.2.1/../../../../arm-none-eabi/lib/thumb/v7e-m/fpv4-sp/hard\libcr_c.a(printf.o)
                0x00001548                __vfprintf
 .text._vsnprintf
                0x000020e0       0x5c c:/nxp/mcuxpressoide_10.2.1_795/ide/tools/bin/../lib/gcc/arm-none-eabi/7.2.1/../../../../arm-none-eabi/lib/thumb/v7e-m/fpv4-sp/hard\libcr_c.a(printf.o)
                0x000020e0                _vsnprintf
 .text._printf  0x0000213c       0x54 c:/nxp/mcuxpressoide_10.2.1_795/ide/tools/bin/../lib/gcc/arm-none-eabi/7.2.1/../../../../arm-none-eabi/lib/thumb/v7e-m/fpv4-sp/hard\libcr_c.a(printf.o)
                0x0000213c                _printf
 .text.setvbuf  0x00002190       0x40 c:/nxp/mcuxpressoide_10.2.1_795/ide/tools/bin/../lib/gcc/arm-none-eabi/7.2.1/../../../../arm-none-eabi/lib/thumb/v7e-m/fpv4-sp/hard\libcr_c.a(setvbuf.o)
                0x00002190                setvbuf
 .text._sbrk    0x000021d0       0x3c c:/nxp/mcuxpressoide_10.2.1_795/ide/tools/bin/../lib/gcc/arm-none-eabi/7.2.1/../../../../arm-none-eabi/lib/thumb/v7e-m/fpv4-sp/hard\libcr_c.a(_cr_sbrk.o)
                0x000021d0                _sbrk
 .text.fflush   0x0000220c       0x44 c:/nxp/mcuxpressoide_10.2.1_795/ide/tools/bin/../lib/gcc/arm-none-eabi/7.2.1/../../../../arm-none-eabi/lib/thumb/v7e-m/fpv4-sp/hard\libcr_c.a(fflush.o)
                0x0000220c                fflush
 .text.__check_heap_overflow
                0x00002250       0x18 c:/nxp/mcuxpressoide_10.2.1_795/ide/tools/bin/../lib/gcc/arm-none-eabi/7.2.1/../../../../arm-none-eabi/lib/thumb/v7e-m/fpv4-sp/hard\libcr_c.a(_cr_check_heap.o)
                0x00002250                __check_heap_overflow
 .text.UART_EnableTx
                0x00002268       0x40 ./utilities/fsl_io.o
 .text.UART_EnableRx
                0x000022a8       0x40 ./utilities/fsl_io.o
 .text.LOG_Init
                0x000022e8       0x30 ./utilities/fsl_log.o
                0x000022e8                LOG_Init
 .text.DMA0_IRQHandler
                0x00002318        0x8 ./startup/startup_mk64f12.o
                0x00002318                DMA0_IRQHandler
 .text.DMA1_IRQHandler
                0x00002320        0x8 ./startup/startup_mk64f12.o
                0x00002320                DMA1_IRQHandler
 .text.DMA2_IRQHandler
                0x00002328        0x8 ./startup/startup_mk64f12.o
                0x00002328                DMA2_IRQHandler
 .text.DMA3_IRQHandler
                0x00002330        0x8 ./startup/startup_mk64f12.o
                0x00002330                DMA3_IRQHandler
 .text.DMA4_IRQHandler
                0x00002338        0x8 ./startup/startup_mk64f12.o
                0x00002338                DMA4_IRQHandler
 .text.DMA5_IRQHandler
                0x00002340        0x8 ./startup/startup_mk64f12.o
                0x00002340                DMA5_IRQHandler
 .text.DMA6_IRQHandler
                0x00002348        0x8 ./startup/startup_mk64f12.o
                0x00002348                DMA6_IRQHandler
 .text.DMA7_IRQHandler
                0x00002350        0x8 ./startup/startup_mk64f12.o
                0x00002350                DMA7_IRQHandler
 .text.DMA8_IRQHandler
                0x00002358        0x8 ./startup/startup_mk64f12.o
                0x00002358                DMA8_IRQHandler
 .text.DMA9_IRQHandler
                0x00002360        0x8 ./startup/startup_mk64f12.o
                0x00002360                DMA9_IRQHandler
 .text.DMA10_IRQHandler
                0x00002368        0x8 ./startup/startup_mk64f12.o
                0x00002368                DMA10_IRQHandler
 .text.DMA11_IRQHandler
                0x00002370        0x8 ./startup/startup_mk64f12.o
                0x00002370                DMA11_IRQHandler
 .text.DMA12_IRQHandler
                0x00002378        0x8 ./startup/startup_mk64f12.o
                0x00002378                DMA12_IRQHandler
 .text.DMA13_IRQHandler
                0x00002380        0x8 ./startup/startup_mk64f12.o
                0x00002380                DMA13_IRQHandler
 .text.DMA14_IRQHandler
                0x00002388        0x8 ./startup/startup_mk64f12.o
                0x00002388                DMA14_IRQHandler
 .text.DMA15_IRQHandler
                0x00002390        0x8 ./startup/startup_mk64f12.o
                0x00002390                DMA15_IRQHandler
 .text.DMA_Error_IRQHandler
                0x00002398        0x8 ./startup/startup_mk64f12.o
                0x00002398                DMA_Error_IRQHandler
 .text.MCM_IRQHandler
                0x000023a0        0x8 ./startup/startup_mk64f12.o
                0x000023a0                MCM_IRQHandler
 .text.FTFE_IRQHandler
                0x000023a8        0x8 ./startup/startup_mk64f12.o
                0x000023a8                FTFE_IRQHandler
 .text.Read_Collision_IRQHandler
                0x000023b0        0x8 ./startup/startup_mk64f12.o
                0x000023b0                Read_Collision_IRQHandler
 .text.LVD_LVW_IRQHandler
                0x000023b8        0x8 ./startup/startup_mk64f12.o
                0x000023b8                LVD_LVW_IRQHandler
 .text.LLWU_IRQHandler
                0x000023c0        0x8 ./startup/startup_mk64f12.o
                0x000023c0                LLWU_IRQHandler
 .text.WDOG_EWM_IRQHandler
                0x000023c8        0x8 ./startup/startup_mk64f12.o
                0x000023c8                WDOG_EWM_IRQHandler
 .text.RNG_IRQHandler
                0x000023d0        0x8 ./startup/startup_mk64f12.o
                0x000023d0                RNG_IRQHandler
 .text.I2C0_IRQHandler
                0x000023d8        0x8 ./startup/startup_mk64f12.o
                0x000023d8                I2C0_IRQHandler
 .text.I2C1_IRQHandler
                0x000023e0        0x8 ./startup/startup_mk64f12.o
                0x000023e0                I2C1_IRQHandler
 .text.SPI0_IRQHandler
                0x000023e8        0x8 ./startup/startup_mk64f12.o
                0x000023e8                SPI0_IRQHandler
 .text.SPI1_IRQHandler
                0x000023f0        0x8 ./startup/startup_mk64f12.o
                0x000023f0                SPI1_IRQHandler
 .text.I2S0_Tx_IRQHandler
                0x000023f8        0x8 ./startup/startup_mk64f12.o
                0x000023f8                I2S0_Tx_IRQHandler
 .text.I2S0_Rx_IRQHandler
                0x00002400        0x8 ./startup/startup_mk64f12.o
                0x00002400                I2S0_Rx_IRQHandler
 .text.UART0_LON_IRQHandler
                0x00002408        0x8 ./startup/startup_mk64f12.o
                0x00002408                UART0_LON_IRQHandler
 .text.UART0_RX_TX_IRQHandler
                0x00002410        0x8 ./startup/startup_mk64f12.o
                0x00002410                UART0_RX_TX_IRQHandler
 .text.UART0_ERR_IRQHandler
                0x00002418        0x8 ./startup/startup_mk64f12.o
                0x00002418                UART0_ERR_IRQHandler
 .text.UART1_RX_TX_IRQHandler
                0x00002420        0x8 ./startup/startup_mk64f12.o
                0x00002420                UART1_RX_TX_IRQHandler
 .text.UART1_ERR_IRQHandler
                0x00002428        0x8 ./startup/startup_mk64f12.o
                0x00002428                UART1_ERR_IRQHandler
 .text.UART2_RX_TX_IRQHandler
                0x00002430        0x8 ./startup/startup_mk64f12.o
                0x00002430                UART2_RX_TX_IRQHandler
 .text.UART2_ERR_IRQHandler
                0x00002438        0x8 ./startup/startup_mk64f12.o
                0x00002438                UART2_ERR_IRQHandler
 .text.UART3_RX_TX_IRQHandler
                0x00002440        0x8 ./startup/startup_mk64f12.o
                0x00002440                UART3_RX_TX_IRQHandler
 .text.UART3_ERR_IRQHandler
                0x00002448        0x8 ./startup/startup_mk64f12.o
                0x00002448                UART3_ERR_IRQHandler
 .text.ADC0_IRQHandler
                0x00002450        0x8 ./startup/startup_mk64f12.o
                0x00002450                ADC0_IRQHandler
 .text.CMP0_IRQHandler
                0x00002458        0x8 ./startup/startup_mk64f12.o
                0x00002458                CMP0_IRQHandler
 .text.CMP1_IRQHandler
                0x00002460        0x8 ./startup/startup_mk64f12.o
                0x00002460                CMP1_IRQHandler
 .text.FTM0_IRQHandler
                0x00002468        0x8 ./startup/startup_mk64f12.o
                0x00002468                FTM0_IRQHandler
 .text.FTM1_IRQHandler
                0x00002470        0x8 ./startup/startup_mk64f12.o
                0x00002470                FTM1_IRQHandler
 .text.FTM2_IRQHandler
                0x00002478        0x8 ./startup/startup_mk64f12.o
                0x00002478                FTM2_IRQHandler
 .text.CMT_IRQHandler
                0x00002480        0x8 ./startup/startup_mk64f12.o
                0x00002480                CMT_IRQHandler
 .text.RTC_IRQHandler
                0x00002488        0x8 ./startup/startup_mk64f12.o
                0x00002488                RTC_IRQHandler
 .text.RTC_Seconds_IRQHandler
                0x00002490        0x8 ./startup/startup_mk64f12.o
                0x00002490                RTC_Seconds_IRQHandler
 .text.PIT0_IRQHandler
                0x00002498        0x8 ./startup/startup_mk64f12.o
                0x00002498                PIT0_IRQHandler
 .text.PIT1_IRQHandler
                0x000024a0        0x8 ./startup/startup_mk64f12.o
                0x000024a0                PIT1_IRQHandler
 .text.PIT2_IRQHandler
                0x000024a8        0x8 ./startup/startup_mk64f12.o
                0x000024a8                PIT2_IRQHandler
 .text.PIT3_IRQHandler
                0x000024b0        0x8 ./startup/startup_mk64f12.o
                0x000024b0                PIT3_IRQHandler
 .text.PDB0_IRQHandler
                0x000024b8        0x8 ./startup/startup_mk64f12.o
                0x000024b8                PDB0_IRQHandler
 .text.USB0_IRQHandler
                0x000024c0        0x8 ./startup/startup_mk64f12.o
                0x000024c0                USB0_IRQHandler
 .text.USBDCD_IRQHandler
                0x000024c8        0x8 ./startup/startup_mk64f12.o
                0x000024c8                USBDCD_IRQHandler
 .text.Reserved71_IRQHandler
                0x000024d0        0x8 ./startup/startup_mk64f12.o
                0x000024d0                Reserved71_IRQHandler
 .text.DAC0_IRQHandler
                0x000024d8        0x8 ./startup/startup_mk64f12.o
                0x000024d8                DAC0_IRQHandler
 .text.MCG_IRQHandler
                0x000024e0        0x8 ./startup/startup_mk64f12.o
                0x000024e0                MCG_IRQHandler
 .text.LPTMR0_IRQHandler
                0x000024e8        0x8 ./startup/startup_mk64f12.o
                0x000024e8                LPTMR0_IRQHandler
 .text.PORTA_IRQHandler
                0x000024f0        0x8 ./startup/startup_mk64f12.o
                0x000024f0                PORTA_IRQHandler
 .text.PORTB_IRQHandler
                0x000024f8        0x8 ./startup/startup_mk64f12.o
                0x000024f8                PORTB_IRQHandler
 .text.PORTC_IRQHandler
                0x00002500        0x8 ./startup/startup_mk64f12.o
                0x00002500                PORTC_IRQHandler
 .text.PORTD_IRQHandler
                0x00002508        0x8 ./startup/startup_mk64f12.o
                0x00002508                PORTD_IRQHandler
 .text.PORTE_IRQHandler
                0x00002510        0x8 ./startup/startup_mk64f12.o
                0x00002510                PORTE_IRQHandler
 .text.SWI_IRQHandler
                0x00002518        0x8 ./startup/startup_mk64f12.o
                0x00002518                SWI_IRQHandler
 .text.SPI2_IRQHandler
                0x00002520        0x8 ./startup/startup_mk64f12.o
                0x00002520                SPI2_IRQHandler
 .text.UART4_RX_TX_IRQHandler
                0x00002528        0x8 ./startup/startup_mk64f12.o
                0x00002528                UART4_RX_TX_IRQHandler
 .text.UART4_ERR_IRQHandler
                0x00002530        0x8 ./startup/startup_mk64f12.o
                0x00002530                UART4_ERR_IRQHandler
 .text.UART5_RX_TX_IRQHandler
                0x00002538        0x8 ./startup/startup_mk64f12.o
                0x00002538                UART5_RX_TX_IRQHandler
 .text.UART5_ERR_IRQHandler
                0x00002540        0x8 ./startup/startup_mk64f12.o
                0x00002540                UART5_ERR_IRQHandler
 .text.CMP2_IRQHandler
                0x00002548        0x8 ./startup/startup_mk64f12.o
                0x00002548                CMP2_IRQHandler
 .text.FTM3_IRQHandler
                0x00002550        0x8 ./startup/startup_mk64f12.o
                0x00002550                FTM3_IRQHandler
 .text.DAC1_IRQHandler
                0x00002558        0x8 ./startup/startup_mk64f12.o
                0x00002558                DAC1_IRQHandler
 .text.ADC1_IRQHandler
                0x00002560        0x8 ./startup/startup_mk64f12.o
                0x00002560                ADC1_IRQHandler
 .text.I2C2_IRQHandler
                0x00002568        0x8 ./startup/startup_mk64f12.o
                0x00002568                I2C2_IRQHandler
 .text.CAN0_ORed_Message_buffer_IRQHandler
                0x00002570        0x8 ./startup/startup_mk64f12.o
                0x00002570                CAN0_ORed_Message_buffer_IRQHandler
 .text.CAN0_Bus_Off_IRQHandler
                0x00002578        0x8 ./startup/startup_mk64f12.o
                0x00002578                CAN0_Bus_Off_IRQHandler
 .text.CAN0_Error_IRQHandler
                0x00002580        0x8 ./startup/startup_mk64f12.o
                0x00002580                CAN0_Error_IRQHandler
 .text.CAN0_Tx_Warning_IRQHandler
                0x00002588        0x8 ./startup/startup_mk64f12.o
                0x00002588                CAN0_Tx_Warning_IRQHandler
 .text.CAN0_Rx_Warning_IRQHandler
                0x00002590        0x8 ./startup/startup_mk64f12.o
                0x00002590                CAN0_Rx_Warning_IRQHandler
 .text.CAN0_Wake_Up_IRQHandler
                0x00002598        0x8 ./startup/startup_mk64f12.o
                0x00002598                CAN0_Wake_Up_IRQHandler
 .text.SDHC_IRQHandler
                0x000025a0        0x8 ./startup/startup_mk64f12.o
                0x000025a0                SDHC_IRQHandler
 .text.ENET_1588_Timer_IRQHandler
                0x000025a8        0x8 ./startup/startup_mk64f12.o
                0x000025a8                ENET_1588_Timer_IRQHandler
 .text.ENET_Transmit_IRQHandler
                0x000025b0        0x8 ./startup/startup_mk64f12.o
                0x000025b0                ENET_Transmit_IRQHandler
 .text.ENET_Receive_IRQHandler
                0x000025b8        0x8 ./startup/startup_mk64f12.o
                0x000025b8                ENET_Receive_IRQHandler
 .text.ENET_Error_IRQHandler
                0x000025c0        0x8 ./startup/startup_mk64f12.o
                0x000025c0                ENET_Error_IRQHandler
 .text.HardFault_Handler
                0x000025c8       0x2c ./source/semihost_hardfault.o
                0x000025c8                HardFault_Handler
 .text.CLOCK_GetPll0RefFreq
                0x000025f4        0xe ./drivers/fsl_clock.o
 .text.CLOCK_BootToFeiMode
                0x00002602       0x26 ./drivers/fsl_clock.o
                0x00002602                CLOCK_BootToFeiMode
 .text.DSPI_IsMaster
                0x00002628       0x1c ./drivers/fsl_dspi.o
 .text.CLOCK_EnableClock
                0x00002644       0x34 ./drivers/fsl_uart.o
 .text.UART0_RX_TX_DriverIRQHandler
                0x00002678       0x10 ./drivers/fsl_uart.o
                0x00002678                UART0_RX_TX_DriverIRQHandler
 .text.UART1_RX_TX_DriverIRQHandler
                0x00002688       0x10 ./drivers/fsl_uart.o
                0x00002688                UART1_RX_TX_DriverIRQHandler
 .text.UART2_RX_TX_DriverIRQHandler
                0x00002698       0x10 ./drivers/fsl_uart.o
                0x00002698                UART2_RX_TX_DriverIRQHandler
 .text.UART3_RX_TX_DriverIRQHandler
                0x000026a8       0x10 ./drivers/fsl_uart.o
                0x000026a8                UART3_RX_TX_DriverIRQHandler
 .text.UART4_RX_TX_DriverIRQHandler
                0x000026b8       0x10 ./drivers/fsl_uart.o
                0x000026b8                UART4_RX_TX_DriverIRQHandler
 .text.UART5_RX_TX_DriverIRQHandler
                0x000026c8       0x10 ./drivers/fsl_uart.o
                0x000026c8                UART5_RX_TX_DriverIRQHandler
 .text.CLOCK_CONFIG_FllStableDelay
                0x000026d8       0x26 ./board/clock_config.o
 .text.BOARD_InitBootClocks
                0x000026fe        0xc ./board/clock_config.o
                0x000026fe                BOARD_InitBootClocks
 .text.BOARD_InitPeripherals
                0x0000270a        0xe ./board/peripherals.o
                0x0000270a                BOARD_InitPeripherals
 .text.BOARD_InitBootPeripherals
                0x00002718        0xc ./board/peripherals.o
                0x00002718                BOARD_InitBootPeripherals
 .text.CLOCK_EnableClock
                0x00002724       0x34 ./board/pin_mux.o
 .text.BOARD_InitBootPins
                0x00002758       0x10 ./board/pin_mux.o
                0x00002758                BOARD_InitBootPins
 .text.BOARD_InitPins
                0x00002768        0xe ./board/pin_mux.o
                0x00002768                BOARD_InitPins
 .text.SystemInitHook
                0x00002776        0xe ./CMSIS/system_MK64F12.o
                0x00002776                SystemInitHook
 .text.__main   0x00002784        0xe c:/nxp/mcuxpressoide_10.2.1_795/ide/tools/bin/../lib/gcc/arm-none-eabi/7.2.1/../../../../arm-none-eabi/lib/thumb/v7e-m/fpv4-sp/hard\libcr_semihost_nf.a(_cr__main.o)
                0x00002784                __CR_SEMIHOST
                0x00002784                __main
 .text.memset   0x00002792        0x4 c:/nxp/mcuxpressoide_10.2.1_795/ide/tools/bin/../lib/gcc/arm-none-eabi/7.2.1/../../../../arm-none-eabi/lib/thumb/v7e-m/fpv4-sp/hard\libcr_c.a(memset.o)
                0x00002792                memset
 .text._deferredlazyseek
                0x00002796       0x40 c:/nxp/mcuxpressoide_10.2.1_795/ide/tools/bin/../lib/gcc/arm-none-eabi/7.2.1/../../../../arm-none-eabi/lib/thumb/v7e-m/fpv4-sp/hard\libcr_c.a(_deferredlazyseek.o)
                0x00002796                _deferredlazyseek
 .text.__flsbuf
                0x000027d6      0x140 c:/nxp/mcuxpressoide_10.2.1_795/ide/tools/bin/../lib/gcc/arm-none-eabi/7.2.1/../../../../arm-none-eabi/lib/thumb/v7e-m/fpv4-sp/hard\libcr_c.a(_deferredlazyseek.o)
                0x000027d6                __flsbuf
 .text._fflush  0x00002916       0x52 c:/nxp/mcuxpressoide_10.2.1_795/ide/tools/bin/../lib/gcc/arm-none-eabi/7.2.1/../../../../arm-none-eabi/lib/thumb/v7e-m/fpv4-sp/hard\libcr_c.a(_fflush.o)
                0x00002916                _fflush
 .text.free     0x00002968       0x30 c:/nxp/mcuxpressoide_10.2.1_795/ide/tools/bin/../lib/gcc/arm-none-eabi/7.2.1/../../../../arm-none-eabi/lib/thumb/v7e-m/fpv4-sp/hard\libcr_c.a(alloc.o)
                0x00002968                free
 .text.fputs    0x00002998       0x2c c:/nxp/mcuxpressoide_10.2.1_795/ide/tools/bin/../lib/gcc/arm-none-eabi/7.2.1/../../../../arm-none-eabi/lib/thumb/v7e-m/fpv4-sp/hard\libcr_c.a(fputs.o)
                0x00002998                fputs
 .text.no_fp_display
                0x000029c4        0x4 c:/nxp/mcuxpressoide_10.2.1_795/ide/tools/bin/../lib/gcc/arm-none-eabi/7.2.1/../../../../arm-none-eabi/lib/thumb/v7e-m/fpv4-sp/hard\libcr_c.a(printf.o)
 .text.strlen   0x000029c8       0x4a c:/nxp/mcuxpressoide_10.2.1_795/ide/tools/bin/../lib/gcc/arm-none-eabi/7.2.1/../../../../arm-none-eabi/lib/thumb/v7e-m/fpv4-sp/hard\libcr_c.a(strlen.o)
                0x000029c8                strlen
 .text._fdopen  0x00002a12       0x68 c:/nxp/mcuxpressoide_10.2.1_795/ide/tools/bin/../lib/gcc/arm-none-eabi/7.2.1/../../../../arm-none-eabi/lib/thumb/v7e-m/fpv4-sp/hard\libcr_c.a(_fdopen.o)
                0x00002a12                _fdopen
 .text.fclose   0x00002a7a       0x58 c:/nxp/mcuxpressoide_10.2.1_795/ide/tools/bin/../lib/gcc/arm-none-eabi/7.2.1/../../../../arm-none-eabi/lib/thumb/v7e-m/fpv4-sp/hard\libcr_c.a(fclose.o)
                0x00002a7a                fclose
 .text.remove   0x00002ad2       0x14 c:/nxp/mcuxpressoide_10.2.1_795/ide/tools/bin/../lib/gcc/arm-none-eabi/7.2.1/../../../../arm-none-eabi/lib/thumb/v7e-m/fpv4-sp/hard\libcr_c.a(remove.o)
                0x00002ad2                remove
 .text._do_fflush
                0x00002ae6       0x40 c:/nxp/mcuxpressoide_10.2.1_795/ide/tools/bin/../lib/gcc/arm-none-eabi/7.2.1/../../../../arm-none-eabi/lib/thumb/v7e-m/fpv4-sp/hard\libcr_c.a(_do_fflush.o)
                0x00002ae6                _do_fflush
 .text.__aeabi_memset_lowlevel
                0x00002b26       0x32 c:/nxp/mcuxpressoide_10.2.1_795/ide/tools/bin/../lib/gcc/arm-none-eabi/7.2.1/thumb/v7e-m/fpv4-sp/hard\libcr_eabihelpers.a(memcpy.o)
                0x00002b26                __aeabi_lowlevel_memset
 .text.__sys_close
                0x00002b58        0xc c:/nxp/mcuxpressoide_10.2.1_795/ide/tools/bin/../lib/gcc/arm-none-eabi/7.2.1/../../../../arm-none-eabi/lib/thumb/v7e-m/fpv4-sp/hard\libcr_semihost_nf.a(__sys_close.o)
                0x00002b58                __sys_close
 .text.__sys_flen
                0x00002b64        0xc c:/nxp/mcuxpressoide_10.2.1_795/ide/tools/bin/../lib/gcc/arm-none-eabi/7.2.1/../../../../arm-none-eabi/lib/thumb/v7e-m/fpv4-sp/hard\libcr_semihost_nf.a(__sys_flen.o)
                0x00002b64                __sys_flen
 .text.__sys_istty
                0x00002b70        0xc c:/nxp/mcuxpressoide_10.2.1_795/ide/tools/bin/../lib/gcc/arm-none-eabi/7.2.1/../../../../arm-none-eabi/lib/thumb/v7e-m/fpv4-sp/hard\libcr_semihost_nf.a(__sys_istty.o)
                0x00002b70                __sys_istty
 .text.__sys_remove
                0x00002b7c        0xc c:/nxp/mcuxpressoide_10.2.1_795/ide/tools/bin/../lib/gcc/arm-none-eabi/7.2.1/../../../../arm-none-eabi/lib/thumb/v7e-m/fpv4-sp/hard\libcr_semihost_nf.a(__sys_remove.o)
                0x00002b7c                __sys_remove
 .text.__sys_seek
                0x00002b88        0xc c:/nxp/mcuxpressoide_10.2.1_795/ide/tools/bin/../lib/gcc/arm-none-eabi/7.2.1/../../../../arm-none-eabi/lib/thumb/v7e-m/fpv4-sp/hard\libcr_semihost_nf.a(__sys_seek.o)
                0x00002b88                __sys_seek
 .text.__sys_tmpnam
                0x00002b94        0xc c:/nxp/mcuxpressoide_10.2.1_795/ide/tools/bin/../lib/gcc/arm-none-eabi/7.2.1/../../../../arm-none-eabi/lib/thumb/v7e-m/fpv4-sp/hard\libcr_semihost_nf.a(__sys_tmpnam.o)
                0x00002b94                __sys_tmpnam
 .text.__sys_write
                0x00002ba0        0xc c:/nxp/mcuxpressoide_10.2.1_795/ide/tools/bin/../lib/gcc/arm-none-eabi/7.2.1/../../../../arm-none-eabi/lib/thumb/v7e-m/fpv4-sp/hard\libcr_semihost_nf.a(__sys_write.o)
                0x00002ba0                __sys_write
 *(SORT_BY_ALIGNMENT(.rodata) SORT_BY_ALIGNMENT(.rodata.*) SORT_BY_ALIGNMENT(.constdata) SORT_BY_ALIGNMENT(.constdata.*))
 .rodata        0x00002bac       0x50 ./utilities/fsl_debug_console.o
 .rodata        0x00002bfc       0x27 ./utilities/fsl_io.o
 *fill*         0x00002c23        0x1 ff
 .rodata        0x00002c24        0xd ./source/Arrays.o
 *fill*         0x00002c31        0x3 ff
 .rodata        0x00002c34      0x149 ./drivers/fsl_clock.o
 *fill*         0x00002d7d        0x3 ff
 .rodata.fllFactorTable.7747
                0x00002d80       0x10 ./drivers/fsl_clock.o
 .rodata        0x00002d90      0x509 ./drivers/fsl_dspi.o
 *fill*         0x00003299        0x3 ff
 .rodata.s_uartBases
                0x0000329c       0x18 ./drivers/fsl_uart.o
 .rodata.s_uartClock
                0x000032b4       0x18 ./drivers/fsl_uart.o
 .rodata        0x000032cc      0x513 ./drivers/fsl_uart.o
 *fill*         0x000037df        0x1 ff
 .rodata.simConfig_BOARD_BootClockRUN
                0x000037e0        0x8 ./board/clock_config.o
                0x000037e0                simConfig_BOARD_BootClockRUN
 .rodata        0x000037e8       0x26 ./board/pin_mux.o
 *fill*         0x0000380e        0x2 ff
 .rodata.__num_Ciob_streams
                0x00003810        0x4 c:/nxp/mcuxpressoide_10.2.1_795/ide/tools/bin/../lib/gcc/arm-none-eabi/7.2.1/../../../../arm-none-eabi/lib/thumb/v7e-m/fpv4-sp/hard\libcr_semihost_nf.a(__ciob.o)
                0x00003810                __num_Ciob_streams
 .rodata.__assertion_failed.str1.1
                0x00003814       0x15 c:/nxp/mcuxpressoide_10.2.1_795/ide/tools/bin/../lib/gcc/arm-none-eabi/7.2.1/../../../../arm-none-eabi/lib/thumb/v7e-m/fpv4-sp/hard\libcr_semihost_nf.a(_cr_assert.o)
 .rodata._Csys_alloc.str1.1
                0x00003829       0x18 c:/nxp/mcuxpressoide_10.2.1_795/ide/tools/bin/../lib/gcc/arm-none-eabi/7.2.1/../../../../arm-none-eabi/lib/thumb/v7e-m/fpv4-sp/hard\libcr_c.a(alloc.o)
 .rodata._initio.str1.1
                0x00003841        0x4 c:/nxp/mcuxpressoide_10.2.1_795/ide/tools/bin/../lib/gcc/arm-none-eabi/7.2.1/../../../../arm-none-eabi/lib/thumb/v7e-m/fpv4-sp/hard\libcr_c.a(initio.o)
 .rodata.__vfprintf.str1.1
                0x00003845       0x35 c:/nxp/mcuxpressoide_10.2.1_795/ide/tools/bin/../lib/gcc/arm-none-eabi/7.2.1/../../../../arm-none-eabi/lib/thumb/v7e-m/fpv4-sp/hard\libcr_c.a(printf.o)
                                 0x38 (size before relaxing)
                0x00003880                . = ALIGN (0x8)
 *fill*         0x0000387a        0x6 ff

.glue_7         0x00003880        0x0
 .glue_7        0x00003880        0x0 linker stubs

.glue_7t        0x00003880        0x0
 .glue_7t       0x00003880        0x0 linker stubs

.vfp11_veneer   0x00003880        0x0
 .vfp11_veneer  0x00003880        0x0 linker stubs

.v4_bx          0x00003880        0x0
 .v4_bx         0x00003880        0x0 linker stubs

.iplt           0x00003880        0x0
 .iplt          0x00003880        0x0 ./utilities/fsl_debug_console.o

.rel.dyn        0x00003880        0x0
 .rel.iplt      0x00003880        0x0 ./utilities/fsl_debug_console.o

.ARM.extab
 *(SORT_BY_ALIGNMENT(.ARM.extab*) SORT_BY_ALIGNMENT(.gnu.linkonce.armextab.*))
                0x00003880                __exidx_start = .

.ARM.exidx
 *(SORT_BY_ALIGNMENT(.ARM.exidx*) SORT_BY_ALIGNMENT(.gnu.linkonce.armexidx.*))
                0x00003880                __exidx_end = .
                0x00003880                _etext = .

.m_usb_data
 *(SORT_BY_ALIGNMENT(m_usb_bdt))

.data_RAM2      0x1fff0000        0x0 load address 0x00003880
 FILL mask 0xff
                [!provide]                PROVIDE (__start_data_RAM2, .)
 *(SORT_BY_ALIGNMENT(.ramfunc.$RAM2))
 *(SORT_BY_ALIGNMENT(.ramfunc.$SRAM_LOWER))
 *(SORT_BY_ALIGNMENT(.data.$RAM2*))
 *(SORT_BY_ALIGNMENT(.data.$SRAM_LOWER*))
                0x1fff0000                . = ALIGN (0x8)
                [!provide]                PROVIDE (__end_data_RAM2, .)

.data_RAM3      0x14000000        0x0 load address 0x00003880
 FILL mask 0xff
                [!provide]                PROVIDE (__start_data_RAM3, .)
 *(SORT_BY_ALIGNMENT(.ramfunc.$RAM3))
 *(SORT_BY_ALIGNMENT(.ramfunc.$FLEX_RAM))
 *(SORT_BY_ALIGNMENT(.data.$RAM3*))
 *(SORT_BY_ALIGNMENT(.data.$FLEX_RAM*))
                0x14000000                . = ALIGN (0x8)
                [!provide]                PROVIDE (__end_data_RAM3, .)

.uninit_RESERVED
                0x20000000        0x0
 *(SORT_BY_ALIGNMENT(.bss.$RESERVED*))
                0x20000000                . = ALIGN (0x4)
                0x20000000                _end_uninit_RESERVED = .

.data           0x20000000       0x10 load address 0x00003880
 FILL mask 0xff
                0x20000000                _data = .
 *(SORT_BY_ALIGNMENT(vtable))
 *(SORT_BY_ALIGNMENT(.ramfunc*))
 *(SORT_BY_ALIGNMENT(.data*))
 .data.s_slowIrcFreq
                0x20000000        0x4 ./drivers/fsl_clock.o
 .data.s_fastIrcFreq
                0x20000004        0x4 ./drivers/fsl_clock.o
 .data.SystemCoreClock
                0x20000008        0x4 ./CMSIS/system_MK64F12.o
                0x20000008                SystemCoreClock
                0x20000010                . = ALIGN (0x8)
 *fill*         0x2000000c        0x4 ff
                0x20000010                _edata = .

.igot.plt       0x20000010        0x0 load address 0x00003890
 .igot.plt      0x20000010        0x0 ./utilities/fsl_debug_console.o

.bss_RAM2       0x1fff0000        0x0
                [!provide]                PROVIDE (__start_bss_RAM2, .)
 *(SORT_BY_ALIGNMENT(.bss.$RAM2*))
 *(SORT_BY_ALIGNMENT(.bss.$SRAM_LOWER*))
                0x1fff0000                . = ALIGN ((. != 0x0)?0x8:0x1)
                [!provide]                PROVIDE (__end_bss_RAM2, .)

.bss_RAM3       0x14000000        0x0
                [!provide]                PROVIDE (__start_bss_RAM3, .)
 *(SORT_BY_ALIGNMENT(.bss.$RAM3*))
 *(SORT_BY_ALIGNMENT(.bss.$FLEX_RAM*))
                0x14000000                . = ALIGN ((. != 0x0)?0x8:0x1)
                [!provide]                PROVIDE (__end_bss_RAM3, .)

.bss            0x20000010      0x118
                0x20000010                _bss = .
 *(SORT_BY_ALIGNMENT(.bss*))
 .bss.s_debugConsoleIO
                0x20000010        0x8 ./utilities/fsl_io.o
 .bss.i.8430    0x20000018        0x4 ./source/Arrays.o
 .bss.g_xtal0Freq
                0x2000001c        0x4 ./drivers/fsl_clock.o
                0x2000001c                g_xtal0Freq
 .bss.g_xtal32Freq
                0x20000020        0x4 ./drivers/fsl_clock.o
                0x20000020                g_xtal32Freq
 .bss.g_dspiHandle
                0x20000024        0xc ./drivers/fsl_dspi.o
 .bss.s_dspiMasterIsr
                0x20000030        0x4 ./drivers/fsl_dspi.o
 .bss.s_dspiSlaveIsr
                0x20000034        0x4 ./drivers/fsl_dspi.o
 .bss.s_i2cHandle
                0x20000038        0xc ./drivers/fsl_i2c.o
 .bss.s_i2cMasterIsr
                0x20000044        0x4 ./drivers/fsl_i2c.o
 .bss.s_i2cSlaveIsr
                0x20000048        0x4 ./drivers/fsl_i2c.o
 .bss.s_uartHandle
                0x2000004c       0x18 ./drivers/fsl_uart.o
 .bss.s_uartIsr
                0x20000064        0x4 ./drivers/fsl_uart.o
 .bss.__Ciob    0x20000068       0xb4 c:/nxp/mcuxpressoide_10.2.1_795/ide/tools/bin/../lib/gcc/arm-none-eabi/7.2.1/../../../../arm-none-eabi/lib/thumb/v7e-m/fpv4-sp/hard\libcr_semihost_nf.a(__ciob.o)
                0x20000068                __Ciob
 .bss.__end_of_heap
                0x2000011c        0x4 c:/nxp/mcuxpressoide_10.2.1_795/ide/tools/bin/../lib/gcc/arm-none-eabi/7.2.1/../../../../arm-none-eabi/lib/thumb/v7e-m/fpv4-sp/hard\libcr_c.a(__init_alloc.o)
                0x2000011c                __end_of_heap
 .bss.__heaps   0x20000120        0x4 c:/nxp/mcuxpressoide_10.2.1_795/ide/tools/bin/../lib/gcc/arm-none-eabi/7.2.1/../../../../arm-none-eabi/lib/thumb/v7e-m/fpv4-sp/hard\libcr_c.a(__init_alloc.o)
                0x20000120                __heaps
 .bss.errno     0x20000124        0x4 c:/nxp/mcuxpressoide_10.2.1_795/ide/tools/bin/../lib/gcc/arm-none-eabi/7.2.1/../../../../arm-none-eabi/lib/thumb/v7e-m/fpv4-sp/hard\libcr_c.a(errno.o)
                0x20000124                errno
 *(SORT_BY_ALIGNMENT(COMMON))
                0x20000128                . = ALIGN (0x8)
                0x20000128                _ebss = .
                [!provide]                PROVIDE (end, .)

.noinit_RAM2    0x1fff0000        0x0
 *(SORT_BY_ALIGNMENT(.noinit.$RAM2*))
 *(SORT_BY_ALIGNMENT(.noinit.$SRAM_LOWER*))
                0x1fff0000                . = ALIGN (0x8)

.noinit_RAM3    0x14000000        0x0
 *(SORT_BY_ALIGNMENT(.noinit.$RAM3*))
 *(SORT_BY_ALIGNMENT(.noinit.$FLEX_RAM*))
                0x14000000                . = ALIGN (0x8)

.noinit         0x20000128        0x0
                0x20000128                _noinit = .
 *(SORT_BY_ALIGNMENT(.noinit*))
                0x20000128                . = ALIGN (0x8)
                0x20000128                _end_noinit = .
                0x00001000                _HeapSize = 0x1000

.heap           0x20000128     0x1000
                0x20000128                _pvHeapStart = .
                0x20001128                . = (. + _HeapSize)
 *fill*         0x20000128     0x1000 
                0x20001128                . = ALIGN (0x8)
                0x20001128                _pvHeapLimit = .
                0x00001000                _StackSize = 0x1000

.heap2stackfill
                0x20001128     0x1000
                0x20002128                . = (. + _StackSize)
 *fill*         0x20001128     0x1000 

.stack          0x2002f000        0x0
                0x2002f000                _vStackBase = .
                0x2002f000                . = ALIGN (0x8)
                0x20030000                _vStackTop = (. + _StackSize)
                0x00000000                _image_start = LOADADDR (.text)
                0x00003890                _image_end = (LOADADDR (.data) + SIZEOF (.data))
                0x00003890                _image_size = (_image_end - _image_start)
OUTPUT(Arrays.axf elf32-littlearm)

.debug_info     0x00000000     0xc751
 .debug_info    0x00000000      0x2bd ./utilities/fsl_debug_console.o
 .debug_info    0x000002bd      0x824 ./utilities/fsl_io.o
 .debug_info    0x00000ae1      0x33a ./utilities/fsl_log.o
 .debug_info    0x00000e1b      0x8b0 ./startup/startup_mk64f12.o
 .debug_info    0x000016cb      0x964 ./source/Arrays.o
 .debug_info    0x0000202f       0x3b ./source/semihost_hardfault.o
 .debug_info    0x0000206a     0x1e9f ./drivers/fsl_clock.o
 .debug_info    0x00003f09     0x22cd ./drivers/fsl_dspi.o
 .debug_info    0x000061d6     0x1c33 ./drivers/fsl_i2c.o
 .debug_info    0x00007e09     0x19df ./drivers/fsl_uart.o
 .debug_info    0x000097e8      0x712 ./board/board.o
 .debug_info    0x00009efa      0x980 ./board/clock_config.o
 .debug_info    0x0000a87a      0xc87 ./board/peripherals.o
 .debug_info    0x0000b501      0xc1f ./board/pin_mux.o
 .debug_info    0x0000c120      0x631 ./CMSIS/system_MK64F12.o

.debug_abbrev   0x00000000     0x1da8
 .debug_abbrev  0x00000000      0x107 ./utilities/fsl_debug_console.o
 .debug_abbrev  0x00000107      0x220 ./utilities/fsl_io.o
 .debug_abbrev  0x00000327      0x180 ./utilities/fsl_log.o
 .debug_abbrev  0x000004a7      0x15c ./startup/startup_mk64f12.o
 .debug_abbrev  0x00000603      0x15f ./source/Arrays.o
 .debug_abbrev  0x00000762       0x2f ./source/semihost_hardfault.o
 .debug_abbrev  0x00000791      0x321 ./drivers/fsl_clock.o
 .debug_abbrev  0x00000ab2      0x33e ./drivers/fsl_dspi.o
 .debug_abbrev  0x00000df0      0x34f ./drivers/fsl_i2c.o
 .debug_abbrev  0x0000113f      0x303 ./drivers/fsl_uart.o
 .debug_abbrev  0x00001442      0x15c ./board/board.o
 .debug_abbrev  0x0000159e      0x1f4 ./board/clock_config.o
 .debug_abbrev  0x00001792      0x22f ./board/peripherals.o
 .debug_abbrev  0x000019c1      0x293 ./board/pin_mux.o
 .debug_abbrev  0x00001c54      0x154 ./CMSIS/system_MK64F12.o

.debug_aranges  0x00000000      0xca8
 .debug_aranges
                0x00000000       0x30 ./utilities/fsl_debug_console.o
 .debug_aranges
                0x00000030       0x48 ./utilities/fsl_io.o
 .debug_aranges
                0x00000078       0x58 ./utilities/fsl_log.o
 .debug_aranges
                0x000000d0      0x330 ./startup/startup_mk64f12.o
 .debug_aranges
                0x00000400       0x20 ./source/Arrays.o
 .debug_aranges
                0x00000420       0x20 ./source/semihost_hardfault.o
 .debug_aranges
                0x00000440      0x1e8 ./drivers/fsl_clock.o
 .debug_aranges
                0x00000628      0x1d0 ./drivers/fsl_dspi.o
 .debug_aranges
                0x000007f8      0x180 ./drivers/fsl_i2c.o
 .debug_aranges
                0x00000978      0x170 ./drivers/fsl_uart.o
 .debug_aranges
                0x00000ae8       0x20 ./board/board.o
 .debug_aranges
                0x00000b08       0x50 ./board/clock_config.o
 .debug_aranges
                0x00000b58       0x98 ./board/peripherals.o
 .debug_aranges
                0x00000bf0       0x88 ./board/pin_mux.o
 .debug_aranges
                0x00000c78       0x30 ./CMSIS/system_MK64F12.o

.debug_ranges   0x00000000      0xbb8
 .debug_ranges  0x00000000       0x20 ./utilities/fsl_debug_console.o
 .debug_ranges  0x00000020       0x38 ./utilities/fsl_io.o
 .debug_ranges  0x00000058       0x48 ./utilities/fsl_log.o
 .debug_ranges  0x000000a0      0x320 ./startup/startup_mk64f12.o
 .debug_ranges  0x000003c0       0x10 ./source/Arrays.o
 .debug_ranges  0x000003d0       0x10 ./source/semihost_hardfault.o
 .debug_ranges  0x000003e0      0x1d8 ./drivers/fsl_clock.o
 .debug_ranges  0x000005b8      0x1c0 ./drivers/fsl_dspi.o
 .debug_ranges  0x00000778      0x170 ./drivers/fsl_i2c.o
 .debug_ranges  0x000008e8      0x160 ./drivers/fsl_uart.o
 .debug_ranges  0x00000a48       0x10 ./board/board.o
 .debug_ranges  0x00000a58       0x40 ./board/clock_config.o
 .debug_ranges  0x00000a98       0x88 ./board/peripherals.o
 .debug_ranges  0x00000b20       0x78 ./board/pin_mux.o
 .debug_ranges  0x00000b98       0x20 ./CMSIS/system_MK64F12.o

.debug_macro    0x00000000    0x12e5c
 .debug_macro   0x00000000      0x13a ./utilities/fsl_debug_console.o
 .debug_macro   0x0000013a      0xa90 ./utilities/fsl_debug_console.o
 .debug_macro   0x00000bca       0x10 ./utilities/fsl_debug_console.o
 .debug_macro   0x00000bda       0x16 ./utilities/fsl_debug_console.o
 .debug_macro   0x00000bf0       0x10 ./utilities/fsl_debug_console.o
 .debug_macro   0x00000c00      0x12d ./utilities/fsl_debug_console.o
 .debug_macro   0x00000d2d       0x28 ./utilities/fsl_debug_console.o
 .debug_macro   0x00000d55       0x16 ./utilities/fsl_debug_console.o
 .debug_macro   0x00000d6b       0x22 ./utilities/fsl_debug_console.o
 .debug_macro   0x00000d8d      0x5b2 ./utilities/fsl_debug_console.o
 .debug_macro   0x0000133f       0x10 ./utilities/fsl_debug_console.o
 .debug_macro   0x0000134f       0x5c ./utilities/fsl_debug_console.o
 .debug_macro   0x000013ab       0x1c ./utilities/fsl_debug_console.o
 .debug_macro   0x000013c7       0x22 ./utilities/fsl_debug_console.o
 .debug_macro   0x000013e9       0xdf ./utilities/fsl_debug_console.o
 .debug_macro   0x000014c8      0xecf ./utilities/fsl_debug_console.o
 .debug_macro   0x00002397       0x48 ./utilities/fsl_debug_console.o
 .debug_macro   0x000023df     0xe07b ./utilities/fsl_debug_console.o
 .debug_macro   0x0001045a     0x122b ./utilities/fsl_debug_console.o
 .debug_macro   0x00011685       0x52 ./utilities/fsl_debug_console.o
 .debug_macro   0x000116d7      0x171 ./utilities/fsl_debug_console.o
 .debug_macro   0x00011848       0x74 ./utilities/fsl_debug_console.o
 .debug_macro   0x000118bc       0xd2 ./utilities/fsl_debug_console.o
 .debug_macro   0x0001198e       0x1c ./utilities/fsl_debug_console.o
 .debug_macro   0x000119aa       0x50 ./utilities/fsl_debug_console.o
 .debug_macro   0x000119fa      0x115 ./utilities/fsl_io.o
 .debug_macro   0x00011b0f       0x1c ./utilities/fsl_io.o
 .debug_macro   0x00011b2b       0x22 ./utilities/fsl_io.o
 .debug_macro   0x00011b4d       0x10 ./utilities/fsl_io.o
 .debug_macro   0x00011b5d      0x148 ./utilities/fsl_log.o
 .debug_macro   0x00011ca5       0x29 ./startup/startup_mk64f12.o
 .debug_macro   0x00011cce      0x17b ./source/Arrays.o
 .debug_macro   0x00011e49       0xd8 ./source/Arrays.o
 .debug_macro   0x00011f21       0x10 ./source/Arrays.o
 .debug_macro   0x00011f31       0x10 ./source/Arrays.o
 .debug_macro   0x00011f41      0x1fc ./source/Arrays.o
 .debug_macro   0x0001213d       0x16 ./source/Arrays.o
 .debug_macro   0x00012153       0x1c ./source/Arrays.o
 .debug_macro   0x0001216f       0x64 ./source/Arrays.o
 .debug_macro   0x000121d3      0x1d2 ./source/Arrays.o
 .debug_macro   0x000123a5       0x22 ./source/Arrays.o
 .debug_macro   0x000123c7       0x11 ./source/semihost_hardfault.o
 .debug_macro   0x000123d8      0x1bf ./drivers/fsl_clock.o
 .debug_macro   0x00012597      0x108 ./drivers/fsl_dspi.o
 .debug_macro   0x0001269f       0x3a ./drivers/fsl_dspi.o
 .debug_macro   0x000126d9      0x108 ./drivers/fsl_i2c.o
 .debug_macro   0x000127e1       0x16 ./drivers/fsl_i2c.o
 .debug_macro   0x000127f7      0x10f ./drivers/fsl_uart.o
 .debug_macro   0x00012906      0x13c ./board/board.o
 .debug_macro   0x00012a42      0x146 ./board/clock_config.o
 .debug_macro   0x00012b88      0x12a ./board/peripherals.o
 .debug_macro   0x00012cb2      0x112 ./board/pin_mux.o
 .debug_macro   0x00012dc4       0x98 ./CMSIS/system_MK64F12.o

.debug_line     0x00000000     0x497f
 .debug_line    0x00000000      0x295 ./utilities/fsl_debug_console.o
 .debug_line    0x00000295      0x2dc ./utilities/fsl_io.o
 .debug_line    0x00000571      0x301 ./utilities/fsl_log.o
 .debug_line    0x00000872      0x6d4 ./startup/startup_mk64f12.o
 .debug_line    0x00000f46      0x2a7 ./source/Arrays.o
 .debug_line    0x000011ed       0x54 ./source/semihost_hardfault.o
 .debug_line    0x00001241      0x9e2 ./drivers/fsl_clock.o
 .debug_line    0x00001c23      0xb3f ./drivers/fsl_dspi.o
 .debug_line    0x00002762      0xa0b ./drivers/fsl_i2c.o
 .debug_line    0x0000316d      0x9e3 ./drivers/fsl_uart.o
 .debug_line    0x00003b50      0x24e ./board/board.o
 .debug_line    0x00003d9e      0x2a6 ./board/clock_config.o
 .debug_line    0x00004044      0x372 ./board/peripherals.o
 .debug_line    0x000043b6      0x3b8 ./board/pin_mux.o
 .debug_line    0x0000476e      0x211 ./CMSIS/system_MK64F12.o

.debug_str      0x00000000    0x815a9
 .debug_str     0x00000000    0x791a3 ./utilities/fsl_debug_console.o
                              0x79248 (size before relaxing)
 .debug_str     0x000791a3      0xa43 ./utilities/fsl_io.o
                              0x79811 (size before relaxing)
 .debug_str     0x00079be6      0x1d8 ./utilities/fsl_log.o
                              0x78fd6 (size before relaxing)
 .debug_str     0x00079dbe      0x7ed ./startup/startup_mk64f12.o
                               0x3609 (size before relaxing)
 .debug_str     0x0007a5ab     0x1aba ./source/Arrays.o
                              0x7b10b (size before relaxing)
 .debug_str     0x0007c065       0x1f ./source/semihost_hardfault.o
                               0x2d9a (size before relaxing)
 .debug_str     0x0007c084     0x1a69 ./drivers/fsl_clock.o
                              0x7af22 (size before relaxing)
 .debug_str     0x0007daed     0x18a1 ./drivers/fsl_dspi.o
                              0x7ae07 (size before relaxing)
 .debug_str     0x0007f38e      0xb7f ./drivers/fsl_i2c.o
                              0x7a6ba (size before relaxing)
 .debug_str     0x0007ff0d      0x9b9 ./drivers/fsl_uart.o
                              0x7a812 (size before relaxing)
 .debug_str     0x000808c6       0x37 ./board/board.o
                              0x7a109 (size before relaxing)
 .debug_str     0x000808fd      0x2eb ./board/clock_config.o
                              0x798d7 (size before relaxing)
 .debug_str     0x00080be8      0x161 ./board/peripherals.o
                              0x79fe1 (size before relaxing)
 .debug_str     0x00080d49      0x750 ./board/pin_mux.o
                              0x79d9b (size before relaxing)
 .debug_str     0x00081499      0x110 ./CMSIS/system_MK64F12.o
                              0x77db1 (size before relaxing)

.comment        0x00000000       0x7e
 .comment       0x00000000       0x7e ./utilities/fsl_debug_console.o
                                 0x7f (size before relaxing)
 .comment       0x0000007e       0x7f ./utilities/fsl_io.o
 .comment       0x0000007e       0x7f ./utilities/fsl_log.o
 .comment       0x0000007e       0x7f ./startup/startup_mk64f12.o
 .comment       0x0000007e       0x7f ./source/Arrays.o
 .comment       0x0000007e       0x7f ./source/semihost_hardfault.o
 .comment       0x0000007e       0x7f ./drivers/fsl_clock.o
 .comment       0x0000007e       0x7f ./drivers/fsl_dspi.o
 .comment       0x0000007e       0x7f ./drivers/fsl_i2c.o
 .comment       0x0000007e       0x7f ./drivers/fsl_uart.o
 .comment       0x0000007e       0x7f ./board/board.o
 .comment       0x0000007e       0x7f ./board/clock_config.o
 .comment       0x0000007e       0x7f ./board/peripherals.o
 .comment       0x0000007e       0x7f ./board/pin_mux.o
 .comment       0x0000007e       0x7f ./CMSIS/system_MK64F12.o
 .comment       0x0000007e       0x7f c:/nxp/mcuxpressoide_10.2.1_795/ide/tools/bin/../lib/gcc/arm-none-eabi/7.2.1/../../../../arm-none-eabi/lib/thumb/v7e-m/fpv4-sp/hard\libcr_semihost_nf.a(_cr__main.o)
 .comment       0x0000007e       0x7f c:/nxp/mcuxpressoide_10.2.1_795/ide/tools/bin/../lib/gcc/arm-none-eabi/7.2.1/../../../../arm-none-eabi/lib/thumb/v7e-m/fpv4-sp/hard\libcr_semihost_nf.a(_cr_assert.o)
 .comment       0x0000007e       0x7f c:/nxp/mcuxpressoide_10.2.1_795/ide/tools/bin/../lib/gcc/arm-none-eabi/7.2.1/../../../../arm-none-eabi/lib/thumb/v7e-m/fpv4-sp/hard\libcr_semihost_nf.a(__ciob.o)
 .comment       0x0000007e       0x7f c:/nxp/mcuxpressoide_10.2.1_795/ide/tools/bin/../lib/gcc/arm-none-eabi/7.2.1/../../../../arm-none-eabi/lib/thumb/v7e-m/fpv4-sp/hard\libcr_c.a(memset.o)
 .comment       0x0000007e       0x7f c:/nxp/mcuxpressoide_10.2.1_795/ide/tools/bin/../lib/gcc/arm-none-eabi/7.2.1/../../../../arm-none-eabi/lib/thumb/v7e-m/fpv4-sp/hard\libcr_c.a(_deferredlazyseek.o)
 .comment       0x0000007e       0x7f c:/nxp/mcuxpressoide_10.2.1_795/ide/tools/bin/../lib/gcc/arm-none-eabi/7.2.1/../../../../arm-none-eabi/lib/thumb/v7e-m/fpv4-sp/hard\libcr_c.a(_fflush.o)
 .comment       0x0000007e       0x7f c:/nxp/mcuxpressoide_10.2.1_795/ide/tools/bin/../lib/gcc/arm-none-eabi/7.2.1/../../../../arm-none-eabi/lib/thumb/v7e-m/fpv4-sp/hard\libcr_c.a(_writebuf.o)
 .comment       0x0000007e       0x7f c:/nxp/mcuxpressoide_10.2.1_795/ide/tools/bin/../lib/gcc/arm-none-eabi/7.2.1/../../../../arm-none-eabi/lib/thumb/v7e-m/fpv4-sp/hard\libcr_c.a(alloc.o)
 .comment       0x0000007e       0x7f c:/nxp/mcuxpressoide_10.2.1_795/ide/tools/bin/../lib/gcc/arm-none-eabi/7.2.1/../../../../arm-none-eabi/lib/thumb/v7e-m/fpv4-sp/hard\libcr_c.a(fputs.o)
 .comment       0x0000007e       0x7f c:/nxp/mcuxpressoide_10.2.1_795/ide/tools/bin/../lib/gcc/arm-none-eabi/7.2.1/../../../../arm-none-eabi/lib/thumb/v7e-m/fpv4-sp/hard\libcr_c.a(fseek.o)
 .comment       0x0000007e       0x7f c:/nxp/mcuxpressoide_10.2.1_795/ide/tools/bin/../lib/gcc/arm-none-eabi/7.2.1/../../../../arm-none-eabi/lib/thumb/v7e-m/fpv4-sp/hard\libcr_c.a(ftell.o)
 .comment       0x0000007e       0x7f c:/nxp/mcuxpressoide_10.2.1_795/ide/tools/bin/../lib/gcc/arm-none-eabi/7.2.1/../../../../arm-none-eabi/lib/thumb/v7e-m/fpv4-sp/hard\libcr_c.a(initio.o)
 .comment       0x0000007e       0x7f c:/nxp/mcuxpressoide_10.2.1_795/ide/tools/bin/../lib/gcc/arm-none-eabi/7.2.1/../../../../arm-none-eabi/lib/thumb/v7e-m/fpv4-sp/hard\libcr_c.a(printf.o)
 .comment       0x0000007e       0x7f c:/nxp/mcuxpressoide_10.2.1_795/ide/tools/bin/../lib/gcc/arm-none-eabi/7.2.1/../../../../arm-none-eabi/lib/thumb/v7e-m/fpv4-sp/hard\libcr_c.a(setvbuf.o)
 .comment       0x0000007e       0x7f c:/nxp/mcuxpressoide_10.2.1_795/ide/tools/bin/../lib/gcc/arm-none-eabi/7.2.1/../../../../arm-none-eabi/lib/thumb/v7e-m/fpv4-sp/hard\libcr_c.a(strlen.o)
 .comment       0x0000007e       0x7f c:/nxp/mcuxpressoide_10.2.1_795/ide/tools/bin/../lib/gcc/arm-none-eabi/7.2.1/../../../../arm-none-eabi/lib/thumb/v7e-m/fpv4-sp/hard\libcr_c.a(__init_alloc.o)
 .comment       0x0000007e       0x7f c:/nxp/mcuxpressoide_10.2.1_795/ide/tools/bin/../lib/gcc/arm-none-eabi/7.2.1/../../../../arm-none-eabi/lib/thumb/v7e-m/fpv4-sp/hard\libcr_c.a(_cr_sbrk.o)
 .comment       0x0000007e       0x7f c:/nxp/mcuxpressoide_10.2.1_795/ide/tools/bin/../lib/gcc/arm-none-eabi/7.2.1/../../../../arm-none-eabi/lib/thumb/v7e-m/fpv4-sp/hard\libcr_c.a(_fdopen.o)
 .comment       0x0000007e       0x7f c:/nxp/mcuxpressoide_10.2.1_795/ide/tools/bin/../lib/gcc/arm-none-eabi/7.2.1/../../../../arm-none-eabi/lib/thumb/v7e-m/fpv4-sp/hard\libcr_c.a(errno.o)
 .comment       0x0000007e       0x7f c:/nxp/mcuxpressoide_10.2.1_795/ide/tools/bin/../lib/gcc/arm-none-eabi/7.2.1/../../../../arm-none-eabi/lib/thumb/v7e-m/fpv4-sp/hard\libcr_c.a(fclose.o)
 .comment       0x0000007e       0x7f c:/nxp/mcuxpressoide_10.2.1_795/ide/tools/bin/../lib/gcc/arm-none-eabi/7.2.1/../../../../arm-none-eabi/lib/thumb/v7e-m/fpv4-sp/hard\libcr_c.a(fflush.o)
 .comment       0x0000007e       0x7f c:/nxp/mcuxpressoide_10.2.1_795/ide/tools/bin/../lib/gcc/arm-none-eabi/7.2.1/../../../../arm-none-eabi/lib/thumb/v7e-m/fpv4-sp/hard\libcr_c.a(remove.o)
 .comment       0x0000007e       0x7f c:/nxp/mcuxpressoide_10.2.1_795/ide/tools/bin/../lib/gcc/arm-none-eabi/7.2.1/../../../../arm-none-eabi/lib/thumb/v7e-m/fpv4-sp/hard\libcr_c.a(_cr_check_heap.o)
 .comment       0x0000007e       0x7f c:/nxp/mcuxpressoide_10.2.1_795/ide/tools/bin/../lib/gcc/arm-none-eabi/7.2.1/../../../../arm-none-eabi/lib/thumb/v7e-m/fpv4-sp/hard\libcr_c.a(_do_fflush.o)

.ARM.attributes
                0x00000000       0x37
 .ARM.attributes
                0x00000000       0x39 ./utilities/fsl_debug_console.o
 .ARM.attributes
                0x00000039       0x39 ./utilities/fsl_io.o
 .ARM.attributes
                0x00000072       0x39 ./utilities/fsl_log.o
 .ARM.attributes
                0x000000ab       0x39 ./startup/startup_mk64f12.o
 .ARM.attributes
                0x000000e4       0x39 ./source/Arrays.o
 .ARM.attributes
                0x0000011d       0x39 ./source/semihost_hardfault.o
 .ARM.attributes
                0x00000156       0x39 ./drivers/fsl_clock.o
 .ARM.attributes
                0x0000018f       0x39 ./drivers/fsl_dspi.o
 .ARM.attributes
                0x000001c8       0x39 ./drivers/fsl_i2c.o
 .ARM.attributes
                0x00000201       0x39 ./drivers/fsl_uart.o
 .ARM.attributes
                0x0000023a       0x39 ./board/board.o
 .ARM.attributes
                0x00000273       0x39 ./board/clock_config.o
 .ARM.attributes
                0x000002ac       0x39 ./board/peripherals.o
 .ARM.attributes
                0x000002e5       0x39 ./board/pin_mux.o
 .ARM.attributes
                0x0000031e       0x39 ./CMSIS/system_MK64F12.o
 .ARM.attributes
                0x00000357       0x39 c:/nxp/mcuxpressoide_10.2.1_795/ide/tools/bin/../lib/gcc/arm-none-eabi/7.2.1/../../../../arm-none-eabi/lib/thumb/v7e-m/fpv4-sp/hard\libcr_semihost_nf.a(_cr__main.o)
 .ARM.attributes
                0x00000390       0x39 c:/nxp/mcuxpressoide_10.2.1_795/ide/tools/bin/../lib/gcc/arm-none-eabi/7.2.1/../../../../arm-none-eabi/lib/thumb/v7e-m/fpv4-sp/hard\libcr_semihost_nf.a(_cr_assert.o)
 .ARM.attributes
                0x000003c9       0x39 c:/nxp/mcuxpressoide_10.2.1_795/ide/tools/bin/../lib/gcc/arm-none-eabi/7.2.1/../../../../arm-none-eabi/lib/thumb/v7e-m/fpv4-sp/hard\libcr_semihost_nf.a(__ciob.o)
 .ARM.attributes
                0x00000402       0x25 c:/nxp/mcuxpressoide_10.2.1_795/ide/tools/bin/../lib/gcc/arm-none-eabi/7.2.1/../../../../arm-none-eabi/lib/thumb/v7e-m/fpv4-sp/hard\libcr_semihost_nf.a(__sys_appexit.o)
 .ARM.attributes
                0x00000427       0x39 c:/nxp/mcuxpressoide_10.2.1_795/ide/tools/bin/../lib/gcc/arm-none-eabi/7.2.1/../../../../arm-none-eabi/lib/thumb/v7e-m/fpv4-sp/hard\libcr_c.a(memset.o)
 .ARM.attributes
                0x00000460       0x39 c:/nxp/mcuxpressoide_10.2.1_795/ide/tools/bin/../lib/gcc/arm-none-eabi/7.2.1/../../../../arm-none-eabi/lib/thumb/v7e-m/fpv4-sp/hard\libcr_c.a(_deferredlazyseek.o)
 .ARM.attributes
                0x00000499       0x39 c:/nxp/mcuxpressoide_10.2.1_795/ide/tools/bin/../lib/gcc/arm-none-eabi/7.2.1/../../../../arm-none-eabi/lib/thumb/v7e-m/fpv4-sp/hard\libcr_c.a(_fflush.o)
 .ARM.attributes
                0x000004d2       0x39 c:/nxp/mcuxpressoide_10.2.1_795/ide/tools/bin/../lib/gcc/arm-none-eabi/7.2.1/../../../../arm-none-eabi/lib/thumb/v7e-m/fpv4-sp/hard\libcr_c.a(_writebuf.o)
 .ARM.attributes
                0x0000050b       0x39 c:/nxp/mcuxpressoide_10.2.1_795/ide/tools/bin/../lib/gcc/arm-none-eabi/7.2.1/../../../../arm-none-eabi/lib/thumb/v7e-m/fpv4-sp/hard\libcr_c.a(alloc.o)
 .ARM.attributes
                0x00000544       0x39 c:/nxp/mcuxpressoide_10.2.1_795/ide/tools/bin/../lib/gcc/arm-none-eabi/7.2.1/../../../../arm-none-eabi/lib/thumb/v7e-m/fpv4-sp/hard\libcr_c.a(fputs.o)
 .ARM.attributes
                0x0000057d       0x39 c:/nxp/mcuxpressoide_10.2.1_795/ide/tools/bin/../lib/gcc/arm-none-eabi/7.2.1/../../../../arm-none-eabi/lib/thumb/v7e-m/fpv4-sp/hard\libcr_c.a(fseek.o)
 .ARM.attributes
                0x000005b6       0x39 c:/nxp/mcuxpressoide_10.2.1_795/ide/tools/bin/../lib/gcc/arm-none-eabi/7.2.1/../../../../arm-none-eabi/lib/thumb/v7e-m/fpv4-sp/hard\libcr_c.a(ftell.o)
 .ARM.attributes
                0x000005ef       0x39 c:/nxp/mcuxpressoide_10.2.1_795/ide/tools/bin/../lib/gcc/arm-none-eabi/7.2.1/../../../../arm-none-eabi/lib/thumb/v7e-m/fpv4-sp/hard\libcr_c.a(initio.o)
 .ARM.attributes
                0x00000628       0x39 c:/nxp/mcuxpressoide_10.2.1_795/ide/tools/bin/../lib/gcc/arm-none-eabi/7.2.1/../../../../arm-none-eabi/lib/thumb/v7e-m/fpv4-sp/hard\libcr_c.a(printf.o)
 .ARM.attributes
                0x00000661       0x39 c:/nxp/mcuxpressoide_10.2.1_795/ide/tools/bin/../lib/gcc/arm-none-eabi/7.2.1/../../../../arm-none-eabi/lib/thumb/v7e-m/fpv4-sp/hard\libcr_c.a(setvbuf.o)
 .ARM.attributes
                0x0000069a       0x39 c:/nxp/mcuxpressoide_10.2.1_795/ide/tools/bin/../lib/gcc/arm-none-eabi/7.2.1/../../../../arm-none-eabi/lib/thumb/v7e-m/fpv4-sp/hard\libcr_c.a(strlen.o)
 .ARM.attributes
                0x000006d3       0x39 c:/nxp/mcuxpressoide_10.2.1_795/ide/tools/bin/../lib/gcc/arm-none-eabi/7.2.1/../../../../arm-none-eabi/lib/thumb/v7e-m/fpv4-sp/hard\libcr_c.a(__init_alloc.o)
 .ARM.attributes
                0x0000070c       0x39 c:/nxp/mcuxpressoide_10.2.1_795/ide/tools/bin/../lib/gcc/arm-none-eabi/7.2.1/../../../../arm-none-eabi/lib/thumb/v7e-m/fpv4-sp/hard\libcr_c.a(_cr_sbrk.o)
 .ARM.attributes
                0x00000745       0x39 c:/nxp/mcuxpressoide_10.2.1_795/ide/tools/bin/../lib/gcc/arm-none-eabi/7.2.1/../../../../arm-none-eabi/lib/thumb/v7e-m/fpv4-sp/hard\libcr_c.a(_fdopen.o)
 .ARM.attributes
                0x0000077e       0x39 c:/nxp/mcuxpressoide_10.2.1_795/ide/tools/bin/../lib/gcc/arm-none-eabi/7.2.1/../../../../arm-none-eabi/lib/thumb/v7e-m/fpv4-sp/hard\libcr_c.a(errno.o)
 .ARM.attributes
                0x000007b7       0x39 c:/nxp/mcuxpressoide_10.2.1_795/ide/tools/bin/../lib/gcc/arm-none-eabi/7.2.1/../../../../arm-none-eabi/lib/thumb/v7e-m/fpv4-sp/hard\libcr_c.a(fclose.o)
 .ARM.attributes
                0x000007f0       0x39 c:/nxp/mcuxpressoide_10.2.1_795/ide/tools/bin/../lib/gcc/arm-none-eabi/7.2.1/../../../../arm-none-eabi/lib/thumb/v7e-m/fpv4-sp/hard\libcr_c.a(fflush.o)
 .ARM.attributes
                0x00000829       0x39 c:/nxp/mcuxpressoide_10.2.1_795/ide/tools/bin/../lib/gcc/arm-none-eabi/7.2.1/../../../../arm-none-eabi/lib/thumb/v7e-m/fpv4-sp/hard\libcr_c.a(remove.o)
 .ARM.attributes
                0x00000862       0x39 c:/nxp/mcuxpressoide_10.2.1_795/ide/tools/bin/../lib/gcc/arm-none-eabi/7.2.1/../../../../arm-none-eabi/lib/thumb/v7e-m/fpv4-sp/hard\libcr_c.a(_cr_check_heap.o)
 .ARM.attributes
                0x0000089b       0x39 c:/nxp/mcuxpressoide_10.2.1_795/ide/tools/bin/../lib/gcc/arm-none-eabi/7.2.1/../../../../arm-none-eabi/lib/thumb/v7e-m/fpv4-sp/hard\libcr_c.a(_do_fflush.o)
 .ARM.attributes
                0x000008d4       0x25 c:/nxp/mcuxpressoide_10.2.1_795/ide/tools/bin/../lib/gcc/arm-none-eabi/7.2.1/thumb/v7e-m/fpv4-sp/hard\libcr_eabihelpers.a(memcpy.o)
 .ARM.attributes
                0x000008f9       0x25 c:/nxp/mcuxpressoide_10.2.1_795/ide/tools/bin/../lib/gcc/arm-none-eabi/7.2.1/../../../../arm-none-eabi/lib/thumb/v7e-m/fpv4-sp/hard\libcr_semihost_nf.a(__sys_close.o)
 .ARM.attributes
                0x0000091e       0x25 c:/nxp/mcuxpressoide_10.2.1_795/ide/tools/bin/../lib/gcc/arm-none-eabi/7.2.1/../../../../arm-none-eabi/lib/thumb/v7e-m/fpv4-sp/hard\libcr_semihost_nf.a(__sys_flen.o)
 .ARM.attributes
                0x00000943       0x25 c:/nxp/mcuxpressoide_10.2.1_795/ide/tools/bin/../lib/gcc/arm-none-eabi/7.2.1/../../../../arm-none-eabi/lib/thumb/v7e-m/fpv4-sp/hard\libcr_semihost_nf.a(__sys_istty.o)
 .ARM.attributes
                0x00000968       0x25 c:/nxp/mcuxpressoide_10.2.1_795/ide/tools/bin/../lib/gcc/arm-none-eabi/7.2.1/../../../../arm-none-eabi/lib/thumb/v7e-m/fpv4-sp/hard\libcr_semihost_nf.a(__sys_remove.o)
 .ARM.attributes
                0x0000098d       0x25 c:/nxp/mcuxpressoide_10.2.1_795/ide/tools/bin/../lib/gcc/arm-none-eabi/7.2.1/../../../../arm-none-eabi/lib/thumb/v7e-m/fpv4-sp/hard\libcr_semihost_nf.a(__sys_seek.o)
 .ARM.attributes
                0x000009b2       0x25 c:/nxp/mcuxpressoide_10.2.1_795/ide/tools/bin/../lib/gcc/arm-none-eabi/7.2.1/../../../../arm-none-eabi/lib/thumb/v7e-m/fpv4-sp/hard\libcr_semihost_nf.a(__sys_tmpnam.o)
 .ARM.attributes
                0x000009d7       0x25 c:/nxp/mcuxpressoide_10.2.1_795/ide/tools/bin/../lib/gcc/arm-none-eabi/7.2.1/../../../../arm-none-eabi/lib/thumb/v7e-m/fpv4-sp/hard\libcr_semihost_nf.a(__sys_write.o)

.debug_frame    0x00000000     0x2e00
 .debug_frame   0x00000000       0x6c ./utilities/fsl_debug_console.o
 .debug_frame   0x0000006c       0xe0 ./utilities/fsl_io.o
 .debug_frame   0x0000014c      0x120 ./utilities/fsl_log.o
 .debug_frame   0x0000026c      0x904 ./startup/startup_mk64f12.o
 .debug_frame   0x00000b70       0x2c ./source/Arrays.o
 .debug_frame   0x00000b9c       0x20 ./source/semihost_hardfault.o
 .debug_frame   0x00000bbc      0x820 ./drivers/fsl_clock.o
 .debug_frame   0x000013dc      0x810 ./drivers/fsl_dspi.o
 .debug_frame   0x00001bec      0x694 ./drivers/fsl_i2c.o
 .debug_frame   0x00002280      0x5ec ./drivers/fsl_uart.o
 .debug_frame   0x0000286c       0x34 ./board/board.o
 .debug_frame   0x000028a0       0xfc ./board/clock_config.o
 .debug_frame   0x0000299c      0x1f4 ./board/peripherals.o
 .debug_frame   0x00002b90      0x1fc ./board/pin_mux.o
 .debug_frame   0x00002d8c       0x74 ./CMSIS/system_MK64F12.o
